12-16 04:42:22.575  1283  2866 D InputDispatcher: Focus left window (0): 4932009 com.photon.messenger/com.photon.messenger.PhotonActivity
12-16 04:42:22.578 16629 16629 I ViewRootImpl@779cba6[PhotonActivity]: handleAppVisibility mAppVisible = true visible = false
12-16 04:42:22.578 16629 16629 I ViewRootImpl@779cba6[PhotonActivity]: MSG_WINDOW_FOCUS_CHANGED 0 0
12-16 04:42:22.581  1091  1091 I SurfaceFlinger: [4932009 com.photon.messenger/com.photon.messenger.PhotonActivity#6043] FrameRatePriority: -1
12-16 04:42:22.581 16629 16629 I SurfaceView@6071c35: onWindowVisibilityChanged(8) false com.photon.messenger.PhotonSurfaceView{6071c35 VFE...... .F...... 0,0-1080,1286 aid=1073741824} of ViewRootImpl@779cba6[PhotonActivity]
12-16 04:42:22.581 16629 16629 I SurfaceView@6071c35: applyTransactionOnVriDraw: vri = ViewRootImpl@779cba6[PhotonActivity] fRS = false t = 0xb4000071fe145600 android.view.SurfaceView.performSurfaceTransaction:959 android.view.SurfaceView.updateSurface:1105 android.view.SurfaceView.onWindowVisibilityChanged:371 
12-16 04:42:22.582 16629 16629 I ViewRootImpl@779cba6[PhotonActivity]: applyTransactionOnDraw: mRemoved = false isHardwareEnabled = true t = 0xb4000071fe145600android.view.SurfaceView.applyTransactionOnVriDraw:2048 android.view.SurfaceView.performSurfaceTransaction:959 android.view.SurfaceView.updateSurface:1105 android.view.SurfaceView.onWindowVisibilityChanged:371 android.view.View.dispatchWindowVisibilityChanged:15943 
12-16 04:42:22.582 16629 16629 I SurfaceView@6071c35: surfaceDestroyed callback.size 1 #2 com.photon.messenger.PhotonSurfaceView{6071c35 VFE...... .F...... 0,0-1080,1286 aid=1073741824}
12-16 04:42:22.582 16629 16629 E BufferQueueProducer: [SurfaceView[com.photon.messenger/com.photon.messenger.PhotonActivity]@0#1(BLAST Consumer)1](id:40f500000001,api:0,p:-1,c:16629) disconnect: not connected (req=2)
12-16 04:42:22.583 16629 16629 I SurfaceView@6071c35: releaseSurfaces: viewRoot = ViewRootImpl@779cba6[PhotonActivity]
12-16 04:42:22.583 16629 16629 I SurfaceView@6071c35: applyTransactionOnVriDraw: vri = ViewRootImpl@779cba6[PhotonActivity] fRS = true t = 0xb400007279377700 android.view.SurfaceView.releaseSurfaces:858 android.view.SurfaceView.updateSurface:1172 android.view.SurfaceView.onWindowVisibilityChanged:371 
12-16 04:42:22.583 16629 16629 I ViewRootImpl@779cba6[PhotonActivity]: from releaseSurfaces t.apply t = 0xb400007279377700
12-16 04:42:22.584 16629 16629 I ViewRootImpl@779cba6[PhotonActivity]: performTraversals mFirst=false windowShouldResize=false viewVisibilityChanged=true mForceNextWindowRelayout=false params=null
12-16 04:42:22.584  1283  4353 V WindowManager: Relayout Window{4932009 u0 com.photon.messenger/com.photon.messenger.PhotonActivity}: viewVisibility=8 req=1080x2400 d0
12-16 04:42:22.588  1091  1164 I SurfaceFlinger: id=6045 Removed Bounds for - com.photon.messenger/com.photon.messenger.PhotonActivity@0#6045 (141)
12-16 04:42:22.590  1091  1091 I Layer   : id=6047 removedFromDrawingState SurfaceView[com.photon.messenger/com.photon.messenger.PhotonActivity]@0(BLAST)#6047 (141)
12-16 04:42:22.590 16629 16629 I ViewRootImpl@779cba6[PhotonActivity]: Relayout returned: old=(0,0,1080,2400) new=(0,0,1080,2400) req=(1080,2400)8 dur=3 res=0x2 s={false 0x0} ch=true seqId=0
12-16 04:42:22.590  1091  1091 I Layer   : id=6048 removedFromDrawingState Background for SurfaceView[com.photon.messenger/com.photon.messenger.PhotonActivity]@0#6048 (141)
12-16 04:42:22.590 16629 16629 I SurfaceView@6071c35: windowStopped(true) false com.photon.messenger.PhotonSurfaceView{6071c35 VFE...... .F...... 0,0-1080,1286 aid=1073741824} of ViewRootImpl@779cba6[PhotonActivity]
12-16 04:42:22.590 16629 16629 I SurfaceView@6071c35: releaseSurfaces: viewRoot = ViewRootImpl@779cba6[PhotonActivity]
12-16 04:42:22.590  1091  1091 I Layer   : id=6046 removedFromDrawingState SurfaceView[com.photon.messenger/com.photon.messenger.PhotonActivity]@0#6046 (141)
12-16 04:42:22.590 16629 16629 I SurfaceView@6071c35: applyTransactionOnVriDraw: vri = ViewRootImpl@779cba6[PhotonActivity] fRS = true t = 0xb40000721adc0000 android.view.SurfaceView.releaseSurfaces:858 android.view.SurfaceView.updateSurface:998 android.view.SurfaceView.setWindowStopped:335 
12-16 04:42:22.590 16629 16629 I ViewRootImpl@779cba6[PhotonActivity]: from releaseSurfaces t.apply t = 0xb40000721adc0000
12-16 04:42:22.590 16629 16629 I SurfaceView@6071c35: releaseSurfaces: viewRoot = ViewRootImpl@779cba6[PhotonActivity]
12-16 04:42:22.590 16629 16629 I SurfaceView@6071c35: applyTransactionOnVriDraw: vri = ViewRootImpl@779cba6[PhotonActivity] fRS = true t = 0xb400007279377d00 android.view.SurfaceView.releaseSurfaces:858 android.view.SurfaceView.updateSurface:998 android.view.SurfaceView.lambda$new$0$android-view-SurfaceView:200 
12-16 04:42:22.590 16629 16629 I ViewRootImpl@779cba6[PhotonActivity]: from releaseSurfaces t.apply t = 0xb400007279377d00
12-16 04:42:22.590  1091  1091 I SurfaceFlinger: id=6047 Removed SurfaceView[com.photon.messenger/com.photon.messenger.PhotonActivity]@0(BLAST)#6047 (141)
12-16 04:42:22.591 16629 16629 I ViewRootImpl@779cba6[PhotonActivity]: stopped(true) old = false
12-16 04:42:22.591 16629 16629 I ViewRootImpl@779cba6[PhotonActivity]: WindowStopped on com.photon.messenger/com.photon.messenger.PhotonActivity set to true
12-16 04:42:22.591  1091  1091 I Layer   : id=6047 Destroyed SurfaceView[com.photon.messenger/com.photon.messenger.PhotonActivity]@0(BLAST)#6047
12-16 04:42:22.592 16629 16629 I MSHandlerLifeCycle: removeMultiSplitHandler: no exist. decor=DecorView@31a46b1[PhotonActivity]
12-16 04:42:22.599 16629 16629 I SurfaceView@6071c35: releaseSurfaces: viewRoot = ViewRootImpl@779cba6[PhotonActivity]
12-16 04:42:22.599 16629 16629 I SurfaceView@6071c35: applyTransactionOnVriDraw: vri = ViewRootImpl@779cba6[PhotonActivity] fRS = true t = 0xb400007279377c00 android.view.SurfaceView.releaseSurfaces:858 android.view.SurfaceView.updateSurface:998 android.view.SurfaceView.lambda$new$0$android-view-SurfaceView:200 
12-16 04:42:22.599 16629 16629 I ViewRootImpl@779cba6[PhotonActivity]: from releaseSurfaces t.apply t = 0xb400007279377c00
12-16 04:42:22.602  1283  2866 E WindowManager: win=Window{4932009 u0 com.photon.messenger/com.photon.messenger.PhotonActivity} destroySurfaces: appStopped=true cleanupOnResume=false win.mWindowRemovalAllowed=false win.mRemoveOnExit=false win.mViewVisibility=8 caller=com.android.server.wm.ActivityRecord.destroySurfaces:6539 com.android.server.wm.ActivityRecord.destroySurfaces:6520 com.android.server.wm.ActivityRecord.notifyAppStopped:6584 com.android.server.wm.ActivityRecord.activityStopped:7172 com.android.server.wm.ActivityClientController.activityStopped:258 android.app.IActivityClientController$Stub.onTransact:613 com.android.server.wm.ActivityClientController.onTransact:136 
12-16 04:42:22.602  1283  2866 I WindowManager: Destroying surface Surface(name=com.photon.messenger/com.photon.messenger.PhotonActivity$_16629)/@0x594fc2e called by com.android.server.wm.WindowStateAnimator.destroySurface:942 com.android.server.wm.WindowStateAnimator.destroySurfaceLocked:536 com.android.server.wm.WindowState.destroySurfaceUnchecked:4306 com.android.server.wm.WindowState.destroySurface:4280 com.android.server.wm.ActivityRecord.destroySurfaces:6539 com.android.server.wm.ActivityRecord.destroySurfaces:6520 com.android.server.wm.ActivityRecord.notifyAppStopped:6584 com.android.server.wm.ActivityRecord.activityStopped:7172 
12-16 04:42:22.603  1283  2866 D ActivityTaskManager: mStartingWindow and mStartingData is null for token=ActivityRecord{7d8b397 u0 com.photon.messenger/.PhotonActivity} t364}
12-16 04:42:22.768  1091  1091 I Layer   : id=6044 removedFromDrawingState com.photon.messenger/com.photon.messenger.PhotonActivity$_16629#6044 (140)
12-16 04:42:22.768  1091  1091 I Layer   : id=6045 removedFromDrawingState Bounds for - com.photon.messenger/com.photon.messenger.PhotonActivity@0#6045 (140)
12-16 04:42:22.768  1091  1091 I SurfaceFlinger: id=6044 Removed com.photon.messenger/com.photon.messenger.PhotonActivity$_16629#6044 (140)
12-16 04:42:22.770  1091  1091 I Layer   : id=6044 Destroyed com.photon.messenger/com.photon.messenger.PhotonActivity$_16629#6044
12-16 04:42:22.770  1091  1091 I Layer   : id=6045 Destroyed Bounds for - com.photon.messenger/com.photon.messenger.PhotonActivity@0#6045
12-16 04:42:22.896  2425  2425 D PluginAODManager: onNotificationInfoUpdated() 0|com.photon.messenger|1001|null|10370
12-16 04:42:27.343  2425  2425 D PluginAODManager: onNotificationInfoUpdated() 0|com.photon.messenger|1001|null|10370
12-16 04:42:32.129 16629 16766 I photon  : photon_messenger: LAN: Multicast RX 117 bytes from 192.168.115.242:36262
12-16 04:42:32.130 16629 16766 I photon  : photon_messenger: LAN: Received discovery from 192.168.115.242:36262 (handle_proof: 7583b495..., port: 4383)
12-16 04:42:32.130 16629 16766 I photon  : photon_messenger: LAN: Discovered peer via multicast: 192.168.115.242:36262
12-16 04:42:32.529 16629 16766 I photon  : photon_messenger: LAN: Multicast RX 117 bytes from 192.168.115.29:36981
12-16 04:42:32.529 16629 16766 I photon  : photon_messenger: LAN: Received discovery from 192.168.115.29:36981 (handle_proof: 646b83df..., port: 4383)
12-16 04:42:32.529 16629 16766 I photon  : photon_messenger: LAN: Discovered peer via multicast: 192.168.115.29:36981
12-16 04:42:32.741 16629 16766 I photon  : photon_messenger: LAN: Multicast RX 117 bytes from 192.168.115.29:37190
12-16 04:42:32.741 16629 16766 I photon  : photon_messenger: LAN: Received discovery from 192.168.115.29:37190 (handle_proof: 646b83df..., port: 4383)
12-16 04:42:32.742 16629 16766 I photon  : photon_messenger: LAN: Discovered peer via multicast: 192.168.115.29:37190
12-16 04:43:00.391 16629 16766 I photon  : photon_messenger: LAN: Multicast RX 117 bytes from 192.168.115.242:49084
12-16 04:43:00.391 16629 16766 I photon  : photon_messenger: LAN: Received discovery from 192.168.115.242:49084 (handle_proof: 7583b495..., port: 4383)
12-16 04:43:00.391 16629 16766 I photon  : photon_messenger: LAN: Discovered peer via multicast: 192.168.115.242:49084
12-16 04:43:21.278 16629 16766 I photon  : photon_messenger: LAN: Multicast RX 117 bytes from 192.168.115.242:57891
12-16 04:43:21.278 16629 16766 I photon  : photon_messenger: LAN: Received discovery from 192.168.115.242:57891 (handle_proof: 7583b495..., port: 4383)
12-16 04:43:21.278 16629 16766 I photon  : photon_messenger: LAN: Discovered peer via multicast: 192.168.115.242:57891
12-16 04:43:21.485 16629 16766 I photon  : photon_messenger: LAN: Multicast RX 117 bytes from 192.168.115.242:47481
12-16 04:43:21.485 16629 16766 I photon  : photon_messenger: LAN: Received discovery from 192.168.115.242:47481 (handle_proof: 7583b495..., port: 4383)
12-16 04:43:21.485 16629 16766 I photon  : photon_messenger: LAN: Discovered peer via multicast: 192.168.115.242:47481
12-16 04:43:26.812 16629 16766 I photon  : photon_messenger: LAN: Multicast RX 117 bytes from 192.168.115.29:34479
12-16 04:43:26.813 16629 16766 I photon  : photon_messenger: LAN: Received discovery from 192.168.115.29:34479 (handle_proof: 646b83df..., port: 4383)
12-16 04:43:26.813 16629 16766 I photon  : photon_messenger: LAN: Discovered peer via multicast: 192.168.115.29:34479
12-16 04:43:26.813 16629 16766 I photon  : photon_messenger: LAN: Multicast RX 117 bytes from 192.168.115.29:54849
12-16 04:43:26.813 16629 16766 I photon  : photon_messenger: LAN: Received discovery from 192.168.115.29:54849 (handle_proof: 646b83df..., port: 4383)
12-16 04:43:26.813 16629 16766 I photon  : photon_messenger: LAN: Discovered peer via multicast: 192.168.115.29:54849
12-16 04:43:57.728 16629 16766 I photon  : photon_messenger: LAN: Multicast RX 117 bytes from 192.168.115.242:54126
12-16 04:43:57.728 16629 16766 I photon  : photon_messenger: LAN: Received discovery from 192.168.115.242:54126 (handle_proof: 7583b495..., port: 4383)
12-16 04:43:57.728 16629 16766 I photon  : photon_messenger: LAN: Discovered peer via multicast: 192.168.115.242:54126
12-16 04:44:25.373 16629 16766 I photon  : photon_messenger: LAN: Multicast RX 117 bytes from 192.168.115.29:54332
12-16 04:44:25.373 16629 16766 I photon  : photon_messenger: LAN: Received discovery from 192.168.115.29:54332 (handle_proof: 646b83df..., port: 4383)
12-16 04:44:25.373 16629 16766 I photon  : photon_messenger: LAN: Discovered peer via multicast: 192.168.115.29:54332
12-16 04:44:40.440 16629 16766 I photon  : photon_messenger: LAN: Multicast RX 117 bytes from 192.168.115.29:33010
12-16 04:44:40.440 16629 16766 I photon  : photon_messenger: LAN: Received discovery from 192.168.115.29:33010 (handle_proof: 646b83df..., port: 4383)
12-16 04:44:40.440 16629 16766 I photon  : photon_messenger: LAN: Discovered peer via multicast: 192.168.115.29:33010
12-16 04:44:40.440 16629 16766 I photon  : photon_messenger: LAN: Multicast RX 117 bytes from 192.168.115.29:59844
12-16 04:44:40.440 16629 16766 I photon  : photon_messenger: LAN: Received discovery from 192.168.115.29:59844 (handle_proof: 646b83df..., port: 4383)
12-16 04:44:40.440 16629 16766 I photon  : photon_messenger: LAN: Discovered peer via multicast: 192.168.115.29:59844
12-16 04:44:51.402 16629 16766 I photon  : photon_messenger: LAN: Multicast RX 117 bytes from 192.168.115.242:33667
12-16 04:44:51.402 16629 16766 I photon  : photon_messenger: LAN: Received discovery from 192.168.115.242:33667 (handle_proof: 7583b495..., port: 4383)
12-16 04:44:51.402 16629 16766 I photon  : photon_messenger: LAN: Discovered peer via multicast: 192.168.115.242:33667
12-16 04:44:51.402 16629 16766 I photon  : photon_messenger: LAN: Multicast RX 117 bytes from 192.168.115.242:51424
12-16 04:44:51.402 16629 16766 I photon  : photon_messenger: LAN: Received discovery from 192.168.115.242:51424 (handle_proof: 7583b495..., port: 4383)
12-16 04:44:51.402 16629 16766 I photon  : photon_messenger: LAN: Discovered peer via multicast: 192.168.115.242:51424
12-16 04:44:58.768 16629 16766 I photon  : photon_messenger: LAN: Multicast RX 117 bytes from 192.168.115.242:41514
12-16 04:44:58.768 16629 16766 I photon  : photon_messenger: LAN: Received discovery from 192.168.115.242:41514 (handle_proof: 7583b495..., port: 4383)
12-16 04:44:58.768 16629 16766 I photon  : photon_messenger: LAN: Discovered peer via multicast: 192.168.115.242:41514
12-16 04:44:58.769 16629 16766 I photon  : photon_messenger: LAN: Multicast RX 117 bytes from 192.168.115.29:52610
12-16 04:44:58.769 16629 16766 I photon  : photon_messenger: LAN: Received discovery from 192.168.115.29:52610 (handle_proof: 646b83df..., port: 4383)
12-16 04:44:58.769 16629 16766 I photon  : photon_messenger: LAN: Discovered peer via multicast: 192.168.115.29:52610
12-16 04:44:58.769 16629 16766 I photon  : photon_messenger: LAN: Multicast RX 117 bytes from 192.168.115.29:39553
12-16 04:44:58.769 16629 16766 I photon  : photon_messenger: LAN: Received discovery from 192.168.115.29:39553 (handle_proof: 646b83df..., port: 4383)
12-16 04:44:58.769 16629 16766 I photon  : photon_messenger: LAN: Discovered peer via multicast: 192.168.115.29:39553
12-16 04:45:10.852 16629 16766 I photon  : photon_messenger: LAN: Multicast RX 117 bytes from 192.168.115.29:52465
12-16 04:45:10.852 16629 16766 I photon  : photon_messenger: LAN: Received discovery from 192.168.115.29:52465 (handle_proof: 646b83df..., port: 4383)
12-16 04:45:10.852 16629 16766 I photon  : photon_messenger: LAN: Discovered peer via multicast: 192.168.115.29:52465
12-16 04:45:10.852 16629 16766 I photon  : photon_messenger: LAN: Multicast RX 117 bytes from 192.168.115.29:36931
12-16 04:45:10.852 16629 16766 I photon  : photon_messenger: LAN: Received discovery from 192.168.115.29:36931 (handle_proof: 646b83df..., port: 4383)
12-16 04:45:10.852 16629 16766 I photon  : photon_messenger: LAN: Discovered peer via multicast: 192.168.115.29:36931
12-16 04:45:24.767 16629 16766 I photon  : photon_messenger: LAN: Multicast RX 117 bytes from 192.168.115.29:34067
12-16 04:45:24.767 16629 16766 I photon  : photon_messenger: LAN: Received discovery from 192.168.115.29:34067 (handle_proof: 646b83df..., port: 4383)
12-16 04:45:24.767 16629 16766 I photon  : photon_messenger: LAN: Discovered peer via multicast: 192.168.115.29:34067
12-16 04:45:24.770 16629 16766 I photon  : photon_messenger: LAN: Multicast RX 117 bytes from 192.168.115.29:33328
12-16 04:45:24.770 16629 16766 I photon  : photon_messenger: LAN: Received discovery from 192.168.115.29:33328 (handle_proof: 646b83df..., port: 4383)
12-16 04:45:24.770 16629 16766 I photon  : photon_messenger: LAN: Discovered peer via multicast: 192.168.115.29:33328
12-16 04:45:30.910 16629 16766 I photon  : photon_messenger: LAN: Multicast RX 117 bytes from 192.168.115.29:44025
12-16 04:45:30.910 16629 16766 I photon  : photon_messenger: LAN: Received discovery from 192.168.115.29:44025 (handle_proof: 646b83df..., port: 4383)
12-16 04:45:30.910 16629 16766 I photon  : photon_messenger: LAN: Discovered peer via multicast: 192.168.115.29:44025
12-16 04:45:31.113 16629 16766 I photon  : photon_messenger: LAN: Multicast RX 117 bytes from 192.168.115.29:33221
12-16 04:45:31.113 16629 16766 I photon  : photon_messenger: LAN: Received discovery from 192.168.115.29:33221 (handle_proof: 646b83df..., port: 4383)
12-16 04:45:31.113 16629 16766 I photon  : photon_messenger: LAN: Discovered peer via multicast: 192.168.115.29:33221
12-16 04:46:26.207 16629 16766 I photon  : photon_messenger: LAN: Multicast RX 117 bytes from 192.168.115.29:47568
12-16 04:46:26.207 16629 16766 I photon  : photon_messenger: LAN: Received discovery from 192.168.115.29:47568 (handle_proof: 646b83df..., port: 4383)
12-16 04:46:26.207 16629 16766 I photon  : photon_messenger: LAN: Discovered peer via multicast: 192.168.115.29:47568
12-16 04:46:26.420 16629 16766 I photon  : photon_messenger: LAN: Multicast RX 117 bytes from 192.168.115.29:48156
12-16 04:46:26.420 16629 16766 I photon  : photon_messenger: LAN: Received discovery from 192.168.115.29:48156 (handle_proof: 646b83df..., port: 4383)
12-16 04:46:26.420 16629 16766 I photon  : photon_messenger: LAN: Discovered peer via multicast: 192.168.115.29:48156
12-16 04:48:14.903 13400 13428 I GOS:GameServiceReceiver:  PkgInstallStarted for com.photon.messenger UserID : 0
12-16 04:48:14.917  1283  1771 I PackageManager:           pkg{com.photon.messenger}
12-16 04:48:14.935  1283  1654 I ActivityManager: Force stopping com.photon.messenger appid=10370 user=-1: installPackageLI
12-16 04:48:14.936  1283  1654 I ActivityManager: Killing 16629:com.photon.messenger/u0a370 (adj 200): stop com.photon.messenger due to installPackageLI
12-16 04:48:14.940  2425 19380 D SecFgsManagerControllerImpl: onForegroundStateChanged: dialogShown:false, isForeground:false, packageName:com.photon.messenger , token:android.os.BinderProxy@b592211, userId:0
12-16 04:48:14.940  1283  1654 D ActivityManager: proc ProcessRecord{6d9a6fa 16629:com.photon.messenger/u0a370} already removed. so we skip next process.
12-16 04:48:14.940  1283  1772 I PackageManager: Update package com.photon.messenger code path from /data/app/~~a3oxUUsToiry7RiRMmWTbQ==/com.photon.messenger-ZiRs0v7_sl36nne8Nw9-Jg== to /data/app/~~2MkbEz3fcneknXXJnn2XRg==/com.photon.messenger-VAv7qTS9hphhMA_4IJyxxA==; Retain data and using new
12-16 04:48:14.940  1283  1654 W ActivityTaskManager: Force removing ActivityRecord{7d8b397 u0 com.photon.messenger/.PhotonActivity} t364 f}}: app died, no saved state
12-16 04:48:14.941  1283  1772 I AppsFilter: interaction: PackageSetting{871471e com.oracle.probe.test/10317} -> PackageSetting{af84784 com.photon.messenger/10370} BLOCKED
12-16 04:48:14.942  1283  1772 I AppsFilter: interaction: PackageSetting{c164dcc com.oracle.probe/10316} -> PackageSetting{af84784 com.photon.messenger/10370} BLOCKED
12-16 04:48:14.942  1283  1654 W InputManager-JNI: Input channel object '4932009 com.photon.messenger/com.photon.messenger.PhotonActivity (client)' was disposed without first being removed with the input manager!
12-16 04:48:14.942  1283  1772 I AppsFilter: interaction: PackageSetting{871471e com.oracle.probe.test/10317} -> PackageSetting{598db6d com.photon.messenger/10370} BLOCKED
12-16 04:48:14.942  1283  1772 I AppsFilter: interaction: PackageSetting{c164dcc com.oracle.probe/10316} -> PackageSetting{598db6d com.photon.messenger/10370} BLOCKED
12-16 04:48:14.942  1283  1654 V WindowManager: Remove Window{4932009 u0 com.photon.messenger/com.photon.messenger.PhotonActivity}: mSurfaceController=null mAnimatingExit=false mRemoveOnExit=false mHasSurface=false surfaceShowing=false animating=false app-animation=false mWillReplaceWindow=false mDisplayFrozen=false callers=com.android.server.wm.WindowState.removeIfPossible:3041 com.android.server.wm.WindowToken.removeAllWindowsIfPossible:234 com.android.server.wm.ActivityRecord.removeIfPossible:4886 com.android.server.wm.ActivityRecord.onRemovedFromDisplay:5001 com.android.server.wm.DisplayContent.removeAppToken:1683 com.android.server.wm.ActivityRecord.removeFromHistory:4605 
12-16 04:48:14.950  1091  3375 I SurfaceFlinger: id=6040 Removed bf11e16 ActivityRecordInputSink com.photon.messenger/.PhotonActivity#6040 (138)
12-16 04:48:14.951  1091  1091 I Layer   : id=6043 removedFromDrawingState 4932009 com.photon.messenger/com.photon.messenger.PhotonActivity#6043 (138)
12-16 04:48:14.951  1091  1091 I SurfaceFlinger: id=6043 Removed 4932009 com.photon.messenger/com.photon.messenger.PhotonActivity#6043 (138)
12-16 04:48:14.951  1091  1091 I Layer   : id=6043 Destroyed 4932009 com.photon.messenger/com.photon.messenger.PhotonActivity#6043
12-16 04:48:14.960  1091  1091 I Layer   : id=6034 removedFromDrawingState ActivityRecord{7d8b397 u0 com.photon.messenger/.PhotonActivity} t364}#6034 (138)
12-16 04:48:14.961  1091  1091 I Layer   : id=6040 removedFromDrawingState bf11e16 ActivityRecordInputSink com.photon.messenger/.PhotonActivity#6040 (138)
12-16 04:48:14.961  1091  1091 I SurfaceFlinger: id=6034 Removed ActivityRecord{7d8b397 u0 com.photon.messenger/.PhotonActivity} t364}#6034 (138)
12-16 04:48:14.961  1091  1091 I Layer   : id=6034 Destroyed ActivityRecord{7d8b397 u0 com.photon.messenger/.PhotonActivity} t364}#6034
12-16 04:48:14.961  1091  1091 I Layer   : id=6040 Destroyed bf11e16 ActivityRecordInputSink com.photon.messenger/.PhotonActivity#6040
12-16 04:48:15.020  1091  3375 I SurfaceFlinger: id=6046 Removed SurfaceView[com.photon.messenger/com.photon.messenger.PhotonActivity]@0#6046 (135)
12-16 04:48:15.020  1091  3375 I SurfaceFlinger: id=6048 Removed Background for SurfaceView[com.photon.messenger/com.photon.messenger.PhotonActivity]@0#6048 (135)
12-16 04:48:15.021  1283  4353 V ActivityManager: Got obituary of 16629:com.photon.messenger
12-16 04:48:15.026  1091  1091 I Layer   : id=6048 Destroyed Background for SurfaceView[com.photon.messenger/com.photon.messenger.PhotonActivity]@0#6048
12-16 04:48:15.026  1091  1091 I Layer   : id=6046 Destroyed SurfaceView[com.photon.messenger/com.photon.messenger.PhotonActivity]@0#6046
12-16 04:48:15.263  1283  1653 W UsageStatsService: Unexpected activity event reported! (com.photon.messenger/com.photon.messenger.PhotonActivity event : 23 instanceId : 231135728)
12-16 04:48:15.265  1283  1283 D EdgeLightingManager: hideForNotification : packageName = com.photon.messenger
12-16 04:48:15.266  1283  1283 D EdgeLightingPolicyManager:NotificationGroup: remove : sbn : StatusBarNotification(pkg=com.photon.messenger user=UserHandle{0} id=1001 tag=null key=0|com.photon.messenger|1001|null|10370: Notification(channel=photon_connection shortcut=null contentView=null vibrate=null sound=null defaults=0x0 flags=0x62 color=0x00000000 vis=PRIVATE semFlags=0x0 semPriority=0 semMissedCount=0))
12-16 04:48:15.266  1283  1283 D EdgeLightingPolicyManager: isAcceptableApplication:  pkg=com.photon.messenger , range=1 , includeAllApp=false , userId=0 , infoRange=0 , infoCategory=0
12-16 04:48:15.266  1283  1283 D EdgeLightingManager: hideEdgeLightingInternal : packageName = com.photon.messenger, reason=1
12-16 04:48:15.266  1283  1283 E EdgeLightingClientManager: stopEdgeLightingInternal mHosts is null. pkg=com.photon.messenger,reason=1
12-16 04:48:15.278 13400 17405 I GOS:GameIntentService: onPackageChanged(). extras: Bundle[{changeType=2, userId=0, type=15, packageName=com.photon.messenger}]
12-16 04:48:15.278 13400 17405 I GOS:GameIntentService: onPackageChanged(). changeType(INSTALL_STARTED), pkgName(com.photon.messenger), UserHandle(0), userId(0), Installed(true)
12-16 04:48:15.279  1283  1772 W ziparchive: Unable to open '/data/app/~~2MkbEz3fcneknXXJnn2XRg==/com.photon.messenger-VAv7qTS9hphhMA_4IJyxxA==/base.dm': No such file or directory
12-16 04:48:15.280  1283  1772 I PackageDexOptimizer: Running dexopt (dexoptNeeded=1) on: /data/app/~~2MkbEz3fcneknXXJnn2XRg==/com.photon.messenger-VAv7qTS9hphhMA_4IJyxxA==/base.apk pkg=com.photon.messenger isa=arm64 dexoptFlags=boot_complete,profile_guided,public,enable_hidden_api_checks targetFilter=speed-profile oatDir=/data/app/~~2MkbEz3fcneknXXJnn2XRg==/com.photon.messenger-VAv7qTS9hphhMA_4IJyxxA==/oat classLoaderContext=PCL[]{} async=false
12-16 04:48:15.282  1289 30493 V installd: DexInv: --- BEGIN '/data/app/~~2MkbEz3fcneknXXJnn2XRg==/com.photon.messenger-VAv7qTS9hphhMA_4IJyxxA==/base.apk' ---
12-16 04:48:15.282  1289 30493 V installd: Running /apex/com.android.art/bin/dex2oat64 in=base.apk out=/data/app/~~2MkbEz3fcneknXXJnn2XRg==/com.photon.messenger-VAv7qTS9hphhMA_4IJyxxA==/oat/arm64/base.odex
12-16 04:48:15.289  1283  1283 D NotificationReminder: removeFromNotiList record com.photon.messenger
12-16 04:48:15.335 17409 17409 I dex2oat64: /apex/com.android.art/bin/dex2oat64 --input-vdex-fd=-1 --output-vdex-fd=10 --classpath-dir=/data/app/~~2MkbEz3fcneknXXJnn2XRg==/com.photon.messenger-VAv7qTS9hphhMA_4IJyxxA== --class-loader-context=PCL[]{} --compact-dex-level=none --compiler-filter=speed-profile --compilation-reason=install --max-image-block-size=524288 --resolve-startup-const-strings=true --generate-mini-debug-info -j6
12-16 04:48:15.684  1289 30493 V installd: DexInv: --- END '/data/app/~~2MkbEz3fcneknXXJnn2XRg==/com.photon.messenger-VAv7qTS9hphhMA_4IJyxxA==/base.apk' (success) ---
12-16 04:48:15.725  1283  1772 I AppsFilter: interaction: PackageSetting{871471e com.oracle.probe.test/10317} -> PackageSetting{598db6d com.photon.messenger/10370} BLOCKED
12-16 04:48:15.725  1283  1772 I AppsFilter: interaction: PackageSetting{c164dcc com.oracle.probe/10316} -> PackageSetting{598db6d com.photon.messenger/10370} BLOCKED
12-16 04:48:15.749  1283  1772 I ActivityManager: Force stopping com.photon.messenger appid=10370 user=0: pkg removed
12-16 04:48:15.767  1283  1921 D OverlayManager: reconcileSettingsForPackage pkgName=com.photon.messenger userId=0
12-16 04:48:15.767  1283  1921 I OverlayManager: updateOverlaysForTarget() called with: targetPackage = [com.photon.messenger], userId = [0], flags = [2], skipUpdateState = [false]
12-16 04:48:15.768  1283  1653 I SGM:GameManager: PkgUpdateReceiver, onPackageRemoved : com.photon.messenger userHandle : UserHandle{0} userID : 0
12-16 04:48:15.768  1283  2106 D SGM:GosNotifyThread: notifyPackageChangedToGos(), before send intent to GOS. type:15, changeType: 1, pkgName:com.photon.messenger, userHandleId:0
12-16 04:48:15.769  1283  1653 D MetaDataCollector: onReceive: done pkgName=com.photon.messenger
12-16 04:48:15.774  2398  2398 I VvmPkgInstalledRcvr: packageName: com.photon.messenger, systemDialer: com.samsung.android.dialer
12-16 04:48:15.778 17276 17276 I SCS@AiSearch user 0: (PackageBroadcastReceiver) packageName: com.photon.messenger
12-16 04:48:15.778 17276 17276 I SCS@AiSearch user 0: (PackageBroadcastReceiver) Packages changed: [com.photon.messenger]
12-16 04:48:15.780  3431  3482 I PackageInfoManager_FLP: action : ACTION_PACKAGE_REMOVED, packageName = com.photon.messenger
12-16 04:48:15.789  1283  1283 D SdpManagerImpl.receiver: On android.intent.action.PACKAGE_REMOVED : DATA = package:com.photon.messenger, UID = 10370, UserId = 0, Is replacing? true
12-16 04:48:15.789  1283  1283 I Telecom : CarModeTracker: Package com.photon.messenger is not tracked.: SSH.oR@EfU
12-16 04:48:15.791  1283  2339 I SdkSandboxManager: No SDKs used. Skipping SDK data reconcilation for CallingInfo{mUid=10370, mPackageName='com.photon.messenger'}
12-16 04:48:15.793  2425  2425 D FaceWidgetMusicViewModel: onPackageRemoved() pkg = com.photon.messenger, r = true
12-16 04:48:15.793  2425  2425 D FaceWidgetMetadataParser: removePackage() key = com.photon.messenger
12-16 04:48:15.793  2398  2398 D CarrierSvcBindHelper: onPackageUpdateFinished: com.photon.messenger
12-16 04:48:15.794  2398  2398 D CarrierSvcBindHelper: onPackageModified: com.photon.messenger
12-16 04:48:15.795  2398  2398 D ImsResolver: maybeAddedImsService, packageName: com.photon.messenger
12-16 04:48:15.795  2398  2398 I VvmPkgInstalledRcvr: packageName: com.photon.messenger, systemDialer: com.samsung.android.dialer
12-16 04:48:15.798  3431  3482 I PackageInfoManager_FLP: action : ACTION_PACKAGE_ADDED, packageName = com.photon.messenger
12-16 04:48:15.799  1283  2399 I Pageboost: remove app @ runtime : com.photon.messenger
12-16 04:48:15.800  1283  1921 D OverlayManager: reconcileSettingsForPackage pkgName=com.photon.messenger userId=0
12-16 04:48:15.800  1283  1921 I OverlayManager: updateOverlaysForTarget() called with: targetPackage = [com.photon.messenger], userId = [0], flags = [0], skipUpdateState = [false]
12-16 04:48:15.800  1283  1921 I SWT_ThemeManager: com.photon.messenger doesn't have metadata
12-16 04:48:15.806 17276 17276 I SCS@AiSearch user 0: (PackageBroadcastReceiver) packageName: com.photon.messenger
12-16 04:48:15.806 17276 17276 I SCS@AiSearch user 0: (PackageBroadcastReceiver) Packages changed: [com.photon.messenger]
12-16 04:48:15.810 12756 12756 I Routine@Core[4.1.00.14]: PackageChangedHandler: Should not remove data true com.photon.messenger
12-16 04:48:15.815  1283  1283 D SGM:GameManager: identifyGamePackage. com.photon.messenger, mCurrentUserId: 0, callerUserId: 0, callingMethodInfo: com.samsung.android.game.SemGameManager.isGamePackage(SemGameManager.java:104)
12-16 04:48:15.815  1283  1283 D SGM:PkgDataHelper: getGamePkgData(). com.photon.messenger
12-16 04:48:15.815  1283  1283 D SGM:SemGameManager: isGamePackage(), pkgName=com.photon.messenger, ret=false
12-16 04:48:15.815  1283  1283 I AppWidgetServiceImpl: Received broadcast: android.intent.action.PACKAGE_ADDED, Updates all providers with com.photon.messenger, userId: 0
12-16 04:48:15.816  1283  1283 I Telecom:SamsungOpenCommunicationPlatformPolicyPackageBroadcastReceiver: action : android.intent.action.PACKAGE_ADDED / packageName : com.photon.messenger
12-16 04:48:15.817  2425  2558 D PluginInstanceManager: queryPkg com.photon.messenger com.android.systemui.action.PLUGIN_CLOCK
12-16 04:48:15.817  2425  2558 D PluginInstanceManager: queryPkg com.photon.messenger com.android.systemui.action.PLUGIN_NOTIFICATION_MENU_ROW
12-16 04:48:15.817  2425  2558 D PluginInstanceManager: queryPkg com.photon.messenger com.android.systemui.action.PLUGIN_NOTIFICATION_MENU_ROW
12-16 04:48:15.817  2425  2558 D PluginInstanceManager: queryPkg com.photon.messenger com.samsung.systemui.action.PLUGIN_FACE_WIDGET
12-16 04:48:15.817  2425  2558 D PluginInstanceManager: queryPkg com.photon.messenger com.android.systemui.action.PLUGIN_QS
12-16 04:48:15.817  2425  2558 D PluginInstanceManager: queryPkg com.photon.messenger com.android.systemui.action.PLUGIN_TOAST
12-16 04:48:15.817  2425  2558 D PluginInstanceManager: queryPkg com.photon.messenger com.android.systemui.action.PLUGIN_AOD
12-16 04:48:15.817  2425  2558 D PluginInstanceManager: queryPkg com.photon.messenger com.android.systemui.action.PLUGIN_OVERLAY
12-16 04:48:15.817  2425  2558 D PluginInstanceManager: queryPkg com.photon.messenger com.android.systemui.action.PLUGIN_CLOCK
12-16 04:48:15.817  2425  2558 D PluginInstanceManager: queryPkg com.photon.messenger com.android.systemui.action.PLUGIN_SENSOR_MANAGER
12-16 04:48:15.817  2425  2558 D PluginInstanceManager: queryPkg com.photon.messenger com.android.systemui.action.PLUGIN_NOTIFICATION_ASSISTANT
12-16 04:48:15.817  2425  2558 D PluginInstanceManager: queryPkg com.photon.messenger com.android.systemui.action.PLUGIN_LOCKSCREEN_RIGHT_BUTTON
12-16 04:48:15.817  2425  2558 D PluginInstanceManager: queryPkg com.photon.messenger com.android.systemui.action.PLUGIN_GLOBAL_ACTIONS
12-16 04:48:15.817  2425  2558 D PluginInstanceManager: queryPkg com.photon.messenger com.android.systemui.action.PLUGIN_NOTIFICATION_MENU_ROW
12-16 04:48:15.817  2425  2558 D PluginInstanceManager: queryPkg com.photon.messenger com.android.systemui.action.PLUGIN_LOCKSCREEN_LEFT_BUTTON
12-16 04:48:15.817  2425  2558 D PluginInstanceManager: queryPkg com.photon.messenger com.android.systemui.action.PLUGIN_NOTIFICATION_MENU_ROW
12-16 04:48:15.817  2425  2558 D PluginInstanceManager: queryPkg com.photon.messenger com.android.systemui.action.PLUGIN_LOCKSCREEN_RIGHT_BUTTON
12-16 04:48:15.817  2425  2558 D PluginInstanceManager: queryPkg com.photon.messenger com.android.systemui.action.PLUGIN_LOCKSCREEN_LEFT_BUTTON
12-16 04:48:15.817  2425  2558 D PluginInstanceManager: queryPkg com.photon.messenger com.android.systemui.action.PEOPLE_HUB_PERSON_EXTRACTOR
12-16 04:48:15.817  2425  2558 D PluginInstanceManager: queryPkg com.photon.messenger com.android.systemui.action.PLUGIN_VOLUME
12-16 04:48:15.817  2425  2558 D PluginInstanceManager: queryPkg com.photon.messenger com.android.systemui.action.PLUGIN_NOTIFICATION_MENU_ROW
12-16 04:48:15.817  2425  2558 D PluginInstanceManager: queryPkg com.photon.messenger com.android.systemui.action.PLUGIN_QS_FACTORY
12-16 04:48:15.818  2425  2425 D FaceWidgetMetadataParser: updatePackage() com.photon.messenger true
12-16 04:48:15.821  1283  1283 W AlarmManager: Package com.photon.messenger, uid 10370 lost permission to set exact alarms!
12-16 04:48:15.827  1283  2312 D SGM:GameManager: identifyGamePackage. com.photon.messenger, mCurrentUserId: 0, callerUserId: 0, callingMethodInfo: com.samsung.android.game.SemGameManager.isGamePackage(SemGameManager.java:104)
12-16 04:48:15.827  1283  2312 D SGM:PkgDataHelper: getGamePkgData(). com.photon.messenger
12-16 04:48:15.827  1283  2312 D SGM:SemGameManager: isGamePackage(), pkgName=com.photon.messenger, ret=false
12-16 04:48:15.832  1283  2339 I SdkSandboxManager: No SDKs used. Skipping SDK data reconcilation for CallingInfo{mUid=10370, mPackageName='com.photon.messenger'}
12-16 04:48:15.832  1283  2399 D SGM:GameManager: identifyGamePackage. com.photon.messenger, mCurrentUserId: 0, callerUserId: 0, callingMethodInfo: com.samsung.android.game.SemGameManager.isGamePackage(SemGameManager.java:104)
12-16 04:48:15.832  1283  2399 D SGM:PkgDataHelper: getGamePkgData(). com.photon.messenger
12-16 04:48:15.832  1283  2399 D SGM:SemGameManager: isGamePackage(), pkgName=com.photon.messenger, ret=false
12-16 04:48:15.832  1283  2399 I Pageboost: appinfo : com.photon.messenger 0 0 0 0
12-16 04:48:15.833  2425  2425 D FaceWidgetMetadataParser: removePackage() key = com.photon.messenger
12-16 04:48:15.836  1283  2399 D SGM:GameManager: identifyGamePackage. com.photon.messenger, mCurrentUserId: 0, callerUserId: 0, callingMethodInfo: com.samsung.android.game.SemGameManager.isGamePackage(SemGameManager.java:104)
12-16 04:48:15.836  1283  2399 D SGM:PkgDataHelper: getGamePkgData(). com.photon.messenger
12-16 04:48:15.836  1283  2399 D SGM:SemGameManager: isGamePackage(), pkgName=com.photon.messenger, ret=false
12-16 04:48:15.836  1283  2399 I Pageboost: Reset this app info : com.photon.messenger 
12-16 04:48:15.836  1283  2399 I Pageboost: db create : CREATE TABLE IF NOT EXISTS comphotonmessenger (FILENAME TEXT, OFFSET INTEGER, SIZE INTEGER, FORVRAMDISK INTEGER, BITMAP BLOB, unique (FILENAME, OFFSET) );
12-16 04:48:15.836  2425  2558 D PluginInstanceManager: queryPkg com.photon.messenger com.android.systemui.action.PLUGIN_CLOCK
12-16 04:48:15.836  2425  2558 D PluginInstanceManager: queryPkg com.photon.messenger com.android.systemui.action.PLUGIN_NOTIFICATION_MENU_ROW
12-16 04:48:15.836  2425  2558 D PluginInstanceManager: queryPkg com.photon.messenger com.android.systemui.action.PLUGIN_NOTIFICATION_MENU_ROW
12-16 04:48:15.836  2425  2558 D PluginInstanceManager: queryPkg com.photon.messenger com.samsung.systemui.action.PLUGIN_FACE_WIDGET
12-16 04:48:15.836  2425  2558 D PluginInstanceManager: queryPkg com.photon.messenger com.android.systemui.action.PLUGIN_QS
12-16 04:48:15.837  2425  2558 D PluginInstanceManager: queryPkg com.photon.messenger com.android.systemui.action.PLUGIN_TOAST
12-16 04:48:15.837  2425  2558 D PluginInstanceManager: queryPkg com.photon.messenger com.android.systemui.action.PLUGIN_AOD
12-16 04:48:15.837  2425  2558 D PluginInstanceManager: queryPkg com.photon.messenger com.android.systemui.action.PLUGIN_OVERLAY
12-16 04:48:15.837  2425  2558 D PluginInstanceManager: queryPkg com.photon.messenger com.android.systemui.action.PLUGIN_CLOCK
12-16 04:48:15.837  2425  2558 D PluginInstanceManager: queryPkg com.photon.messenger com.android.systemui.action.PLUGIN_SENSOR_MANAGER
12-16 04:48:15.837  2425  2558 D PluginInstanceManager: queryPkg com.photon.messenger com.android.systemui.action.PLUGIN_NOTIFICATION_ASSISTANT
12-16 04:48:15.837  2425  2558 D PluginInstanceManager: queryPkg com.photon.messenger com.android.systemui.action.PLUGIN_LOCKSCREEN_RIGHT_BUTTON
12-16 04:48:15.837  2425  2558 D PluginInstanceManager: queryPkg com.photon.messenger com.android.systemui.action.PLUGIN_GLOBAL_ACTIONS
12-16 04:48:15.837  2425  2558 D PluginInstanceManager: queryPkg com.photon.messenger com.android.systemui.action.PLUGIN_NOTIFICATION_MENU_ROW
12-16 04:48:15.837  2425  2558 D PluginInstanceManager: queryPkg com.photon.messenger com.android.systemui.action.PLUGIN_LOCKSCREEN_LEFT_BUTTON
12-16 04:48:15.837  2425  2558 D PluginInstanceManager: queryPkg com.photon.messenger com.android.systemui.action.PLUGIN_NOTIFICATION_MENU_ROW
12-16 04:48:15.837  2425  2558 D PluginInstanceManager: queryPkg com.photon.messenger com.android.systemui.action.PLUGIN_LOCKSCREEN_RIGHT_BUTTON
12-16 04:48:15.837  2425  2558 D PluginInstanceManager: queryPkg com.photon.messenger com.android.systemui.action.PLUGIN_LOCKSCREEN_LEFT_BUTTON
12-16 04:48:15.837  2425  2558 D PluginInstanceManager: queryPkg com.photon.messenger com.android.systemui.action.PEOPLE_HUB_PERSON_EXTRACTOR
12-16 04:48:15.837  2425  2558 D PluginInstanceManager: queryPkg com.photon.messenger com.android.systemui.action.PLUGIN_VOLUME
12-16 04:48:15.837  2425  2558 D PluginInstanceManager: queryPkg com.photon.messenger com.android.systemui.action.PLUGIN_NOTIFICATION_MENU_ROW
12-16 04:48:15.837  2425  2558 D PluginInstanceManager: queryPkg com.photon.messenger com.android.systemui.action.PLUGIN_QS_FACTORY
12-16 04:48:15.849  1283  2399 I Pageboost: add app to global @ runtime: com.photon.messenger
12-16 04:48:15.851  1283  1653 D LauncherAppsService: Calling onPackageRemoved: com.photon.messenger, EXTRA_REPLACING: true
12-16 04:48:15.852 12756 12756 I Routine@Core[4.1.00.14]: MetadataLoaderImpl: collectInBackground - packageName:com.photon.messenger
12-16 04:48:15.865 12756 12756 I Routine@Core[4.1.00.14]: MetadataSyncBacklog: add: null + com.photon.messenger
12-16 04:48:15.881 13044 13044 I Finsky  : [2] AIM: AppInfoCacheUpdater -> invalidating apps: [com.photon.messenger]
12-16 04:48:15.889 13044 13134 I Finsky  : [138] AIM: AppInfoManager-Perf > OnDeviceAppInfo > cacheHitCount=0, cacheMissCount=1. Missed  in cache (limit 10) : [com.photon.messenger]
12-16 04:48:15.898 13044 13044 I Finsky  : [2] AIM: AppInfoCacheUpdater -> invalidating apps: [com.photon.messenger]
12-16 04:48:15.912  1283  2312 D SGM:GameManager: identifyGamePackage. com.photon.messenger, mCurrentUserId: 0, callerUserId: 0, callingMethodInfo: com.samsung.android.game.SemGameManager.isGamePackage(SemGameManager.java:104)
12-16 04:48:15.912  1283  2312 D SGM:PkgDataHelper: getGamePkgData(). com.photon.messenger
12-16 04:48:15.912  1283  2312 D SGM:SemGameManager: isGamePackage(), pkgName=com.photon.messenger, ret=false
12-16 04:48:15.922 12756 12756 I Routine@Core[4.1.00.14]: MetadataLoaderImpl: collectInBackground - packageName:com.photon.messenger
12-16 04:48:15.922 12756 12756 I Routine@Core[4.1.00.14]: MetadataSyncBacklog: add: com.photon.messenger + com.photon.messenger
12-16 04:48:15.951  1283  1762 E VerityUtils: Failed to measure fs-verity, errno 95: /data/app/~~2MkbEz3fcneknXXJnn2XRg==/com.photon.messenger-VAv7qTS9hphhMA_4IJyxxA==/base.apk
12-16 04:48:15.955 12756 12756 I Routine@Core[4.1.00.14]: MetadataLoaderJobService: onStartJob: collectPackageInBG - com.photon.messenger
12-16 04:48:15.969 12756 12756 I Routine@Core[4.1.00.14]: MetadataLoaderJobService: packageName : com.photon.messenger, forced : true
12-16 04:48:15.971 12756 13511 I Routine@Core[4.1.00.14]: MetadataLoadManager: collect: com.photon.messenger
12-16 04:48:15.971 12756 13511 I Routine@Core[4.1.00.14]: MetadataLoadManager: collectWithCollectors - com.photon.messenger
12-16 04:48:15.983  1283  1631 I CompanionDeviceManagerService: onPackageModified() u0/com.photon.messenger
12-16 04:48:16.037 25620 17479 I ProximityAuth: [RecentAppsMediator] Package added: (user=UserHandle{0}) com.photon.messenger
12-16 04:48:16.049 12756 12756 I Routine@Core[4.1.00.14]: MetadataLoaderJobService: metadataLoadingFinished: collectPackageInBG - com.photon.messenger
12-16 04:48:16.094 13044 13134 I Finsky  : [138] AIM: AppInfoManager-Perf > OnDeviceAppInfo > cacheHitCount=0, cacheMissCount=1. Missed  in cache (limit 10) : [com.photon.messenger]
12-16 04:48:16.137  1283  1762 E VerityUtils: Failed to measure fs-verity, errno 95: /data/app/~~2MkbEz3fcneknXXJnn2XRg==/com.photon.messenger-VAv7qTS9hphhMA_4IJyxxA==/base.apk
12-16 04:48:16.154 13707 13707 I FILP/PackageIntentReceiver: pkgName : com.photon.messenger
12-16 04:48:16.229 13707 17526 I FILP/b  : removeFromFS : com.photon.messenger, cursor size : 0
12-16 04:48:16.230 13707 17526 I FILP/b  : Delete DB result : com.photon.messenger, 0
12-16 04:48:16.309  1283  2312 W SemWifiTransportLayerUtils: getApplicationCategory - IOException com.photon.messenger
12-16 04:48:16.309  1283  2312 W System.err: java.io.FileNotFoundException: https://play.google.com/store/apps/details?id=com.photon.messenger&hl=en
12-16 04:48:16.342  1283  1653 I SGM:GameManager: PkgUpdateReceiver, onPackageAdded : com.photon.messenger userHandle : UserHandle{0} userId : 0
12-16 04:48:16.344  1283  2106 D SGM:GosNotifyThread: notifyPackageChangedToGos(), before send intent to GOS. type:15, changeType: 0, pkgName:com.photon.messenger, userHandleId:0
12-16 04:48:16.347  2879  2879 I Launcher.Model: package changed received : com.photon.messenger
12-16 04:48:16.352  2879  3193 I PackageUpdatedTask: mAllAppsList.updatePackage com.photon.messenger
12-16 04:48:16.361 13400 17549 I GOS:GameIntentService: onHandleIntent. GameIntentService. type: 15, pkgName: com.photon.messenger
12-16 04:48:16.391 25288 17499 W SQLiteLog: (28) double-quoted string literal: "com.photon.messenger"
12-16 04:48:16.437 13400 17549 I GOS:GameIntentService: onPackageChanged(). extras: Bundle[{changeType=0, userId=0, pkgName=com.photon.messenger, type=15, packageName=com.photon.messenger}]
12-16 04:48:16.437 13400 17549 I GOS:GameIntentService: onPackageChanged(). changeType(INSTALLED), pkgName(com.photon.messenger), UserHandle(0), userId(0), Installed(true)
12-16 04:48:16.456  1283  1653 D MetaDataCollector: onReceive: done pkgName=com.photon.messenger
12-16 04:48:16.466  1283  1653 I SGM:GameManager: PkgUpdateReceiver, onPackageReplaced : com.photon.messenger userID : UserHandle{0}
12-16 04:48:16.466  1283  1653 D MetaDataCollector: onReceive: done pkgName=com.photon.messenger
12-16 04:48:16.467  1283  2106 D SGM:GosNotifyThread: notifyPackageChangedToGos(), before send intent to GOS. type:15, changeType: 8, pkgName:com.photon.messenger, userHandleId:0
12-16 04:48:16.490 13400 17555 I GOS:GameIntentService: onHandleIntent. GameIntentService. type: 15, pkgName: com.photon.messenger
12-16 04:48:16.564 13400 17555 I GOS:GameIntentService: onPackageChanged(). extras: Bundle[{changeType=8, userId=0, pkgName=com.photon.messenger, type=15, packageName=com.photon.messenger}]
12-16 04:48:16.564 13400 17555 I GOS:GameIntentService: onPackageChanged(). changeType(REPLACED), pkgName(com.photon.messenger), UserHandle(0), userId(0), Installed(true)
12-16 04:48:16.605  2879  3193 I AppIconSolution: getThemeIconWithBG called with public API, pkg = com.photon.messenger, mode = 48
12-16 04:48:16.606  2879  3193 I AppIconSolution: return adaptive icon for com.photon.messenger, isNight = true
12-16 04:48:16.677  2879  3193 I LauncherActivityInfo: packageName: com.photon.messenger, useThemeIcon: false, height: 216, width: 216, density: 640
12-16 04:48:17.035  2879  3193 I HsAllAppsList: set ComponentInfo{com.photon.messenger/com.photon.messenger.PhotonActivity} app progress level to 100
12-16 04:48:17.047  2879  3193 I AppIconSolution: return adaptive icon for com.photon.messenger, isNight = true
12-16 04:48:17.086 13707 13707 I FILP/PackageIntentReceiver: pkgName : com.photon.messenger
12-16 04:48:17.134  2879  3193 I PackageUpdatedTask: modified, appInfo : AppInfo(id=128 type=APP hidden=0 container=all_apps screen=1 rank=10 rankOfList=-1 user=UserHandle{0} title=Photon componentName=ComponentInfo{com.photon.messenger/com.photon.messenger.PhotonActivity} screenType=0 runtimeStatusFlags=384 status=0)
12-16 04:48:17.135  2879  3193 I AppsModelWriter: updateItems(start)> 0, 128, 0, -102, 1, 10, UserHandle{0}, 0, Photon, -1, -1
12-16 04:48:17.136  2879  3193 I AppsModelWriter: normalizeVisibleItems(visibleItems)> 0, 128, 0, -102, 1, 10, UserHandle{0}, 0, Photon, -1, -1
12-16 04:48:17.148  2879  3193 I AppsModelWriter: updateItems(end) : updateItem> 0, 128, 0, -102, 1, 10, UserHandle{0}, 0, Photon, -1, -1
12-16 04:48:17.149  2879  2879 I Launcher.AppsPagedView: UpdateItems => id: 128, rank: 10, screenId: 1, cellX: 2, cellY: 2, container: -102, dirty: false, title: Photon, isFolder: false, user: UserHandle{0}, disabled: false, screenType: 0
12-16 04:48:17.171  2879  3193 I PostPositionOperator: addItem() - com.photon.messenger, isWidgetOnly : true
12-16 04:48:17.187  2879  3193 I SuggestedItemsFacade: DPS items : Photon, ComponentInfo{com.photon.messenger/com.photon.messenger.PhotonActivity}
12-16 04:48:17.228  1091  1163 I SurfaceFlinger: id=6053 Removed Surface(name=4932009 com.photon.messenger/com.photon.messenger.PhotonActivity)/@0xbc3d370 - animation-leash of starting_reveal#6053 (131)
12-16 04:48:17.236  1091  1091 I Layer   : id=6053 Destroyed Surface(name=4932009 com.photon.messenger/com.photon.messenger.PhotonActivity)/@0xbc3d370 - animation-leash of starting_reveal#6053
12-16 04:49:24.632  1283  1283 D SGM:GameManager: identifyGamePackage. com.photon.messenger, mCurrentUserId: 0, callerUserId: 0, callingMethodInfo: com.android.server.ssrm.SortingMachine.isGame(SortingMachine.java:162)
12-16 04:49:24.632  1283  1283 D SGM:PkgDataHelper: getGamePkgData(). com.photon.messenger
12-16 04:49:25.409  1283  1283 D SGM:GameManager: identifyGamePackage. com.photon.messenger, mCurrentUserId: 0, callerUserId: 0, callingMethodInfo: com.android.server.ssrm.fgapps.GameAppUtils.isGame(GameAppUtils.java:84)
12-16 04:49:25.409  1283  1283 D SGM:PkgDataHelper: getGamePkgData(). com.photon.messenger
12-16 04:49:25.412  1283  1283 D SGM:GameManager: identifyGamePackage. com.photon.messenger, mCurrentUserId: 0, callerUserId: 0, callingMethodInfo: com.android.server.ssrm.fgapps.GameAppUtils.isGame(GameAppUtils.java:84)
12-16 04:49:25.412  1283  1283 D SGM:PkgDataHelper: getGamePkgData(). com.photon.messenger
12-16 04:49:26.097  1283  1283 D SGM:GameManager: identifyGamePackage. com.photon.messenger, mCurrentUserId: 0, callerUserId: 0, callingMethodInfo: com.android.server.ssrm.fgapps.GameAppUtils.isGame(GameAppUtils.java:84)
12-16 04:49:26.097  1283  1283 D SGM:PkgDataHelper: getGamePkgData(). com.photon.messenger
12-16 04:49:26.100  1283  1283 D SGM:GameManager: identifyGamePackage. com.photon.messenger, mCurrentUserId: 0, callerUserId: 0, callingMethodInfo: com.android.server.ssrm.fgapps.GameAppUtils.isGame(GameAppUtils.java:84)
12-16 04:49:26.100  1283  1283 D SGM:PkgDataHelper: getGamePkgData(). com.photon.messenger
12-16 04:49:26.249  2879  3193 I AppInfo : set ComponentInfo{com.photon.messenger/com.photon.messenger.PhotonActivity} app progress level to 100
12-16 04:49:26.257  2879  3193 I SuggestedItemsFacade: DPS items : Photon, ComponentInfo{com.photon.messenger/com.photon.messenger.PhotonActivity}
12-16 04:49:27.235  1283  2394 I Pageboost: start alp : com.photon.messenger
12-16 04:49:27.235  1283  2399 I Pageboost: alp for : com.photon.messenger , 0
12-16 04:49:27.235  3454 17797 E pageboostd: alp start : app comphotonmessenger
12-16 04:49:27.236  1283  1634 I ChimeraSystemEventListener: appLaunchIntent package name is: com.photon.messenger
12-16 04:49:27.238  3454 17797 E pageboostd: comphotonmessenger, amt 8543244 scnt 2 fcnt 0
12-16 04:49:27.238  3454 17797 E pageboostd: comphotonmessenger, amt 0 scnt 0 fcnt 0
12-16 04:49:27.238  3454 17797 E pageboostd: alp end : app comphotonmessenger data_amount 8543244
12-16 04:49:27.247  2425  2488 D ShellStartingWindow: preload Icon com.photon.messenger
12-16 04:49:27.249  1283  1655 I ActivityManager: Start proc 17798:com.photon.messenger/u0a370 for activelaunch {com.photon.messenger/com.photon.messenger.PhotonActivity}
12-16 04:49:27.249  1283  1655 D DynamicHiddenApp_BGProtectManager: [SecIpm] it's a ML_TYPE_EMPTYPROCESS protected process com.photon.messenger
12-16 04:49:27.270  1283  4742 I ActivityManager: DSS OFF for com.photon.messenger
