12-16 04:51:18.929 17798 17798 I photon  : photon_messenger: LAN: No contact matches handle_proof b73d993e5836132c (have: fractal decoder=7583b495579fc20c)
12-16 04:51:26.919 17798 17798 I photon  : photon_messenger: Status: Pinged 1 contact(s)
12-16 04:51:26.929 17798 17947 I photon  : photon_messenger: LAN: Multicast 117 bytes to 239.104.199.144:4384
12-16 04:51:26.929 17798 17947 I photon  : photon_messenger: LAN: Multicast 117 bytes to [ff02::68c7:9014]:4384
12-16 04:51:26.930 17798 17947 I photon  : photon_messenger: LAN: Broadcast 117 bytes to 192.168.115.255:4384 (from 192.168.115.50)
12-16 04:51:26.930 17798 17947 I photon  : photon_messenger: LAN: Multicast RX 117 bytes from 192.168.115.50:41857
12-16 04:51:26.930 17798 17947 I photon  : photon_messenger: LAN: Received discovery from 192.168.115.50:41857 (handle_proof: b73d993e..., port: 4383)
12-16 04:51:26.930 17798 17947 I photon  : photon_messenger: LAN: Discovered peer via multicast: 192.168.115.50:41857
12-16 04:51:26.930 17798 17947 I photon  : photon_messenger: LAN: Multicast RX 117 bytes from 192.168.115.50:39055
12-16 04:51:26.930 17798 17947 I photon  : photon_messenger: LAN: Received discovery from 192.168.115.50:39055 (handle_proof: b73d993e..., port: 4383)
12-16 04:51:26.930 17798 17947 I photon  : photon_messenger: LAN: Discovered peer via multicast: 192.168.115.50:39055
12-16 04:51:26.930 17798 17947 I photon  : photon_messenger: LAN: IPv6 Multicast RX 117 bytes from [fe80::1c56:a9ff:fe87:f234%3]:53403
12-16 04:51:26.936 17798 17798 I photon  : photon_messenger: LAN: No contact matches handle_proof b73d993e5836132c (have: fractal decoder=7583b495579fc20c)
12-16 04:51:26.936 17798 17798 I photon  : photon_messenger: LAN: No contact matches handle_proof b73d993e5836132c (have: fractal decoder=7583b495579fc20c)
12-16 04:51:41.927 17798 17798 I photon  : photon_messenger: Status: Pinged 1 contact(s)
12-16 04:51:41.964 17798 17947 I photon  : photon_messenger: LAN: Multicast 117 bytes to 239.104.199.144:4384
12-16 04:51:41.965 17798 17947 I photon  : photon_messenger: LAN: Multicast 117 bytes to [ff02::68c7:9014]:4384
12-16 04:51:41.966 17798 17947 I photon  : photon_messenger: LAN: Broadcast 117 bytes to 192.168.115.255:4384 (from 192.168.115.50)
12-16 04:51:41.967 17798 17947 I photon  : photon_messenger: LAN: Multicast RX 117 bytes from 192.168.115.50:41208
12-16 04:51:41.967 17798 17947 I photon  : photon_messenger: LAN: Received discovery from 192.168.115.50:41208 (handle_proof: b73d993e..., port: 4383)
12-16 04:51:41.967 17798 17947 I photon  : photon_messenger: LAN: Discovered peer via multicast: 192.168.115.50:41208
12-16 04:51:41.967 17798 17947 I photon  : photon_messenger: LAN: Multicast RX 117 bytes from 192.168.115.50:56649
12-16 04:51:41.967 17798 17947 I photon  : photon_messenger: LAN: Received discovery from 192.168.115.50:56649 (handle_proof: b73d993e..., port: 4383)
12-16 04:51:41.967 17798 17947 I photon  : photon_messenger: LAN: Discovered peer via multicast: 192.168.115.50:56649
12-16 04:51:41.967 17798 17947 I photon  : photon_messenger: LAN: IPv6 Multicast RX 117 bytes from [fe80::1c56:a9ff:fe87:f234%3]:41516
12-16 04:51:41.968 17798 17798 I photon  : photon_messenger: LAN: No contact matches handle_proof b73d993e5836132c (have: fractal decoder=7583b495579fc20c)
12-16 04:51:41.968 17798 17798 I photon  : photon_messenger: LAN: No contact matches handle_proof b73d993e5836132c (have: fractal decoder=7583b495579fc20c)
12-16 04:51:54.934 17798 17798 I photon  : photon_messenger: Status: Pinged 1 contact(s)
12-16 04:51:54.954 17798 17947 I photon  : photon_messenger: LAN: Multicast 117 bytes to 239.104.199.144:4384
12-16 04:51:54.954 17798 17947 I photon  : photon_messenger: LAN: Multicast 117 bytes to [ff02::68c7:9014]:4384
12-16 04:51:54.956 17798 17947 I photon  : photon_messenger: LAN: Broadcast 117 bytes to 192.168.115.255:4384 (from 192.168.115.50)
12-16 04:51:54.956 17798 17947 I photon  : photon_messenger: LAN: Multicast RX 117 bytes from 192.168.115.50:44699
12-16 04:51:54.956 17798 17947 I photon  : photon_messenger: LAN: Received discovery from 192.168.115.50:44699 (handle_proof: b73d993e..., port: 4383)
12-16 04:51:54.956 17798 17947 I photon  : photon_messenger: LAN: Discovered peer via multicast: 192.168.115.50:44699
12-16 04:51:54.956 17798 17947 I photon  : photon_messenger: LAN: Multicast RX 117 bytes from 192.168.115.50:41178
12-16 04:51:54.956 17798 17947 I photon  : photon_messenger: LAN: Received discovery from 192.168.115.50:41178 (handle_proof: b73d993e..., port: 4383)
12-16 04:51:54.957 17798 17947 I photon  : photon_messenger: LAN: Discovered peer via multicast: 192.168.115.50:41178
12-16 04:51:54.957 17798 17947 I photon  : photon_messenger: LAN: IPv6 Multicast RX 117 bytes from [fe80::1c56:a9ff:fe87:f234%3]:37836
12-16 04:51:54.958 17798 17798 I photon  : photon_messenger: LAN: No contact matches handle_proof b73d993e5836132c (have: fractal decoder=7583b495579fc20c)
12-16 04:51:54.958 17798 17798 I photon  : photon_messenger: LAN: No contact matches handle_proof b73d993e5836132c (have: fractal decoder=7583b495579fc20c)
12-16 04:52:00.939 17798 17798 I photon  : photon_messenger: Status: Pinged 1 contact(s)
12-16 04:52:00.962 17798 17947 I photon  : photon_messenger: LAN: Multicast 117 bytes to 239.104.199.144:4384
12-16 04:52:00.962 17798 17947 I photon  : photon_messenger: LAN: Multicast 117 bytes to [ff02::68c7:9014]:4384
12-16 04:52:00.964 17798 17947 I photon  : photon_messenger: LAN: Broadcast 117 bytes to 192.168.115.255:4384 (from 192.168.115.50)
12-16 04:52:00.964 17798 17947 I photon  : photon_messenger: LAN: Multicast RX 117 bytes from 192.168.115.50:59470
12-16 04:52:00.964 17798 17947 I photon  : photon_messenger: LAN: Received discovery from 192.168.115.50:59470 (handle_proof: b73d993e..., port: 4383)
12-16 04:52:00.964 17798 17947 I photon  : photon_messenger: LAN: Discovered peer via multicast: 192.168.115.50:59470
12-16 04:52:00.964 17798 17947 I photon  : photon_messenger: LAN: Multicast RX 117 bytes from 192.168.115.50:47540
12-16 04:52:00.964 17798 17947 I photon  : photon_messenger: LAN: Received discovery from 192.168.115.50:47540 (handle_proof: b73d993e..., port: 4383)
12-16 04:52:00.964 17798 17947 I photon  : photon_messenger: LAN: Discovered peer via multicast: 192.168.115.50:47540
12-16 04:52:00.964 17798 17947 I photon  : photon_messenger: LAN: IPv6 Multicast RX 117 bytes from [fe80::1c56:a9ff:fe87:f234%3]:58663
12-16 04:52:00.972 17798 17798 I photon  : photon_messenger: LAN: No contact matches handle_proof b73d993e5836132c (have: fractal decoder=7583b495579fc20c)
12-16 04:52:00.972 17798 17798 I photon  : photon_messenger: LAN: No contact matches handle_proof b73d993e5836132c (have: fractal decoder=7583b495579fc20c)
12-16 04:52:01.675 17798 17947 I photon  : photon_messenger: LAN: Multicast RX 117 bytes from 192.168.115.242:36378
12-16 04:52:01.675 17798 17947 I photon  : photon_messenger: LAN: Received discovery from 192.168.115.242:36378 (handle_proof: 7583b495..., port: 4383)
12-16 04:52:01.675 17798 17947 I photon  : photon_messenger: LAN: Discovered peer via multicast: 192.168.115.242:36378
12-16 04:52:01.680 17798 17947 I photon  : photon_messenger: LAN: Multicast RX 117 bytes from 192.168.115.242:48564
12-16 04:52:01.680 17798 17947 I photon  : photon_messenger: LAN: Received discovery from 192.168.115.242:48564 (handle_proof: 7583b495..., port: 4383)
12-16 04:52:01.680 17798 17947 I photon  : photon_messenger: LAN: Discovered peer via multicast: 192.168.115.242:48564
12-16 04:52:11.940 17798 17798 I photon  : photon_messenger: Status: Pinged 1 contact(s)
12-16 04:52:11.953 17798 17947 I photon  : photon_messenger: LAN: Multicast 117 bytes to 239.104.199.144:4384
12-16 04:52:11.953 17798 17947 I photon  : photon_messenger: LAN: Multicast 117 bytes to [ff02::68c7:9014]:4384
12-16 04:52:11.955 17798 17947 I photon  : photon_messenger: LAN: Broadcast 117 bytes to 192.168.115.255:4384 (from 192.168.115.50)
12-16 04:52:11.955 17798 17947 I photon  : photon_messenger: LAN: Multicast RX 117 bytes from 192.168.115.50:57294
12-16 04:52:11.956 17798 17947 I photon  : photon_messenger: LAN: Received discovery from 192.168.115.50:57294 (handle_proof: b73d993e..., port: 4383)
12-16 04:52:11.956 17798 17947 I photon  : photon_messenger: LAN: Discovered peer via multicast: 192.168.115.50:57294
12-16 04:52:11.956 17798 17947 I photon  : photon_messenger: LAN: Multicast RX 117 bytes from 192.168.115.50:44524
12-16 04:52:11.956 17798 17947 I photon  : photon_messenger: LAN: Received discovery from 192.168.115.50:44524 (handle_proof: b73d993e..., port: 4383)
12-16 04:52:11.956 17798 17947 I photon  : photon_messenger: LAN: Discovered peer via multicast: 192.168.115.50:44524
12-16 04:52:11.956 17798 17947 I photon  : photon_messenger: LAN: IPv6 Multicast RX 117 bytes from [fe80::1c56:a9ff:fe87:f234%3]:51809
12-16 04:52:11.957 17798 17798 I photon  : photon_messenger: LAN: No contact matches handle_proof b73d993e5836132c (have: fractal decoder=7583b495579fc20c)
12-16 04:52:11.957 17798 17798 I photon  : photon_messenger: LAN: No contact matches handle_proof b73d993e5836132c (have: fractal decoder=7583b495579fc20c)
12-16 04:52:12.843 17798 17947 I photon  : photon_messenger: LAN: Multicast RX 117 bytes from 192.168.115.242:39787
12-16 04:52:12.843 17798 17947 I photon  : photon_messenger: LAN: Received discovery from 192.168.115.242:39787 (handle_proof: 7583b495..., port: 4383)
12-16 04:52:12.843 17798 17947 I photon  : photon_messenger: LAN: Discovered peer via multicast: 192.168.115.242:39787
12-16 04:52:12.843 17798 17947 I photon  : photon_messenger: LAN: Multicast RX 117 bytes from 192.168.115.242:60501
12-16 04:52:12.843 17798 17947 I photon  : photon_messenger: LAN: Received discovery from 192.168.115.242:60501 (handle_proof: 7583b495..., port: 4383)
12-16 04:52:12.843 17798 17947 I photon  : photon_messenger: LAN: Discovered peer via multicast: 192.168.115.242:60501
12-16 04:52:19.948 17798 17798 I photon  : photon_messenger: Status: Pinged 1 contact(s)
12-16 04:52:19.954 17798 17947 I photon  : photon_messenger: LAN: Multicast 117 bytes to 239.104.199.144:4384
12-16 04:52:19.954 17798 17947 I photon  : photon_messenger: LAN: Multicast 117 bytes to [ff02::68c7:9014]:4384
12-16 04:52:19.956 17798 17947 I photon  : photon_messenger: LAN: Broadcast 117 bytes to 192.168.115.255:4384 (from 192.168.115.50)
12-16 04:52:19.957 17798 17947 I photon  : photon_messenger: LAN: Multicast RX 117 bytes from 192.168.115.50:49951
12-16 04:52:19.957 17798 17947 I photon  : photon_messenger: LAN: Received discovery from 192.168.115.50:49951 (handle_proof: b73d993e..., port: 4383)
12-16 04:52:19.957 17798 17947 I photon  : photon_messenger: LAN: Discovered peer via multicast: 192.168.115.50:49951
12-16 04:52:19.957 17798 17947 I photon  : photon_messenger: LAN: Multicast RX 117 bytes from 192.168.115.50:40340
12-16 04:52:19.957 17798 17947 I photon  : photon_messenger: LAN: Received discovery from 192.168.115.50:40340 (handle_proof: b73d993e..., port: 4383)
12-16 04:52:19.957 17798 17947 I photon  : photon_messenger: LAN: Discovered peer via multicast: 192.168.115.50:40340
12-16 04:52:19.957 17798 17947 I photon  : photon_messenger: LAN: IPv6 Multicast RX 117 bytes from [fe80::1c56:a9ff:fe87:f234%3]:56290
12-16 04:52:19.965 17798 17798 I photon  : photon_messenger: LAN: No contact matches handle_proof b73d993e5836132c (have: fractal decoder=7583b495579fc20c)
12-16 04:52:19.965 17798 17798 I photon  : photon_messenger: LAN: No contact matches handle_proof b73d993e5836132c (have: fractal decoder=7583b495579fc20c)
12-16 04:52:27.955 17798 17798 I photon  : photon_messenger: Status: Pinged 1 contact(s)
12-16 04:52:27.962 17798 17947 I photon  : photon_messenger: LAN: Multicast 117 bytes to 239.104.199.144:4384
12-16 04:52:27.963 17798 17947 I photon  : photon_messenger: LAN: Multicast 117 bytes to [ff02::68c7:9014]:4384
12-16 04:52:27.964 17798 17947 I photon  : photon_messenger: LAN: Broadcast 117 bytes to 192.168.115.255:4384 (from 192.168.115.50)
12-16 04:52:27.965 17798 17947 I photon  : photon_messenger: LAN: Multicast RX 117 bytes from 192.168.115.50:34499
12-16 04:52:27.965 17798 17947 I photon  : photon_messenger: LAN: Received discovery from 192.168.115.50:34499 (handle_proof: b73d993e..., port: 4383)
12-16 04:52:27.965 17798 17947 I photon  : photon_messenger: LAN: Discovered peer via multicast: 192.168.115.50:34499
12-16 04:52:27.965 17798 17947 I photon  : photon_messenger: LAN: Multicast RX 117 bytes from 192.168.115.50:40131
12-16 04:52:27.965 17798 17947 I photon  : photon_messenger: LAN: Received discovery from 192.168.115.50:40131 (handle_proof: b73d993e..., port: 4383)
12-16 04:52:27.965 17798 17947 I photon  : photon_messenger: LAN: Discovered peer via multicast: 192.168.115.50:40131
12-16 04:52:27.965 17798 17947 I photon  : photon_messenger: LAN: IPv6 Multicast RX 117 bytes from [fe80::1c56:a9ff:fe87:f234%3]:50204
12-16 04:52:27.973 17798 17798 I photon  : photon_messenger: LAN: No contact matches handle_proof b73d993e5836132c (have: fractal decoder=7583b495579fc20c)
12-16 04:52:27.973 17798 17798 I photon  : photon_messenger: LAN: No contact matches handle_proof b73d993e5836132c (have: fractal decoder=7583b495579fc20c)
12-16 04:52:38.957 17798 17798 I photon  : photon_messenger: Status: Pinged 1 contact(s)
12-16 04:52:38.997 17798 17947 I photon  : photon_messenger: LAN: Multicast 117 bytes to 239.104.199.144:4384
12-16 04:52:38.998 17798 17947 I photon  : photon_messenger: LAN: Multicast 117 bytes to [ff02::68c7:9014]:4384
12-16 04:52:38.999 17798 17947 I photon  : photon_messenger: LAN: Broadcast 117 bytes to 192.168.115.255:4384 (from 192.168.115.50)
12-16 04:52:39.000 17798 17947 I photon  : photon_messenger: LAN: Multicast RX 117 bytes from 192.168.115.50:41318
12-16 04:52:39.000 17798 17947 I photon  : photon_messenger: LAN: Received discovery from 192.168.115.50:41318 (handle_proof: b73d993e..., port: 4383)
12-16 04:52:39.000 17798 17947 I photon  : photon_messenger: LAN: Discovered peer via multicast: 192.168.115.50:41318
12-16 04:52:39.000 17798 17947 I photon  : photon_messenger: LAN: Multicast RX 117 bytes from 192.168.115.50:37576
12-16 04:52:39.000 17798 17947 I photon  : photon_messenger: LAN: Received discovery from 192.168.115.50:37576 (handle_proof: b73d993e..., port: 4383)
12-16 04:52:39.000 17798 17947 I photon  : photon_messenger: LAN: Discovered peer via multicast: 192.168.115.50:37576
12-16 04:52:39.000 17798 17947 I photon  : photon_messenger: LAN: IPv6 Multicast RX 117 bytes from [fe80::1c56:a9ff:fe87:f234%3]:52964
12-16 04:52:39.007 17798 17798 I photon  : photon_messenger: LAN: No contact matches handle_proof b73d993e5836132c (have: fractal decoder=7583b495579fc20c)
12-16 04:52:39.007 17798 17798 I photon  : photon_messenger: LAN: No contact matches handle_proof b73d993e5836132c (have: fractal decoder=7583b495579fc20c)
12-16 04:52:45.310 17798 17947 I photon  : photon_messenger: LAN: Multicast RX 117 bytes from 192.168.115.242:34435
12-16 04:52:45.310 17798 17947 I photon  : photon_messenger: LAN: Received discovery from 192.168.115.242:34435 (handle_proof: 7583b495..., port: 4383)
12-16 04:52:45.310 17798 17947 I photon  : photon_messenger: LAN: Discovered peer via multicast: 192.168.115.242:34435
12-16 04:52:45.310 17798 17947 I photon  : photon_messenger: LAN: Multicast RX 117 bytes from 192.168.115.242:40487
12-16 04:52:45.311 17798 17947 I photon  : photon_messenger: LAN: Received discovery from 192.168.115.242:40487 (handle_proof: 7583b495..., port: 4383)
12-16 04:52:45.311 17798 17947 I photon  : photon_messenger: LAN: Discovered peer via multicast: 192.168.115.242:40487
12-16 04:52:45.963 17798 17798 I photon  : photon_messenger: Status: Pinged 1 contact(s)
12-16 04:52:45.983 17798 17947 I photon  : photon_messenger: LAN: Multicast 117 bytes to 239.104.199.144:4384
12-16 04:52:45.984 17798 17947 I photon  : photon_messenger: LAN: Multicast 117 bytes to [ff02::68c7:9014]:4384
12-16 04:52:45.986 17798 17947 I photon  : photon_messenger: LAN: Broadcast 117 bytes to 192.168.115.255:4384 (from 192.168.115.50)
12-16 04:52:45.986 17798 17947 I photon  : photon_messenger: LAN: Multicast RX 117 bytes from 192.168.115.50:53573
12-16 04:52:45.986 17798 17947 I photon  : photon_messenger: LAN: Received discovery from 192.168.115.50:53573 (handle_proof: b73d993e..., port: 4383)
12-16 04:52:45.986 17798 17947 I photon  : photon_messenger: LAN: Discovered peer via multicast: 192.168.115.50:53573
12-16 04:52:45.986 17798 17947 I photon  : photon_messenger: LAN: Multicast RX 117 bytes from 192.168.115.50:57621
12-16 04:52:45.986 17798 17947 I photon  : photon_messenger: LAN: Received discovery from 192.168.115.50:57621 (handle_proof: b73d993e..., port: 4383)
12-16 04:52:45.986 17798 17947 I photon  : photon_messenger: LAN: Discovered peer via multicast: 192.168.115.50:57621
12-16 04:52:45.986 17798 17947 I photon  : photon_messenger: LAN: IPv6 Multicast RX 117 bytes from [fe80::1c56:a9ff:fe87:f234%3]:37521
12-16 04:52:45.988 17798 17798 I photon  : photon_messenger: LAN: No contact matches handle_proof b73d993e5836132c (have: fractal decoder=7583b495579fc20c)
12-16 04:52:45.988 17798 17798 I photon  : photon_messenger: LAN: No contact matches handle_proof b73d993e5836132c (have: fractal decoder=7583b495579fc20c)
12-16 04:52:49.867 17798 17798 I photon  : photon_messenger: Network: Triggering FGTW refresh
12-16 04:52:49.867 17798 17858 I photon  : photon_messenger: Network: Refreshing FGTW announcement...
12-16 04:52:50.409 17798 17947 I photon  : photon_messenger: LAN: Multicast RX 117 bytes from 192.168.115.242:53967
12-16 04:52:50.409 17798 17947 I photon  : photon_messenger: LAN: Received discovery from 192.168.115.242:53967 (handle_proof: 7583b495..., port: 4383)
12-16 04:52:50.409 17798 17947 I photon  : photon_messenger: LAN: Discovered peer via multicast: 192.168.115.242:53967
12-16 04:52:50.410 17798 17947 I photon  : photon_messenger: LAN: Multicast RX 117 bytes from 192.168.115.242:39564
12-16 04:52:50.410 17798 17947 I photon  : photon_messenger: LAN: Received discovery from 192.168.115.242:39564 (handle_proof: 7583b495..., port: 4383)
12-16 04:52:50.410 17798 17947 I photon  : photon_messenger: LAN: Discovered peer via multicast: 192.168.115.242:39564
12-16 04:52:50.527 17798 17858 I photon  : photon_messenger: FGTW: Received 4 peer(s)
12-16 04:52:50.528 17798 17858 I photon  : photon_messenger: Network: Refresh updated 4 peer(s)
12-16 04:52:50.533 17798 17798 I photon  : photon_messenger: Network: Refresh got 4 peer(s)
12-16 04:52:50.533 17798 17798 I photon  : photon_messenger: Network: Broadcast ping to 4 peer(s)
12-16 04:52:50.533 17798 17798 I photon  : photon_messenger: Network: Updated fractal decoder IP: Some([::ffff:192.168.115.242]:4383) -> [2607:fb91:15ac:4661:9eb:8436:7625:8c3]:4383
12-16 04:52:50.533 17798 17798 I photon  : photon_messenger: Network: Updated 1 contact IP(s)
12-16 04:52:55.584 17798 17947 I photon  : photon_messenger: Status: TIMEOUT (3 consecutive) - 4bd30e9042bc02be marked offline
12-16 04:52:55.584 17798 17947 I photon  : photon_messenger: Status: TIMEOUT (3 consecutive) - 0e89c7b2825f5149 marked offline
12-16 04:52:55.584 17798 17947 I photon  : photon_messenger: Status: TIMEOUT (2/3) - 4f0a6b0501a551a4 (waiting for more failures before offline)
12-16 04:52:55.963 17798 17798 I photon  : photon_messenger: Status: Pinged 1 contact(s)
12-16 04:52:55.996 17798 17947 I photon  : photon_messenger: LAN: Multicast 117 bytes to 239.104.199.144:4384
12-16 04:52:55.996 17798 17947 I photon  : photon_messenger: LAN: Multicast 117 bytes to [ff02::68c7:9014]:4384
12-16 04:52:55.999 17798 17947 I photon  : photon_messenger: LAN: Broadcast 117 bytes to 192.168.115.255:4384 (from 192.168.115.50)
12-16 04:52:56.000 17798 17947 I photon  : photon_messenger: LAN: Multicast RX 117 bytes from 192.168.115.50:57686
12-16 04:52:56.000 17798 17947 I photon  : photon_messenger: LAN: Received discovery from 192.168.115.50:57686 (handle_proof: b73d993e..., port: 4383)
12-16 04:52:56.000 17798 17947 I photon  : photon_messenger: LAN: Discovered peer via multicast: 192.168.115.50:57686
12-16 04:52:56.000 17798 17947 I photon  : photon_messenger: LAN: Multicast RX 117 bytes from 192.168.115.50:40396
12-16 04:52:56.000 17798 17947 I photon  : photon_messenger: LAN: Received discovery from 192.168.115.50:40396 (handle_proof: b73d993e..., port: 4383)
12-16 04:52:56.000 17798 17947 I photon  : photon_messenger: LAN: Discovered peer via multicast: 192.168.115.50:40396
12-16 04:52:56.001 17798 17947 I photon  : photon_messenger: LAN: IPv6 Multicast RX 117 bytes from [fe80::1c56:a9ff:fe87:f234%3]:59170
12-16 04:52:56.005 17798 17798 I photon  : photon_messenger: LAN: No contact matches handle_proof b73d993e5836132c (have: fractal decoder=7583b495579fc20c)
12-16 04:52:56.005 17798 17798 I photon  : photon_messenger: LAN: No contact matches handle_proof b73d993e5836132c (have: fractal decoder=7583b495579fc20c)
12-16 04:52:56.047 17798 17798 I photon  : photon_messenger: Status: Updated fractal decoder IP from ping/pong: Some([2607:fb91:15ac:4661:9eb:8436:7625:8c3]:4383) -> [::ffff:192.168.115.242]:4383
12-16 04:53:01.967 17798 17798 I photon  : photon_messenger: Status: Pinged 1 contact(s)
12-16 04:53:02.011 17798 17947 I photon  : photon_messenger: LAN: Multicast 117 bytes to 239.104.199.144:4384
12-16 04:53:02.011 17798 17947 I photon  : photon_messenger: LAN: Multicast 117 bytes to [ff02::68c7:9014]:4384
12-16 04:53:02.013 17798 17947 I photon  : photon_messenger: LAN: Broadcast 117 bytes to 192.168.115.255:4384 (from 192.168.115.50)
12-16 04:53:02.013 17798 17947 I photon  : photon_messenger: LAN: Multicast RX 117 bytes from 192.168.115.50:57243
12-16 04:53:02.014 17798 17947 I photon  : photon_messenger: LAN: Received discovery from 192.168.115.50:57243 (handle_proof: b73d993e..., port: 4383)
12-16 04:53:02.014 17798 17947 I photon  : photon_messenger: LAN: Discovered peer via multicast: 192.168.115.50:57243
12-16 04:53:02.014 17798 17947 I photon  : photon_messenger: LAN: Multicast RX 117 bytes from 192.168.115.50:49955
12-16 04:53:02.014 17798 17947 I photon  : photon_messenger: LAN: Received discovery from 192.168.115.50:49955 (handle_proof: b73d993e..., port: 4383)
12-16 04:53:02.014 17798 17947 I photon  : photon_messenger: LAN: Discovered peer via multicast: 192.168.115.50:49955
12-16 04:53:02.014 17798 17947 I photon  : photon_messenger: LAN: IPv6 Multicast RX 117 bytes from [fe80::1c56:a9ff:fe87:f234%3]:37066
12-16 04:53:02.018 17798 17798 I photon  : photon_messenger: LAN: No contact matches handle_proof b73d993e5836132c (have: fractal decoder=7583b495579fc20c)
12-16 04:53:02.018 17798 17798 I photon  : photon_messenger: LAN: No contact matches handle_proof b73d993e5836132c (have: fractal decoder=7583b495579fc20c)
12-16 04:53:09.974 17798 17798 I photon  : photon_messenger: Status: Pinged 1 contact(s)
12-16 04:53:10.021 17798 17947 I photon  : photon_messenger: LAN: Multicast 117 bytes to 239.104.199.144:4384
12-16 04:53:10.021 17798 17947 I photon  : photon_messenger: LAN: Multicast 117 bytes to [ff02::68c7:9014]:4384
12-16 04:53:10.023 17798 17947 I photon  : photon_messenger: LAN: Broadcast 117 bytes to 192.168.115.255:4384 (from 192.168.115.50)
12-16 04:53:10.023 17798 17947 I photon  : photon_messenger: LAN: Multicast RX 117 bytes from 192.168.115.50:49846
12-16 04:53:10.023 17798 17947 I photon  : photon_messenger: LAN: Received discovery from 192.168.115.50:49846 (handle_proof: b73d993e..., port: 4383)
12-16 04:53:10.023 17798 17947 I photon  : photon_messenger: LAN: Discovered peer via multicast: 192.168.115.50:49846
12-16 04:53:10.023 17798 17947 I photon  : photon_messenger: LAN: Multicast RX 117 bytes from 192.168.115.50:44871
12-16 04:53:10.023 17798 17947 I photon  : photon_messenger: LAN: Received discovery from 192.168.115.50:44871 (handle_proof: b73d993e..., port: 4383)
12-16 04:53:10.023 17798 17947 I photon  : photon_messenger: LAN: Discovered peer via multicast: 192.168.115.50:44871
12-16 04:53:10.023 17798 17947 I photon  : photon_messenger: LAN: IPv6 Multicast RX 117 bytes from [fe80::1c56:a9ff:fe87:f234%3]:44854
12-16 04:53:10.031 17798 17798 I photon  : photon_messenger: LAN: No contact matches handle_proof b73d993e5836132c (have: fractal decoder=7583b495579fc20c)
12-16 04:53:10.031 17798 17798 I photon  : photon_messenger: LAN: No contact matches handle_proof b73d993e5836132c (have: fractal decoder=7583b495579fc20c)
12-16 04:53:14.783 17798 17947 I photon  : photon_messenger: LAN: Multicast RX 117 bytes from 192.168.115.242:32899
12-16 04:53:14.783 17798 17947 I photon  : photon_messenger: LAN: Received discovery from 192.168.115.242:32899 (handle_proof: 7583b495..., port: 4383)
12-16 04:53:14.783 17798 17947 I photon  : photon_messenger: LAN: Discovered peer via multicast: 192.168.115.242:32899
12-16 04:53:14.995 17798 17947 I photon  : photon_messenger: LAN: Multicast RX 117 bytes from 192.168.115.242:33349
12-16 04:53:14.995 17798 17947 I photon  : photon_messenger: LAN: Received discovery from 192.168.115.242:33349 (handle_proof: 7583b495..., port: 4383)
12-16 04:53:14.995 17798 17947 I photon  : photon_messenger: LAN: Discovered peer via multicast: 192.168.115.242:33349
12-16 04:53:17.979 17798 17798 I photon  : photon_messenger: Status: Pinged 1 contact(s)
12-16 04:53:17.983 17798 17947 I photon  : photon_messenger: LAN: Multicast 117 bytes to 239.104.199.144:4384
12-16 04:53:17.983 17798 17947 I photon  : photon_messenger: LAN: Multicast 117 bytes to [ff02::68c7:9014]:4384
12-16 04:53:17.985 17798 17947 I photon  : photon_messenger: LAN: Broadcast 117 bytes to 192.168.115.255:4384 (from 192.168.115.50)
12-16 04:53:17.986 17798 17947 I photon  : photon_messenger: LAN: Multicast RX 117 bytes from 192.168.115.50:36942
12-16 04:53:17.986 17798 17947 I photon  : photon_messenger: LAN: Received discovery from 192.168.115.50:36942 (handle_proof: b73d993e..., port: 4383)
12-16 04:53:17.986 17798 17947 I photon  : photon_messenger: LAN: Discovered peer via multicast: 192.168.115.50:36942
12-16 04:53:17.986 17798 17947 I photon  : photon_messenger: LAN: Multicast RX 117 bytes from 192.168.115.50:55375
12-16 04:53:17.986 17798 17947 I photon  : photon_messenger: LAN: Received discovery from 192.168.115.50:55375 (handle_proof: b73d993e..., port: 4383)
12-16 04:53:17.986 17798 17947 I photon  : photon_messenger: LAN: Discovered peer via multicast: 192.168.115.50:55375
12-16 04:53:17.986 17798 17947 I photon  : photon_messenger: LAN: IPv6 Multicast RX 117 bytes from [fe80::1c56:a9ff:fe87:f234%3]:60331
12-16 04:53:17.987 17798 17798 I photon  : photon_messenger: LAN: No contact matches handle_proof b73d993e5836132c (have: fractal decoder=7583b495579fc20c)
12-16 04:53:17.987 17798 17798 I photon  : photon_messenger: LAN: No contact matches handle_proof b73d993e5836132c (have: fractal decoder=7583b495579fc20c)
12-16 04:53:27.986 17798 17798 I photon  : photon_messenger: Status: Pinged 1 contact(s)
12-16 04:53:27.995 17798 17947 I photon  : photon_messenger: LAN: Multicast 117 bytes to 239.104.199.144:4384
12-16 04:53:27.996 17798 17947 I photon  : photon_messenger: LAN: Multicast 117 bytes to [ff02::68c7:9014]:4384
12-16 04:53:27.997 17798 17947 I photon  : photon_messenger: LAN: Broadcast 117 bytes to 192.168.115.255:4384 (from 192.168.115.50)
12-16 04:53:27.998 17798 17947 I photon  : photon_messenger: LAN: Multicast RX 117 bytes from 192.168.115.50:40528
12-16 04:53:27.998 17798 17947 I photon  : photon_messenger: LAN: Received discovery from 192.168.115.50:40528 (handle_proof: b73d993e..., port: 4383)
12-16 04:53:27.998 17798 17947 I photon  : photon_messenger: LAN: Discovered peer via multicast: 192.168.115.50:40528
12-16 04:53:27.998 17798 17947 I photon  : photon_messenger: LAN: Multicast RX 117 bytes from 192.168.115.50:60432
12-16 04:53:27.998 17798 17947 I photon  : photon_messenger: LAN: Received discovery from 192.168.115.50:60432 (handle_proof: b73d993e..., port: 4383)
12-16 04:53:27.998 17798 17947 I photon  : photon_messenger: LAN: Discovered peer via multicast: 192.168.115.50:60432
12-16 04:53:27.998 17798 17947 I photon  : photon_messenger: LAN: IPv6 Multicast RX 117 bytes from [fe80::1c56:a9ff:fe87:f234%3]:34858
12-16 04:53:28.002 17798 17798 I photon  : photon_messenger: LAN: No contact matches handle_proof b73d993e5836132c (have: fractal decoder=7583b495579fc20c)
12-16 04:53:28.002 17798 17798 I photon  : photon_messenger: LAN: No contact matches handle_proof b73d993e5836132c (have: fractal decoder=7583b495579fc20c)
12-16 04:53:36.993 17798 17798 I photon  : photon_messenger: Status: Pinged 1 contact(s)
12-16 04:53:37.036 17798 17947 I photon  : photon_messenger: LAN: Multicast 117 bytes to 239.104.199.144:4384
12-16 04:53:37.036 17798 17947 I photon  : photon_messenger: LAN: Multicast 117 bytes to [ff02::68c7:9014]:4384
12-16 04:53:37.040 17798 17947 I photon  : photon_messenger: LAN: Broadcast 117 bytes to 192.168.115.255:4384 (from 192.168.115.50)
12-16 04:53:37.041 17798 17947 I photon  : photon_messenger: LAN: Multicast RX 117 bytes from 192.168.115.50:43185
12-16 04:53:37.041 17798 17947 I photon  : photon_messenger: LAN: Received discovery from 192.168.115.50:43185 (handle_proof: b73d993e..., port: 4383)
12-16 04:53:37.041 17798 17947 I photon  : photon_messenger: LAN: Discovered peer via multicast: 192.168.115.50:43185
12-16 04:53:37.041 17798 17947 I photon  : photon_messenger: LAN: Multicast RX 117 bytes from 192.168.115.50:59426
12-16 04:53:37.041 17798 17947 I photon  : photon_messenger: LAN: Received discovery from 192.168.115.50:59426 (handle_proof: b73d993e..., port: 4383)
12-16 04:53:37.041 17798 17947 I photon  : photon_messenger: LAN: Discovered peer via multicast: 192.168.115.50:59426
12-16 04:53:37.041 17798 17947 I photon  : photon_messenger: LAN: IPv6 Multicast RX 117 bytes from [fe80::1c56:a9ff:fe87:f234%3]:56976
12-16 04:53:37.042 17798 17798 I photon  : photon_messenger: LAN: No contact matches handle_proof b73d993e5836132c (have: fractal decoder=7583b495579fc20c)
12-16 04:53:37.042 17798 17798 I photon  : photon_messenger: LAN: No contact matches handle_proof b73d993e5836132c (have: fractal decoder=7583b495579fc20c)
12-16 04:53:42.995 17798 17798 I photon  : photon_messenger: Status: Pinged 1 contact(s)
12-16 04:53:43.045 17798 17947 I photon  : photon_messenger: LAN: Multicast 117 bytes to 239.104.199.144:4384
12-16 04:53:43.045 17798 17947 I photon  : photon_messenger: LAN: Multicast 117 bytes to [ff02::68c7:9014]:4384
12-16 04:53:43.047 17798 17947 I photon  : photon_messenger: LAN: Broadcast 117 bytes to 192.168.115.255:4384 (from 192.168.115.50)
12-16 04:53:43.048 17798 17947 I photon  : photon_messenger: LAN: Multicast RX 117 bytes from 192.168.115.50:52703
12-16 04:53:43.048 17798 17947 I photon  : photon_messenger: LAN: Received discovery from 192.168.115.50:52703 (handle_proof: b73d993e..., port: 4383)
12-16 04:53:43.048 17798 17947 I photon  : photon_messenger: LAN: Discovered peer via multicast: 192.168.115.50:52703
12-16 04:53:43.048 17798 17947 I photon  : photon_messenger: LAN: Multicast RX 117 bytes from 192.168.115.50:33630
12-16 04:53:43.048 17798 17947 I photon  : photon_messenger: LAN: Received discovery from 192.168.115.50:33630 (handle_proof: b73d993e..., port: 4383)
12-16 04:53:43.048 17798 17947 I photon  : photon_messenger: LAN: Discovered peer via multicast: 192.168.115.50:33630
12-16 04:53:43.048 17798 17947 I photon  : photon_messenger: LAN: IPv6 Multicast RX 117 bytes from [fe80::1c56:a9ff:fe87:f234%3]:40407
12-16 04:53:43.053 17798 17798 I photon  : photon_messenger: LAN: No contact matches handle_proof b73d993e5836132c (have: fractal decoder=7583b495579fc20c)
12-16 04:53:43.053 17798 17798 I photon  : photon_messenger: LAN: No contact matches handle_proof b73d993e5836132c (have: fractal decoder=7583b495579fc20c)
12-16 04:53:50.639 13400 13428 I GOS:GameServiceReceiver:  PkgInstallStarted for com.photon.messenger UserID : 0
12-16 04:53:50.643  1283  1771 I PackageManager:           pkg{com.photon.messenger}
12-16 04:53:50.662  1283  1654 I ActivityManager: Force stopping com.photon.messenger appid=10370 user=-1: installPackageLI
12-16 04:53:50.663  1283  1654 I ActivityManager: Killing 17798:com.photon.messenger/u0a370 (adj 0): stop com.photon.messenger due to installPackageLI
12-16 04:53:50.666  1283  1772 I PackageManager: Update package com.photon.messenger code path from /data/app/~~2MkbEz3fcneknXXJnn2XRg==/com.photon.messenger-VAv7qTS9hphhMA_4IJyxxA== to /data/app/~~FisdutoCJy1lQ-L1T7OpJg==/com.photon.messenger-7eN0968ppoqdXQgaPOggLw==; Retain data and using new
12-16 04:53:50.667  1283  1772 I AppsFilter: interaction: PackageSetting{871471e com.oracle.probe.test/10317} -> PackageSetting{5899a8f com.photon.messenger/10370} BLOCKED
12-16 04:53:50.668  1283  1772 I AppsFilter: interaction: PackageSetting{c164dcc com.oracle.probe/10316} -> PackageSetting{5899a8f com.photon.messenger/10370} BLOCKED
12-16 04:53:50.668  1283  1772 I AppsFilter: interaction: PackageSetting{871471e com.oracle.probe.test/10317} -> PackageSetting{598db6d com.photon.messenger/10370} BLOCKED
12-16 04:53:50.668  1283  1772 I AppsFilter: interaction: PackageSetting{c164dcc com.oracle.probe/10316} -> PackageSetting{598db6d com.photon.messenger/10370} BLOCKED
12-16 04:53:50.668  1283  1654 D ActivityManager: proc ProcessRecord{d1c3fa5 17798:com.photon.messenger/u0a370} already removed. so we skip next process.
12-16 04:53:50.668  2425  3069 D SecFgsManagerControllerImpl: onForegroundStateChanged: dialogShown:false, isForeground:false, packageName:com.photon.messenger , token:android.os.BinderProxy@f536b1c, userId:0
12-16 04:53:50.669  1283  1654 W ActivityTaskManager: Force removing ActivityRecord{6ff0ba0 u0 com.photon.messenger/.PhotonActivity} t365 f}}: app died, no saved state
12-16 04:53:50.669  1283  1654 V WindowManager: Changing focus from Window{c581119 u0 com.photon.messenger/com.photon.messenger.PhotonActivity} to null displayId=0 Callers=com.android.server.wm.RootWindowContainer.updateFocusedWindowLocked:595 com.android.server.wm.WindowManagerService.updateFocusedWindowLocked:6803 com.android.server.wm.ActivityRecord.commitVisibility:6217 com.android.server.wm.ActivityRecord.commitVisibility:6228 
12-16 04:53:50.669  1283  1654 D MARsPolicyManager: onPackageResumedFG pkgName = com.photon.messenger, userId = 0
12-16 04:53:50.672  1283  1654 V WindowManager: Setting visibility of Window{c581119 u0 com.photon.messenger/com.photon.messenger.PhotonActivity}: false, caller=com.android.server.wm.WindowContainer.sendAppVisibilityToClients:1246 com.android.server.wm.WindowToken.setClientVisible:431 com.android.server.wm.ActivityRecord.setClientVisible:7691 com.android.server.wm.ActivityRecord.onAnimationFinished:8590 com.android.server.wm.ActivityRecord.postApplyAnimation:6252 
12-16 04:53:50.673  1283  1654 W InputManager-JNI: Input channel object 'c581119 com.photon.messenger/com.photon.messenger.PhotonActivity (client)' was disposed without first being removed with the input manager!
12-16 04:53:50.673  1283  1654 V WindowManager: Remove Window{c581119 u0 com.photon.messenger/com.photon.messenger.PhotonActivity}: mSurfaceController=Surface(name=com.photon.messenger/com.photon.messenger.PhotonActivity$_17798)/@0xd12b8f1 mAnimatingExit=false mRemoveOnExit=false mHasSurface=true surfaceShowing=false animating=false app-animation=false mWillReplaceWindow=false mDisplayFrozen=false callers=com.android.server.wm.WindowState.removeIfPossible:3041 com.android.server.wm.WindowToken.removeAllWindowsIfPossible:234 com.android.server.wm.ActivityRecord.removeIfPossible:4886 com.android.server.wm.ActivityRecord.onRemovedFromDisplay:5001 com.android.server.wm.DisplayContent.removeAppToken:1683 com.android.server.wm.ActivityRecord.removeFromHistory:4605 
12-16 04:53:50.673  1283  1654 I WindowManager: Destroying surface Surface(name=com.photon.messenger/com.photon.messenger.PhotonActivity$_17798)/@0xd12b8f1 called by com.android.server.wm.WindowStateAnimator.destroySurface:942 com.android.server.wm.WindowStateAnimator.destroySurfaceLocked:536 com.android.server.wm.WindowState.removeImmediately:2969 com.android.server.wm.WindowState.removeIfPossible:3228 com.android.server.wm.WindowState.removeIfPossible:3041 com.android.server.wm.WindowToken.removeAllWindowsIfPossible:234 com.android.server.wm.ActivityRecord.removeIfPossible:4886 com.android.server.wm.ActivityRecord.onRemovedFromDisplay:5001 
12-16 04:53:50.676  1091  1091 I SurfaceFlinger: [c581119 com.photon.messenger/com.photon.messenger.PhotonActivity#6088] FrameRatePriority: -1
12-16 04:53:50.676  1091  1091 I Layer   : Layer [com.photon.messenger/com.photon.messenger.PhotonActivity$_17798#6089] hidden!! flag(1)
12-16 04:53:50.676  1091  1091 I Layer   : id=6089 removedFromDrawingState com.photon.messenger/com.photon.messenger.PhotonActivity$_17798#6089 (139)
12-16 04:53:50.676  1091  1091 I Layer   : id=6092 removedFromDrawingState Bounds for - com.photon.messenger/com.photon.messenger.PhotonActivity@0#6092 (139)
12-16 04:53:50.676  1091  1091 I Layer   : id=6093 removedFromDrawingState SurfaceView[com.photon.messenger/com.photon.messenger.PhotonActivity]@0#6093 (139)
12-16 04:53:50.676  1091  1091 I Layer   : id=6095 removedFromDrawingState Background for SurfaceView[com.photon.messenger/com.photon.messenger.PhotonActivity]@0#6095 (139)
12-16 04:53:50.676  1091  1091 I Layer   : id=6094 removedFromDrawingState SurfaceView[com.photon.messenger/com.photon.messenger.PhotonActivity]@0(BLAST)#6094 (139)
12-16 04:53:50.676  1091  1091 I Layer   : id=6088 removedFromDrawingState c581119 com.photon.messenger/com.photon.messenger.PhotonActivity#6088 (139)
12-16 04:53:50.676  1091  1091 I SurfaceFlinger: id=6088 Removed c581119 com.photon.messenger/com.photon.messenger.PhotonActivity#6088 (139)
12-16 04:53:50.677  1091  1091 I Layer   : id=6088 Destroyed c581119 com.photon.messenger/com.photon.messenger.PhotonActivity#6088
12-16 04:53:50.677  1091  3375 I SurfaceFlinger: id=6087 Removed 5631ca3 ActivityRecordInputSink com.photon.messenger/.PhotonActivity#6087 (139)
12-16 04:53:50.678  1283  4727 D InputDispatcher: Focus left window (0): c581119 com.photon.messenger/com.photon.messenger.PhotonActivity
12-16 04:53:50.697  1091  1686 I SurfaceFlinger: id=6089 Removed com.photon.messenger/com.photon.messenger.PhotonActivity$_17798#6089 (138)
12-16 04:53:50.697  1091  1686 I SurfaceFlinger: id=6092 Removed Bounds for - com.photon.messenger/com.photon.messenger.PhotonActivity@0#6092 (138)
12-16 04:53:50.697  1091  1686 I SurfaceFlinger: id=6093 Removed SurfaceView[com.photon.messenger/com.photon.messenger.PhotonActivity]@0#6093 (138)
12-16 04:53:50.697  1091  1686 I SurfaceFlinger: id=6094 Removed SurfaceView[com.photon.messenger/com.photon.messenger.PhotonActivity]@0(BLAST)#6094 (138)
12-16 04:53:50.697  1091  1686 I SurfaceFlinger: id=6095 Removed Background for SurfaceView[com.photon.messenger/com.photon.messenger.PhotonActivity]@0#6095 (138)
12-16 04:53:50.699  1091  1091 I Layer   : id=6089 Destroyed com.photon.messenger/com.photon.messenger.PhotonActivity$_17798#6089
12-16 04:53:50.699  1091  1091 I Layer   : id=6092 Destroyed Bounds for - com.photon.messenger/com.photon.messenger.PhotonActivity@0#6092
12-16 04:53:50.699  1091  1091 I Layer   : id=6093 Destroyed SurfaceView[com.photon.messenger/com.photon.messenger.PhotonActivity]@0#6093
12-16 04:53:50.699  1091  1091 I Layer   : id=6094 Destroyed SurfaceView[com.photon.messenger/com.photon.messenger.PhotonActivity]@0(BLAST)#6094
12-16 04:53:50.699  1091  1091 I Layer   : id=6095 Destroyed Background for SurfaceView[com.photon.messenger/com.photon.messenger.PhotonActivity]@0#6095
12-16 04:53:50.894  1283  1772 W ziparchive: Unable to open '/data/app/~~FisdutoCJy1lQ-L1T7OpJg==/com.photon.messenger-7eN0968ppoqdXQgaPOggLw==/base.dm': No such file or directory
12-16 04:53:50.894  1283  1772 I PackageDexOptimizer: Running dexopt (dexoptNeeded=1) on: /data/app/~~FisdutoCJy1lQ-L1T7OpJg==/com.photon.messenger-7eN0968ppoqdXQgaPOggLw==/base.apk pkg=com.photon.messenger isa=arm64 dexoptFlags=boot_complete,profile_guided,public,enable_hidden_api_checks targetFilter=speed-profile oatDir=/data/app/~~FisdutoCJy1lQ-L1T7OpJg==/com.photon.messenger-7eN0968ppoqdXQgaPOggLw==/oat classLoaderContext=PCL[]{} async=false
12-16 04:53:50.895 13400 18007 I GOS:GameIntentService: onPackageChanged(). extras: Bundle[{changeType=2, userId=0, type=15, packageName=com.photon.messenger}]
12-16 04:53:50.895 13400 18007 I GOS:GameIntentService: onPackageChanged(). changeType(INSTALL_STARTED), pkgName(com.photon.messenger), UserHandle(0), userId(0), Installed(true)
12-16 04:53:50.895  1289 21187 V installd: DexInv: --- BEGIN '/data/app/~~FisdutoCJy1lQ-L1T7OpJg==/com.photon.messenger-7eN0968ppoqdXQgaPOggLw==/base.apk' ---
12-16 04:53:50.895  1289 21187 V installd: Running /apex/com.android.art/bin/dex2oat64 in=base.apk out=/data/app/~~FisdutoCJy1lQ-L1T7OpJg==/com.photon.messenger-7eN0968ppoqdXQgaPOggLw==/oat/arm64/base.odex
12-16 04:53:50.905  1283  1283 D EdgeLightingManager: hideForNotification : packageName = com.photon.messenger
12-16 04:53:50.905  1283  1283 D EdgeLightingPolicyManager:NotificationGroup: remove : sbn : StatusBarNotification(pkg=com.photon.messenger user=UserHandle{0} id=1001 tag=null key=0|com.photon.messenger|1001|null|10370: Notification(channel=photon_connection shortcut=null contentView=null vibrate=null sound=null defaults=0x0 flags=0x62 color=0x00000000 vis=PRIVATE semFlags=0x0 semPriority=0 semMissedCount=0))
12-16 04:53:50.907  1091  1091 I Layer   : id=6081 removedFromDrawingState ActivityRecord{6ff0ba0 u0 com.photon.messenger/.PhotonActivity} t365}#6081 (132)
12-16 04:53:50.907  1091  1091 I Layer   : id=6087 removedFromDrawingState 5631ca3 ActivityRecordInputSink com.photon.messenger/.PhotonActivity#6087 (132)
12-16 04:53:50.907  1091  1091 I SurfaceFlinger: id=6081 Removed ActivityRecord{6ff0ba0 u0 com.photon.messenger/.PhotonActivity} t365}#6081 (132)
12-16 04:53:50.907  1091  1091 I Layer   : id=6081 Destroyed ActivityRecord{6ff0ba0 u0 com.photon.messenger/.PhotonActivity} t365}#6081
12-16 04:53:50.907  1091  1091 I Layer   : id=6087 Destroyed 5631ca3 ActivityRecordInputSink com.photon.messenger/.PhotonActivity#6087
12-16 04:53:50.916  1283  4353 V ActivityManager: Got obituary of 17798:com.photon.messenger
12-16 04:53:50.918  1283  1283 D NotificationReminder: removeFromNotiList record com.photon.messenger
12-16 04:53:50.956 18011 18011 I dex2oat64: /apex/com.android.art/bin/dex2oat64 --input-vdex-fd=-1 --output-vdex-fd=10 --classpath-dir=/data/app/~~FisdutoCJy1lQ-L1T7OpJg==/com.photon.messenger-7eN0968ppoqdXQgaPOggLw== --class-loader-context=PCL[]{} --compact-dex-level=none --compiler-filter=speed-profile --compilation-reason=install --max-image-block-size=524288 --resolve-startup-const-strings=true --generate-mini-debug-info -j6
12-16 04:53:51.336  1283  2399 I Pageboost: IO Prefetch for : com.photon.messenger
12-16 04:53:51.336  3454 18027 E pageboostd: prefetch start : app comphotonmessenger
12-16 04:53:51.343  3454 18027 E pageboostd: comphotonmessenger, amt 16797696 scnt 6 fcnt 4
12-16 04:53:51.343  3454 18027 E pageboostd: prefetch end : app comphotonmessenger data_amount 16797696
12-16 04:53:51.431  1289 21187 V installd: DexInv: --- END '/data/app/~~FisdutoCJy1lQ-L1T7OpJg==/com.photon.messenger-7eN0968ppoqdXQgaPOggLw==/base.apk' (success) ---
12-16 04:53:51.443  1283  1772 I AppsFilter: interaction: PackageSetting{871471e com.oracle.probe.test/10317} -> PackageSetting{598db6d com.photon.messenger/10370} BLOCKED
12-16 04:53:51.443  1283  1772 I AppsFilter: interaction: PackageSetting{c164dcc com.oracle.probe/10316} -> PackageSetting{598db6d com.photon.messenger/10370} BLOCKED
12-16 04:53:51.447  1283  1772 I ActivityManager: Force stopping com.photon.messenger appid=10370 user=0: pkg removed
12-16 04:53:51.453  1283  1921 D OverlayManager: reconcileSettingsForPackage pkgName=com.photon.messenger userId=0
12-16 04:53:51.453  1283  1921 I OverlayManager: updateOverlaysForTarget() called with: targetPackage = [com.photon.messenger], userId = [0], flags = [2], skipUpdateState = [false]
12-16 04:53:51.454  1283  1653 I SGM:GameManager: PkgUpdateReceiver, onPackageRemoved : com.photon.messenger userHandle : UserHandle{0} userID : 0
12-16 04:53:51.454  1283  2106 D SGM:GosNotifyThread: notifyPackageChangedToGos(), before send intent to GOS. type:15, changeType: 1, pkgName:com.photon.messenger, userHandleId:0
12-16 04:53:51.455  1283  1653 D MetaDataCollector: onReceive: done pkgName=com.photon.messenger
12-16 04:53:51.457  2398  2398 I VvmPkgInstalledRcvr: packageName: com.photon.messenger, systemDialer: com.samsung.android.dialer
12-16 04:53:51.461  2425  2425 D FaceWidgetMusicViewModel: onPackageRemoved() pkg = com.photon.messenger, r = true
12-16 04:53:51.461  2425  2425 D FaceWidgetMetadataParser: removePackage() key = com.photon.messenger
12-16 04:53:51.464  3431  3482 I PackageInfoManager_FLP: action : ACTION_PACKAGE_REMOVED, packageName = com.photon.messenger
12-16 04:53:51.466 17276 17276 I SCS@AiSearch user 0: (PackageBroadcastReceiver) packageName: com.photon.messenger
12-16 04:53:51.466 17276 17276 I SCS@AiSearch user 0: (PackageBroadcastReceiver) Packages changed: [com.photon.messenger]
12-16 04:53:51.474  1283  1921 D OverlayManager: reconcileSettingsForPackage pkgName=com.photon.messenger userId=0
12-16 04:53:51.474  1283  1921 I OverlayManager: updateOverlaysForTarget() called with: targetPackage = [com.photon.messenger], userId = [0], flags = [0], skipUpdateState = [false]
12-16 04:53:51.474  1283  1921 I SWT_ThemeManager: com.photon.messenger doesn't have metadata
12-16 04:53:51.475  1283  1653 D LauncherAppsService: Calling onPackageRemoved: com.photon.messenger, EXTRA_REPLACING: true
12-16 04:53:51.476 12756 12756 I Routine@Core[4.1.00.14]: PackageChangedHandler: Should not remove data true com.photon.messenger
12-16 04:53:51.476  1283  2339 I SdkSandboxManager: No SDKs used. Skipping SDK data reconcilation for CallingInfo{mUid=10370, mPackageName='com.photon.messenger'}
12-16 04:53:51.476  1283  1631 I CompanionDeviceManagerService: onPackageModified() u0/com.photon.messenger
12-16 04:53:51.479  3431  3482 I PackageInfoManager_FLP: action : ACTION_PACKAGE_ADDED, packageName = com.photon.messenger
12-16 04:53:51.480  2425  2558 D PluginInstanceManager: queryPkg com.photon.messenger com.android.systemui.action.PLUGIN_CLOCK
12-16 04:53:51.480  2425  2558 D PluginInstanceManager: queryPkg com.photon.messenger com.android.systemui.action.PLUGIN_NOTIFICATION_MENU_ROW
12-16 04:53:51.480  2425  2558 D PluginInstanceManager: queryPkg com.photon.messenger com.android.systemui.action.PLUGIN_NOTIFICATION_MENU_ROW
12-16 04:53:51.480  2425  2558 D PluginInstanceManager: queryPkg com.photon.messenger com.samsung.systemui.action.PLUGIN_FACE_WIDGET
12-16 04:53:51.480  2425  2558 D PluginInstanceManager: queryPkg com.photon.messenger com.android.systemui.action.PLUGIN_QS
12-16 04:53:51.480  2425  2558 D PluginInstanceManager: queryPkg com.photon.messenger com.android.systemui.action.PLUGIN_TOAST
12-16 04:53:51.480  2425  2558 D PluginInstanceManager: queryPkg com.photon.messenger com.android.systemui.action.PLUGIN_OVERLAY
12-16 04:53:51.480  2425  2558 D PluginInstanceManager: queryPkg com.photon.messenger com.android.systemui.action.PLUGIN_NOTIFICATION_MENU_ROW
12-16 04:53:51.481  2425  2558 D PluginInstanceManager: queryPkg com.photon.messenger com.android.systemui.action.PLUGIN_CLOCK
12-16 04:53:51.481  2425  2558 D PluginInstanceManager: queryPkg com.photon.messenger com.android.systemui.action.PLUGIN_SENSOR_MANAGER
12-16 04:53:51.481  2425  2558 D PluginInstanceManager: queryPkg com.photon.messenger com.android.systemui.action.PLUGIN_NOTIFICATION_ASSISTANT
12-16 04:53:51.481  2425  2558 D PluginInstanceManager: queryPkg com.photon.messenger com.android.systemui.action.PLUGIN_LOCKSCREEN_RIGHT_BUTTON
12-16 04:53:51.481  2398  2398 D CarrierSvcBindHelper: onPackageUpdateFinished: com.photon.messenger
12-16 04:53:51.481  2425  2558 D PluginInstanceManager: queryPkg com.photon.messenger com.android.systemui.action.PLUGIN_GLOBAL_ACTIONS
12-16 04:53:51.481  2425  2558 D PluginInstanceManager: queryPkg com.photon.messenger com.android.systemui.action.PLUGIN_NOTIFICATION_MENU_ROW
12-16 04:53:51.481  2425  2558 D PluginInstanceManager: queryPkg com.photon.messenger com.android.systemui.action.PLUGIN_LOCKSCREEN_LEFT_BUTTON
12-16 04:53:51.481  2425  2558 D PluginInstanceManager: queryPkg com.photon.messenger com.android.systemui.action.PLUGIN_NOTIFICATION_MENU_ROW
12-16 04:53:51.481  2425  2558 D PluginInstanceManager: queryPkg com.photon.messenger com.android.systemui.action.PLUGIN_LOCKSCREEN_RIGHT_BUTTON
12-16 04:53:51.481  2425  2425 D FaceWidgetMetadataParser: updatePackage() com.photon.messenger true
12-16 04:53:51.481  2425  2558 D PluginInstanceManager: queryPkg com.photon.messenger com.android.systemui.action.PLUGIN_LOCKSCREEN_LEFT_BUTTON
12-16 04:53:51.481  2425  2558 D PluginInstanceManager: queryPkg com.photon.messenger com.android.systemui.action.PEOPLE_HUB_PERSON_EXTRACTOR
12-16 04:53:51.481  2425  2558 D PluginInstanceManager: queryPkg com.photon.messenger com.android.systemui.action.PLUGIN_VOLUME
12-16 04:53:51.481  2425  2558 D PluginInstanceManager: queryPkg com.photon.messenger com.android.systemui.action.PLUGIN_NOTIFICATION_MENU_ROW
12-16 04:53:51.481  2425  2558 D PluginInstanceManager: queryPkg com.photon.messenger com.android.systemui.action.PLUGIN_QS_FACTORY
12-16 04:53:51.481  2425  2425 D FaceWidgetMetadataParser: removePackage() key = com.photon.messenger
12-16 04:53:51.482  2398  2398 D CarrierSvcBindHelper: onPackageModified: com.photon.messenger
