12-16 04:36:20.773 16629 16766 I photon  : photon_messenger: LAN: Discovered peer via multicast: 192.168.115.50:33216
12-16 04:36:20.773 16629 16766 I photon  : photon_messenger: LAN: Multicast RX 117 bytes from 192.168.115.50:42992
12-16 04:36:20.773 16629 16766 I photon  : photon_messenger: LAN: Received discovery from 192.168.115.50:42992 (handle_proof: b73d993e..., port: 4383)
12-16 04:36:20.773 16629 16766 I photon  : photon_messenger: LAN: Discovered peer via multicast: 192.168.115.50:42992
12-16 04:36:20.773 16629 16766 I photon  : photon_messenger: LAN: IPv6 Multicast RX 117 bytes from [fe80::1c56:a9ff:fe87:f234%3]:39975
12-16 04:36:20.774 16629 16629 I photon  : photon_messenger: LAN: No contact matches handle_proof b73d993e5836132c (have: fractal decoder=7583b495579fc20c)
12-16 04:36:20.774 16629 16629 I photon  : photon_messenger: LAN: No contact matches handle_proof b73d993e5836132c (have: fractal decoder=7583b495579fc20c)
12-16 04:36:21.449 16629 16766 I photon  : photon_messenger: LAN: Multicast RX 117 bytes from 192.168.115.242:34264
12-16 04:36:21.449 16629 16766 I photon  : photon_messenger: LAN: Received discovery from 192.168.115.242:34264 (handle_proof: 7583b495..., port: 4383)
12-16 04:36:21.449 16629 16766 I photon  : photon_messenger: LAN: Discovered peer via multicast: 192.168.115.242:34264
12-16 04:36:21.449 16629 16766 I photon  : photon_messenger: LAN: Multicast RX 117 bytes from 192.168.115.242:40237
12-16 04:36:21.449 16629 16766 I photon  : photon_messenger: LAN: Received discovery from 192.168.115.242:40237 (handle_proof: 7583b495..., port: 4383)
12-16 04:36:21.449 16629 16766 I photon  : photon_messenger: LAN: Discovered peer via multicast: 192.168.115.242:40237
12-16 04:36:27.574 16629 16766 I photon  : photon_messenger: LAN: Multicast RX 117 bytes from 192.168.115.29:60960
12-16 04:36:27.574 16629 16766 I photon  : photon_messenger: LAN: Received discovery from 192.168.115.29:60960 (handle_proof: 646b83df..., port: 4383)
12-16 04:36:27.574 16629 16766 I photon  : photon_messenger: LAN: Discovered peer via multicast: 192.168.115.29:60960
12-16 04:36:27.576 16629 16629 I photon  : photon_messenger: LAN: No contact matches handle_proof 646b83df847ee0aa (have: fractal decoder=7583b495579fc20c)
12-16 04:36:27.778 16629 16766 I photon  : photon_messenger: LAN: Multicast RX 117 bytes from 192.168.115.29:38444
12-16 04:36:27.778 16629 16766 I photon  : photon_messenger: LAN: Received discovery from 192.168.115.29:38444 (handle_proof: 646b83df..., port: 4383)
12-16 04:36:27.778 16629 16766 I photon  : photon_messenger: LAN: Discovered peer via multicast: 192.168.115.29:38444
12-16 04:36:27.784 16629 16629 I photon  : photon_messenger: LAN: No contact matches handle_proof 646b83df847ee0aa (have: fractal decoder=7583b495579fc20c)
12-16 04:36:31.727 16629 16629 I photon  : photon_messenger: Status: Pinged 1 contact(s)
12-16 04:36:31.761 16629 16766 I photon  : photon_messenger: LAN: Multicast 117 bytes to 239.104.199.144:4384
12-16 04:36:31.761 16629 16766 I photon  : photon_messenger: LAN: Multicast 117 bytes to [ff02::68c7:9014]:4384
12-16 04:36:31.762 16629 16766 I photon  : photon_messenger: LAN: Broadcast 117 bytes to 192.168.115.255:4384 (from 192.168.115.50)
12-16 04:36:31.762 16629 16766 I photon  : photon_messenger: LAN: Multicast RX 117 bytes from 192.168.115.50:37309
12-16 04:36:31.762 16629 16766 I photon  : photon_messenger: LAN: Received discovery from 192.168.115.50:37309 (handle_proof: b73d993e..., port: 4383)
12-16 04:36:31.762 16629 16766 I photon  : photon_messenger: LAN: Discovered peer via multicast: 192.168.115.50:37309
12-16 04:36:31.762 16629 16766 I photon  : photon_messenger: LAN: Multicast RX 117 bytes from 192.168.115.50:44872
12-16 04:36:31.762 16629 16766 I photon  : photon_messenger: LAN: Received discovery from 192.168.115.50:44872 (handle_proof: b73d993e..., port: 4383)
12-16 04:36:31.762 16629 16766 I photon  : photon_messenger: LAN: Discovered peer via multicast: 192.168.115.50:44872
12-16 04:36:31.762 16629 16766 I photon  : photon_messenger: LAN: IPv6 Multicast RX 117 bytes from [fe80::1c56:a9ff:fe87:f234%3]:35141
12-16 04:36:31.770 16629 16629 I photon  : photon_messenger: LAN: No contact matches handle_proof b73d993e5836132c (have: fractal decoder=7583b495579fc20c)
12-16 04:36:31.770 16629 16629 I photon  : photon_messenger: LAN: No contact matches handle_proof b73d993e5836132c (have: fractal decoder=7583b495579fc20c)
12-16 04:36:42.729 16629 16629 I photon  : photon_messenger: Status: Pinged 1 contact(s)
12-16 04:36:42.755 16629 16766 I photon  : photon_messenger: LAN: Multicast 117 bytes to 239.104.199.144:4384
12-16 04:36:42.755 16629 16766 I photon  : photon_messenger: LAN: Multicast 117 bytes to [ff02::68c7:9014]:4384
12-16 04:36:42.757 16629 16766 I photon  : photon_messenger: LAN: Broadcast 117 bytes to 192.168.115.255:4384 (from 192.168.115.50)
12-16 04:36:42.758 16629 16766 I photon  : photon_messenger: LAN: Multicast RX 117 bytes from 192.168.115.50:40333
12-16 04:36:42.758 16629 16766 I photon  : photon_messenger: LAN: Received discovery from 192.168.115.50:40333 (handle_proof: b73d993e..., port: 4383)
12-16 04:36:42.758 16629 16766 I photon  : photon_messenger: LAN: Discovered peer via multicast: 192.168.115.50:40333
12-16 04:36:42.758 16629 16766 I photon  : photon_messenger: LAN: Multicast RX 117 bytes from 192.168.115.50:51886
12-16 04:36:42.758 16629 16766 I photon  : photon_messenger: LAN: Received discovery from 192.168.115.50:51886 (handle_proof: b73d993e..., port: 4383)
12-16 04:36:42.758 16629 16766 I photon  : photon_messenger: LAN: Discovered peer via multicast: 192.168.115.50:51886
12-16 04:36:42.758 16629 16766 I photon  : photon_messenger: LAN: IPv6 Multicast RX 117 bytes from [fe80::1c56:a9ff:fe87:f234%3]:37973
12-16 04:36:42.762 16629 16629 I photon  : photon_messenger: LAN: No contact matches handle_proof b73d993e5836132c (have: fractal decoder=7583b495579fc20c)
12-16 04:36:42.762 16629 16629 I photon  : photon_messenger: LAN: No contact matches handle_proof b73d993e5836132c (have: fractal decoder=7583b495579fc20c)
12-16 04:36:46.664 16629 16629 I photon  : photon_messenger: Network: Triggering FGTW refresh
12-16 04:36:46.664 16629 16701 I photon  : photon_messenger: Network: Refreshing FGTW announcement...
12-16 04:36:46.694 16629 16766 I photon  : photon_messenger: LAN: Multicast RX 117 bytes from 192.168.115.29:42583
12-16 04:36:46.694 16629 16766 I photon  : photon_messenger: LAN: Received discovery from 192.168.115.29:42583 (handle_proof: 646b83df..., port: 4383)
12-16 04:36:46.694 16629 16766 I photon  : photon_messenger: LAN: Discovered peer via multicast: 192.168.115.29:42583
12-16 04:36:46.694 16629 16766 I photon  : photon_messenger: LAN: Multicast RX 117 bytes from 192.168.115.29:38291
12-16 04:36:46.694 16629 16766 I photon  : photon_messenger: LAN: Received discovery from 192.168.115.29:38291 (handle_proof: 646b83df..., port: 4383)
12-16 04:36:46.694 16629 16766 I photon  : photon_messenger: LAN: Discovered peer via multicast: 192.168.115.29:38291
12-16 04:36:46.696 16629 16629 I photon  : photon_messenger: LAN: No contact matches handle_proof 646b83df847ee0aa (have: fractal decoder=7583b495579fc20c)
12-16 04:36:46.696 16629 16629 I photon  : photon_messenger: LAN: No contact matches handle_proof 646b83df847ee0aa (have: fractal decoder=7583b495579fc20c)
12-16 04:36:47.040 16629 16701 I photon  : photon_messenger: FGTW: Received 4 peer(s)
12-16 04:36:47.041 16629 16701 I photon  : photon_messenger: Network: Refresh updated 4 peer(s)
12-16 04:36:47.046 16629 16629 I photon  : photon_messenger: Network: Refresh got 4 peer(s)
12-16 04:36:47.046 16629 16629 I photon  : photon_messenger: Network: Broadcast ping to 4 peer(s)
12-16 04:36:47.046 16629 16629 I photon  : photon_messenger: Network: Updated fractal decoder IP: Some([::ffff:192.168.115.242]:4383) -> [2607:fb91:15ac:4661:9eb:8436:7625:8c3]:4383
12-16 04:36:47.046 16629 16629 I photon  : photon_messenger: Network: Updated 1 contact IP(s)
12-16 04:36:50.731 16629 16629 I photon  : photon_messenger: Status: Pinged 1 contact(s)
12-16 04:36:50.762 16629 16766 I photon  : photon_messenger: LAN: Multicast 117 bytes to 239.104.199.144:4384
12-16 04:36:50.763 16629 16766 I photon  : photon_messenger: LAN: Multicast 117 bytes to [ff02::68c7:9014]:4384
12-16 04:36:50.766 16629 16766 I photon  : photon_messenger: LAN: Broadcast 117 bytes to 192.168.115.255:4384 (from 192.168.115.50)
12-16 04:36:50.767 16629 16766 I photon  : photon_messenger: LAN: Multicast RX 117 bytes from 192.168.115.50:45980
12-16 04:36:50.767 16629 16766 I photon  : photon_messenger: LAN: Received discovery from 192.168.115.50:45980 (handle_proof: b73d993e..., port: 4383)
12-16 04:36:50.767 16629 16766 I photon  : photon_messenger: LAN: Discovered peer via multicast: 192.168.115.50:45980
12-16 04:36:50.767 16629 16766 I photon  : photon_messenger: LAN: Multicast RX 117 bytes from 192.168.115.50:54496
12-16 04:36:50.767 16629 16766 I photon  : photon_messenger: LAN: Received discovery from 192.168.115.50:54496 (handle_proof: b73d993e..., port: 4383)
12-16 04:36:50.767 16629 16766 I photon  : photon_messenger: LAN: Discovered peer via multicast: 192.168.115.50:54496
12-16 04:36:50.767 16629 16766 I photon  : photon_messenger: LAN: IPv6 Multicast RX 117 bytes from [fe80::1c56:a9ff:fe87:f234%3]:41727
12-16 04:36:50.772 16629 16629 I photon  : photon_messenger: LAN: No contact matches handle_proof b73d993e5836132c (have: fractal decoder=7583b495579fc20c)
12-16 04:36:50.772 16629 16629 I photon  : photon_messenger: LAN: No contact matches handle_proof b73d993e5836132c (have: fractal decoder=7583b495579fc20c)
12-16 04:36:50.989 16629 16629 I photon  : photon_messenger: Status: Updated fractal decoder IP from ping/pong: Some([2607:fb91:15ac:4661:9eb:8436:7625:8c3]:4383) -> [::ffff:192.168.115.242]:4383
12-16 04:36:52.100 16629 16766 I photon  : photon_messenger: Status: TIMEOUT (1/3) - 4bd30e9042bc02be (waiting for more failures before offline)
12-16 04:36:52.100 16629 16766 I photon  : photon_messenger: Status: TIMEOUT (1/3) - 0e89c7b2825f5149 (waiting for more failures before offline)
12-16 04:36:52.100 16629 16766 I photon  : photon_messenger: Status: TIMEOUT (3 consecutive) - 4f0a6b0501a551a4 marked offline
12-16 04:36:57.686 16629 16766 I photon  : photon_messenger: LAN: Multicast RX 117 bytes from 192.168.115.242:36448
12-16 04:36:57.687 16629 16766 I photon  : photon_messenger: LAN: Received discovery from 192.168.115.242:36448 (handle_proof: 7583b495..., port: 4383)
12-16 04:36:57.687 16629 16766 I photon  : photon_messenger: LAN: Discovered peer via multicast: 192.168.115.242:36448
12-16 04:36:57.690 16629 16766 I photon  : photon_messenger: LAN: Multicast RX 117 bytes from 192.168.115.242:57380
12-16 04:36:57.690 16629 16766 I photon  : photon_messenger: LAN: Received discovery from 192.168.115.242:57380 (handle_proof: 7583b495..., port: 4383)
12-16 04:36:57.690 16629 16766 I photon  : photon_messenger: LAN: Discovered peer via multicast: 192.168.115.242:57380
12-16 04:36:58.734 16629 16629 I photon  : photon_messenger: Status: Pinged 1 contact(s)
12-16 04:36:58.778 16629 16766 I photon  : photon_messenger: LAN: Multicast 117 bytes to 239.104.199.144:4384
12-16 04:36:58.778 16629 16766 I photon  : photon_messenger: LAN: Multicast 117 bytes to [ff02::68c7:9014]:4384
12-16 04:36:58.780 16629 16766 I photon  : photon_messenger: LAN: Broadcast 117 bytes to 192.168.115.255:4384 (from 192.168.115.50)
12-16 04:36:58.780 16629 16766 I photon  : photon_messenger: LAN: Multicast RX 117 bytes from 192.168.115.50:35053
12-16 04:36:58.780 16629 16766 I photon  : photon_messenger: LAN: Received discovery from 192.168.115.50:35053 (handle_proof: b73d993e..., port: 4383)
12-16 04:36:58.780 16629 16766 I photon  : photon_messenger: LAN: Discovered peer via multicast: 192.168.115.50:35053
12-16 04:36:58.780 16629 16766 I photon  : photon_messenger: LAN: Multicast RX 117 bytes from 192.168.115.50:35081
12-16 04:36:58.781 16629 16766 I photon  : photon_messenger: LAN: Received discovery from 192.168.115.50:35081 (handle_proof: b73d993e..., port: 4383)
12-16 04:36:58.781 16629 16766 I photon  : photon_messenger: LAN: Discovered peer via multicast: 192.168.115.50:35081
12-16 04:36:58.781 16629 16766 I photon  : photon_messenger: LAN: IPv6 Multicast RX 117 bytes from [fe80::1c56:a9ff:fe87:f234%3]:41133
12-16 04:36:58.783 16629 16629 I photon  : photon_messenger: LAN: No contact matches handle_proof b73d993e5836132c (have: fractal decoder=7583b495579fc20c)
12-16 04:36:58.783 16629 16629 I photon  : photon_messenger: LAN: No contact matches handle_proof b73d993e5836132c (have: fractal decoder=7583b495579fc20c)
12-16 04:37:05.062 16629 16766 I photon  : photon_messenger: LAN: Multicast RX 117 bytes from 192.168.115.242:42410
12-16 04:37:05.062 16629 16766 I photon  : photon_messenger: LAN: Received discovery from 192.168.115.242:42410 (handle_proof: 7583b495..., port: 4383)
12-16 04:37:05.062 16629 16766 I photon  : photon_messenger: LAN: Discovered peer via multicast: 192.168.115.242:42410
12-16 04:37:07.739 16629 16629 I photon  : photon_messenger: Status: Pinged 1 contact(s)
12-16 04:37:07.766 16629 16766 I photon  : photon_messenger: LAN: Multicast 117 bytes to 239.104.199.144:4384
12-16 04:37:07.767 16629 16766 I photon  : photon_messenger: LAN: Multicast 117 bytes to [ff02::68c7:9014]:4384
12-16 04:37:07.768 16629 16766 I photon  : photon_messenger: LAN: Broadcast 117 bytes to 192.168.115.255:4384 (from 192.168.115.50)
12-16 04:37:07.769 16629 16766 I photon  : photon_messenger: LAN: Multicast RX 117 bytes from 192.168.115.50:35191
12-16 04:37:07.769 16629 16766 I photon  : photon_messenger: LAN: Received discovery from 192.168.115.50:35191 (handle_proof: b73d993e..., port: 4383)
12-16 04:37:07.769 16629 16766 I photon  : photon_messenger: LAN: Discovered peer via multicast: 192.168.115.50:35191
12-16 04:37:07.769 16629 16766 I photon  : photon_messenger: LAN: Multicast RX 117 bytes from 192.168.115.50:46676
12-16 04:37:07.769 16629 16766 I photon  : photon_messenger: LAN: Received discovery from 192.168.115.50:46676 (handle_proof: b73d993e..., port: 4383)
12-16 04:37:07.769 16629 16766 I photon  : photon_messenger: LAN: Discovered peer via multicast: 192.168.115.50:46676
12-16 04:37:07.769 16629 16766 I photon  : photon_messenger: LAN: IPv6 Multicast RX 117 bytes from [fe80::1c56:a9ff:fe87:f234%3]:60984
12-16 04:37:07.772 16629 16629 I photon  : photon_messenger: LAN: No contact matches handle_proof b73d993e5836132c (have: fractal decoder=7583b495579fc20c)
12-16 04:37:07.772 16629 16629 I photon  : photon_messenger: LAN: No contact matches handle_proof b73d993e5836132c (have: fractal decoder=7583b495579fc20c)
12-16 04:37:19.744 16629 16629 I photon  : photon_messenger: Status: Pinged 1 contact(s)
12-16 04:37:19.781 16629 16766 I photon  : photon_messenger: LAN: Multicast 117 bytes to 239.104.199.144:4384
12-16 04:37:19.782 16629 16766 I photon  : photon_messenger: LAN: Multicast 117 bytes to [ff02::68c7:9014]:4384
12-16 04:37:19.783 16629 16766 I photon  : photon_messenger: LAN: Broadcast 117 bytes to 192.168.115.255:4384 (from 192.168.115.50)
12-16 04:37:19.784 16629 16766 I photon  : photon_messenger: LAN: Multicast RX 117 bytes from 192.168.115.50:41798
12-16 04:37:19.784 16629 16766 I photon  : photon_messenger: LAN: Received discovery from 192.168.115.50:41798 (handle_proof: b73d993e..., port: 4383)
12-16 04:37:19.784 16629 16766 I photon  : photon_messenger: LAN: Discovered peer via multicast: 192.168.115.50:41798
12-16 04:37:19.784 16629 16766 I photon  : photon_messenger: LAN: Multicast RX 117 bytes from 192.168.115.50:59787
12-16 04:37:19.784 16629 16766 I photon  : photon_messenger: LAN: Received discovery from 192.168.115.50:59787 (handle_proof: b73d993e..., port: 4383)
12-16 04:37:19.784 16629 16766 I photon  : photon_messenger: LAN: Discovered peer via multicast: 192.168.115.50:59787
12-16 04:37:19.784 16629 16766 I photon  : photon_messenger: LAN: IPv6 Multicast RX 117 bytes from [fe80::1c56:a9ff:fe87:f234%3]:37298
12-16 04:37:19.785 16629 16629 I photon  : photon_messenger: LAN: No contact matches handle_proof b73d993e5836132c (have: fractal decoder=7583b495579fc20c)
12-16 04:37:19.785 16629 16629 I photon  : photon_messenger: LAN: No contact matches handle_proof b73d993e5836132c (have: fractal decoder=7583b495579fc20c)
12-16 04:37:20.009 16629 16766 I photon  : photon_messenger: LAN: Multicast RX 117 bytes from 192.168.115.242:59280
12-16 04:37:20.009 16629 16766 I photon  : photon_messenger: LAN: Received discovery from 192.168.115.242:59280 (handle_proof: 7583b495..., port: 4383)
12-16 04:37:20.009 16629 16766 I photon  : photon_messenger: LAN: Discovered peer via multicast: 192.168.115.242:59280
12-16 04:37:20.216 16629 16766 I photon  : photon_messenger: LAN: Multicast RX 117 bytes from 192.168.115.242:35271
12-16 04:37:20.216 16629 16766 I photon  : photon_messenger: LAN: Received discovery from 192.168.115.242:35271 (handle_proof: 7583b495..., port: 4383)
12-16 04:37:20.216 16629 16766 I photon  : photon_messenger: LAN: Discovered peer via multicast: 192.168.115.242:35271
12-16 04:37:29.747 16629 16629 I photon  : photon_messenger: Status: Pinged 1 contact(s)
12-16 04:37:29.788 16629 16766 I photon  : photon_messenger: LAN: Multicast 117 bytes to 239.104.199.144:4384
12-16 04:37:29.788 16629 16766 I photon  : photon_messenger: LAN: Multicast 117 bytes to [ff02::68c7:9014]:4384
12-16 04:37:29.790 16629 16766 I photon  : photon_messenger: LAN: Broadcast 117 bytes to 192.168.115.255:4384 (from 192.168.115.50)
12-16 04:37:29.790 16629 16766 I photon  : photon_messenger: LAN: Multicast RX 117 bytes from 192.168.115.50:60703
12-16 04:37:29.790 16629 16766 I photon  : photon_messenger: LAN: Received discovery from 192.168.115.50:60703 (handle_proof: b73d993e..., port: 4383)
12-16 04:37:29.790 16629 16766 I photon  : photon_messenger: LAN: Discovered peer via multicast: 192.168.115.50:60703
12-16 04:37:29.790 16629 16766 I photon  : photon_messenger: LAN: Multicast RX 117 bytes from 192.168.115.50:58100
12-16 04:37:29.790 16629 16766 I photon  : photon_messenger: LAN: Received discovery from 192.168.115.50:58100 (handle_proof: b73d993e..., port: 4383)
12-16 04:37:29.790 16629 16766 I photon  : photon_messenger: LAN: Discovered peer via multicast: 192.168.115.50:58100
12-16 04:37:29.790 16629 16766 I photon  : photon_messenger: LAN: IPv6 Multicast RX 117 bytes from [fe80::1c56:a9ff:fe87:f234%3]:41588
12-16 04:37:29.797 16629 16629 I photon  : photon_messenger: LAN: No contact matches handle_proof b73d993e5836132c (have: fractal decoder=7583b495579fc20c)
12-16 04:37:29.797 16629 16629 I photon  : photon_messenger: LAN: No contact matches handle_proof b73d993e5836132c (have: fractal decoder=7583b495579fc20c)
12-16 04:37:38.751 16629 16629 I photon  : photon_messenger: Status: Pinged 1 contact(s)
12-16 04:37:38.762 16629 16766 I photon  : photon_messenger: LAN: Multicast 117 bytes to 239.104.199.144:4384
12-16 04:37:38.762 16629 16766 I photon  : photon_messenger: LAN: Multicast 117 bytes to [ff02::68c7:9014]:4384
12-16 04:37:38.764 16629 16766 I photon  : photon_messenger: LAN: Broadcast 117 bytes to 192.168.115.255:4384 (from 192.168.115.50)
12-16 04:37:38.764 16629 16766 I photon  : photon_messenger: LAN: Multicast RX 117 bytes from 192.168.115.50:58854
12-16 04:37:38.764 16629 16766 I photon  : photon_messenger: LAN: Received discovery from 192.168.115.50:58854 (handle_proof: b73d993e..., port: 4383)
12-16 04:37:38.764 16629 16766 I photon  : photon_messenger: LAN: Discovered peer via multicast: 192.168.115.50:58854
12-16 04:37:38.764 16629 16766 I photon  : photon_messenger: LAN: Multicast RX 117 bytes from 192.168.115.50:48532
12-16 04:37:38.765 16629 16766 I photon  : photon_messenger: LAN: Received discovery from 192.168.115.50:48532 (handle_proof: b73d993e..., port: 4383)
12-16 04:37:38.765 16629 16766 I photon  : photon_messenger: LAN: Discovered peer via multicast: 192.168.115.50:48532
12-16 04:37:38.765 16629 16766 I photon  : photon_messenger: LAN: IPv6 Multicast RX 117 bytes from [fe80::1c56:a9ff:fe87:f234%3]:50529
12-16 04:37:38.767 16629 16629 I photon  : photon_messenger: LAN: No contact matches handle_proof b73d993e5836132c (have: fractal decoder=7583b495579fc20c)
12-16 04:37:38.767 16629 16629 I photon  : photon_messenger: LAN: No contact matches handle_proof b73d993e5836132c (have: fractal decoder=7583b495579fc20c)
12-16 04:37:43.177 16629 16629 I photon  : photon_messenger: Status: Updated fractal decoder IP from ping/pong: Some([::ffff:192.168.115.242]:4383) -> [2607:fb91:15ac:4661:9eb:8436:7625:8c3]:4383
12-16 04:37:47.754 16629 16629 I photon  : photon_messenger: Status: Pinged 1 contact(s)
12-16 04:37:47.794 16629 16766 I photon  : photon_messenger: LAN: Multicast 117 bytes to 239.104.199.144:4384
12-16 04:37:47.795 16629 16766 I photon  : photon_messenger: LAN: Multicast 117 bytes to [ff02::68c7:9014]:4384
12-16 04:37:47.798 16629 16766 I photon  : photon_messenger: LAN: Broadcast 117 bytes to 192.168.115.255:4384 (from 192.168.115.50)
12-16 04:37:47.798 16629 16766 I photon  : photon_messenger: LAN: Multicast RX 117 bytes from 192.168.115.50:57522
12-16 04:37:47.799 16629 16766 I photon  : photon_messenger: LAN: Received discovery from 192.168.115.50:57522 (handle_proof: b73d993e..., port: 4383)
12-16 04:37:47.799 16629 16766 I photon  : photon_messenger: LAN: Discovered peer via multicast: 192.168.115.50:57522
12-16 04:37:47.799 16629 16766 I photon  : photon_messenger: LAN: Multicast RX 117 bytes from 192.168.115.50:52198
12-16 04:37:47.799 16629 16766 I photon  : photon_messenger: LAN: Received discovery from 192.168.115.50:52198 (handle_proof: b73d993e..., port: 4383)
12-16 04:37:47.799 16629 16766 I photon  : photon_messenger: LAN: Discovered peer via multicast: 192.168.115.50:52198
12-16 04:37:47.799 16629 16766 I photon  : photon_messenger: LAN: IPv6 Multicast RX 117 bytes from [fe80::1c56:a9ff:fe87:f234%3]:36411
12-16 04:37:47.803 16629 16629 I photon  : photon_messenger: LAN: No contact matches handle_proof b73d993e5836132c (have: fractal decoder=7583b495579fc20c)
12-16 04:37:47.803 16629 16629 I photon  : photon_messenger: LAN: No contact matches handle_proof b73d993e5836132c (have: fractal decoder=7583b495579fc20c)
12-16 04:37:48.078 16629 16629 I photon  : photon_messenger: Status: Updated fractal decoder IP from ping/pong: Some([2607:fb91:15ac:4661:9eb:8436:7625:8c3]:4383) -> [::ffff:192.168.115.242]:4383
12-16 04:37:49.091 16629 16766 I photon  : photon_messenger: LAN: Multicast RX 117 bytes from 192.168.115.242:35332
12-16 04:37:49.091 16629 16766 I photon  : photon_messenger: LAN: Received discovery from 192.168.115.242:35332 (handle_proof: 7583b495..., port: 4383)
12-16 04:37:49.091 16629 16766 I photon  : photon_messenger: LAN: Discovered peer via multicast: 192.168.115.242:35332
12-16 04:37:49.095 16629 16766 I photon  : photon_messenger: LAN: Multicast RX 117 bytes from 192.168.115.242:56061
12-16 04:37:49.095 16629 16766 I photon  : photon_messenger: LAN: Received discovery from 192.168.115.242:56061 (handle_proof: 7583b495..., port: 4383)
12-16 04:37:49.095 16629 16766 I photon  : photon_messenger: LAN: Discovered peer via multicast: 192.168.115.242:56061
12-16 04:37:51.539 16629 16766 I photon  : photon_messenger: LAN: Multicast RX 117 bytes from 192.168.115.29:53510
12-16 04:37:51.539 16629 16766 I photon  : photon_messenger: LAN: Received discovery from 192.168.115.29:53510 (handle_proof: 646b83df..., port: 4383)
12-16 04:37:51.539 16629 16766 I photon  : photon_messenger: LAN: Discovered peer via multicast: 192.168.115.29:53510
12-16 04:37:51.546 16629 16629 I photon  : photon_messenger: LAN: No contact matches handle_proof 646b83df847ee0aa (have: fractal decoder=7583b495579fc20c)
12-16 04:37:53.755 16629 16629 I photon  : photon_messenger: Status: Pinged 1 contact(s)
12-16 04:37:53.796 16629 16766 I photon  : photon_messenger: LAN: Multicast 117 bytes to 239.104.199.144:4384
12-16 04:37:53.797 16629 16766 I photon  : photon_messenger: LAN: Multicast 117 bytes to [ff02::68c7:9014]:4384
12-16 04:37:53.798 16629 16766 I photon  : photon_messenger: LAN: Broadcast 117 bytes to 192.168.115.255:4384 (from 192.168.115.50)
12-16 04:37:53.799 16629 16766 I photon  : photon_messenger: LAN: Multicast RX 117 bytes from 192.168.115.50:50072
12-16 04:37:53.799 16629 16766 I photon  : photon_messenger: LAN: Received discovery from 192.168.115.50:50072 (handle_proof: b73d993e..., port: 4383)
12-16 04:37:53.799 16629 16766 I photon  : photon_messenger: LAN: Discovered peer via multicast: 192.168.115.50:50072
12-16 04:37:53.799 16629 16766 I photon  : photon_messenger: LAN: Multicast RX 117 bytes from 192.168.115.50:39964
12-16 04:37:53.799 16629 16766 I photon  : photon_messenger: LAN: Received discovery from 192.168.115.50:39964 (handle_proof: b73d993e..., port: 4383)
12-16 04:37:53.799 16629 16766 I photon  : photon_messenger: LAN: Discovered peer via multicast: 192.168.115.50:39964
12-16 04:37:53.799 16629 16766 I photon  : photon_messenger: LAN: IPv6 Multicast RX 117 bytes from [fe80::1c56:a9ff:fe87:f234%3]:48133
12-16 04:37:53.806 16629 16629 I photon  : photon_messenger: LAN: No contact matches handle_proof b73d993e5836132c (have: fractal decoder=7583b495579fc20c)
12-16 04:37:53.806 16629 16629 I photon  : photon_messenger: LAN: No contact matches handle_proof b73d993e5836132c (have: fractal decoder=7583b495579fc20c)
12-16 04:37:59.757 16629 16629 I photon  : photon_messenger: Status: Pinged 1 contact(s)
12-16 04:37:59.803 16629 16766 I photon  : photon_messenger: LAN: Multicast 117 bytes to 239.104.199.144:4384
12-16 04:37:59.804 16629 16766 I photon  : photon_messenger: LAN: Multicast 117 bytes to [ff02::68c7:9014]:4384
12-16 04:37:59.807 16629 16766 I photon  : photon_messenger: LAN: Broadcast 117 bytes to 192.168.115.255:4384 (from 192.168.115.50)
12-16 04:37:59.808 16629 16766 I photon  : photon_messenger: LAN: Multicast RX 117 bytes from 192.168.115.50:38963
12-16 04:37:59.808 16629 16766 I photon  : photon_messenger: LAN: Received discovery from 192.168.115.50:38963 (handle_proof: b73d993e..., port: 4383)
12-16 04:37:59.808 16629 16766 I photon  : photon_messenger: LAN: Discovered peer via multicast: 192.168.115.50:38963
12-16 04:37:59.808 16629 16766 I photon  : photon_messenger: LAN: Multicast RX 117 bytes from 192.168.115.50:37778
12-16 04:37:59.808 16629 16766 I photon  : photon_messenger: LAN: Received discovery from 192.168.115.50:37778 (handle_proof: b73d993e..., port: 4383)
12-16 04:37:59.808 16629 16766 I photon  : photon_messenger: LAN: Discovered peer via multicast: 192.168.115.50:37778
12-16 04:37:59.808 16629 16766 I photon  : photon_messenger: LAN: IPv6 Multicast RX 117 bytes from [fe80::1c56:a9ff:fe87:f234%3]:48759
12-16 04:37:59.815 16629 16629 I photon  : photon_messenger: LAN: No contact matches handle_proof b73d993e5836132c (have: fractal decoder=7583b495579fc20c)
12-16 04:37:59.815 16629 16629 I photon  : photon_messenger: LAN: No contact matches handle_proof b73d993e5836132c (have: fractal decoder=7583b495579fc20c)
12-16 04:38:01.370 16629 16766 I photon  : photon_messenger: LAN: Multicast RX 117 bytes from 192.168.115.242:35517
12-16 04:38:01.370 16629 16766 I photon  : photon_messenger: LAN: Received discovery from 192.168.115.242:35517 (handle_proof: 7583b495..., port: 4383)
12-16 04:38:01.370 16629 16766 I photon  : photon_messenger: LAN: Discovered peer via multicast: 192.168.115.242:35517
12-16 04:38:01.373 16629 16766 I photon  : photon_messenger: LAN: Multicast RX 117 bytes from 192.168.115.242:52352
12-16 04:38:01.373 16629 16766 I photon  : photon_messenger: LAN: Received discovery from 192.168.115.242:52352 (handle_proof: 7583b495..., port: 4383)
12-16 04:38:01.373 16629 16766 I photon  : photon_messenger: LAN: Discovered peer via multicast: 192.168.115.242:52352
12-16 04:38:01.373 16629 16766 I photon  : photon_messenger: LAN: Multicast RX 117 bytes from 192.168.115.29:32815
12-16 04:38:01.374 16629 16766 I photon  : photon_messenger: LAN: Received discovery from 192.168.115.29:32815 (handle_proof: 646b83df..., port: 4383)
12-16 04:38:01.374 16629 16766 I photon  : photon_messenger: LAN: Discovered peer via multicast: 192.168.115.29:32815
12-16 04:38:01.374 16629 16629 I photon  : photon_messenger: LAN: No contact matches handle_proof 646b83df847ee0aa (have: fractal decoder=7583b495579fc20c)
12-16 04:38:01.375 16629 16766 I photon  : photon_messenger: LAN: Multicast RX 117 bytes from 192.168.115.29:41703
12-16 04:38:01.375 16629 16766 I photon  : photon_messenger: LAN: Received discovery from 192.168.115.29:41703 (handle_proof: 646b83df..., port: 4383)
12-16 04:38:01.375 16629 16766 I photon  : photon_messenger: LAN: Discovered peer via multicast: 192.168.115.29:41703
12-16 04:38:01.383 16629 16629 I photon  : photon_messenger: LAN: No contact matches handle_proof 646b83df847ee0aa (have: fractal decoder=7583b495579fc20c)
12-16 04:38:08.762 16629 16629 I photon  : photon_messenger: Status: Pinged 1 contact(s)
12-16 04:38:08.791 16629 16766 I photon  : photon_messenger: LAN: Multicast 117 bytes to 239.104.199.144:4384
12-16 04:38:08.791 16629 16766 I photon  : photon_messenger: LAN: Multicast 117 bytes to [ff02::68c7:9014]:4384
12-16 04:38:08.794 16629 16766 I photon  : photon_messenger: LAN: Broadcast 117 bytes to 192.168.115.255:4384 (from 192.168.115.50)
12-16 04:38:08.794 16629 16766 I photon  : photon_messenger: LAN: Multicast RX 117 bytes from 192.168.115.50:57134
12-16 04:38:08.794 16629 16766 I photon  : photon_messenger: LAN: Received discovery from 192.168.115.50:57134 (handle_proof: b73d993e..., port: 4383)
12-16 04:38:08.794 16629 16766 I photon  : photon_messenger: LAN: Discovered peer via multicast: 192.168.115.50:57134
12-16 04:38:08.794 16629 16766 I photon  : photon_messenger: LAN: Multicast RX 117 bytes from 192.168.115.50:52029
12-16 04:38:08.794 16629 16766 I photon  : photon_messenger: LAN: Received discovery from 192.168.115.50:52029 (handle_proof: b73d993e..., port: 4383)
12-16 04:38:08.794 16629 16766 I photon  : photon_messenger: LAN: Discovered peer via multicast: 192.168.115.50:52029
12-16 04:38:08.794 16629 16766 I photon  : photon_messenger: LAN: IPv6 Multicast RX 117 bytes from [fe80::1c56:a9ff:fe87:f234%3]:41694
12-16 04:38:08.795 16629 16629 I photon  : photon_messenger: LAN: No contact matches handle_proof b73d993e5836132c (have: fractal decoder=7583b495579fc20c)
12-16 04:38:08.795 16629 16629 I photon  : photon_messenger: LAN: No contact matches handle_proof b73d993e5836132c (have: fractal decoder=7583b495579fc20c)
12-16 04:38:13.457 16629 16766 I photon  : photon_messenger: LAN: Multicast RX 117 bytes from 192.168.115.242:53622
12-16 04:38:13.457 16629 16766 I photon  : photon_messenger: LAN: Received discovery from 192.168.115.242:53622 (handle_proof: 7583b495..., port: 4383)
12-16 04:38:13.457 16629 16766 I photon  : photon_messenger: LAN: Discovered peer via multicast: 192.168.115.242:53622
12-16 04:38:15.666 16629 16629 I photon  : photon_messenger: Network: Triggering FGTW refresh
12-16 04:38:15.666 16629 16701 I photon  : photon_messenger: Network: Refreshing FGTW announcement...
12-16 04:38:16.333 16629 16701 I photon  : photon_messenger: FGTW: Received 4 peer(s)
12-16 04:38:16.333 16629 16701 I photon  : photon_messenger: Network: Refresh updated 4 peer(s)
12-16 04:38:16.341 16629 16629 I photon  : photon_messenger: Network: Refresh got 4 peer(s)
12-16 04:38:16.341 16629 16629 I photon  : photon_messenger: Network: Broadcast ping to 4 peer(s)
12-16 04:38:16.341 16629 16629 I photon  : photon_messenger: Network: Updated fractal decoder IP: Some([::ffff:192.168.115.242]:4383) -> [2607:fb91:15ac:4661:9eb:8436:7625:8c3]:4383
12-16 04:38:16.341 16629 16629 I photon  : photon_messenger: Network: Updated 1 contact IP(s)
12-16 04:38:21.418 16629 16766 I photon  : photon_messenger: Status: TIMEOUT (2/3) - 4bd30e9042bc02be (waiting for more failures before offline)
12-16 04:38:21.419 16629 16766 I photon  : photon_messenger: Status: TIMEOUT (2/3) - 0e89c7b2825f5149 (waiting for more failures before offline)
12-16 04:38:21.419 16629 16766 I photon  : photon_messenger: Status: TIMEOUT (1/3) - 4f0a6b0501a551a4 (waiting for more failures before offline)
12-16 04:38:21.770 16629 16629 I photon  : photon_messenger: Status: Pinged 1 contact(s)
12-16 04:38:21.778 16629 16766 I photon  : photon_messenger: LAN: Multicast 117 bytes to 239.104.199.144:4384
12-16 04:38:21.778 16629 16766 I photon  : photon_messenger: LAN: Multicast 117 bytes to [ff02::68c7:9014]:4384
12-16 04:38:21.780 16629 16766 I photon  : photon_messenger: LAN: Broadcast 117 bytes to 192.168.115.255:4384 (from 192.168.115.50)
12-16 04:38:21.781 16629 16766 I photon  : photon_messenger: LAN: Multicast RX 117 bytes from 192.168.115.50:43128
12-16 04:38:21.781 16629 16766 I photon  : photon_messenger: LAN: Received discovery from 192.168.115.50:43128 (handle_proof: b73d993e..., port: 4383)
12-16 04:38:21.781 16629 16766 I photon  : photon_messenger: LAN: Discovered peer via multicast: 192.168.115.50:43128
12-16 04:38:21.781 16629 16766 I photon  : photon_messenger: LAN: Multicast RX 117 bytes from 192.168.115.50:58366
12-16 04:38:21.781 16629 16766 I photon  : photon_messenger: LAN: Received discovery from 192.168.115.50:58366 (handle_proof: b73d993e..., port: 4383)
12-16 04:38:21.781 16629 16766 I photon  : photon_messenger: LAN: Discovered peer via multicast: 192.168.115.50:58366
12-16 04:38:21.781 16629 16766 I photon  : photon_messenger: LAN: IPv6 Multicast RX 117 bytes from [fe80::1c56:a9ff:fe87:f234%3]:35267
12-16 04:38:21.786 16629 16629 I photon  : photon_messenger: LAN: No contact matches handle_proof b73d993e5836132c (have: fractal decoder=7583b495579fc20c)
12-16 04:38:21.786 16629 16629 I photon  : photon_messenger: LAN: No contact matches handle_proof b73d993e5836132c (have: fractal decoder=7583b495579fc20c)
12-16 04:38:21.894 16629 16629 I photon  : photon_messenger: Status: Updated fractal decoder IP from ping/pong: Some([2607:fb91:15ac:4661:9eb:8436:7625:8c3]:4383) -> [::ffff:192.168.115.242]:4383
12-16 04:38:22.682 16629 16766 I photon  : photon_messenger: LAN: Multicast RX 117 bytes from 192.168.115.29:39893
12-16 04:38:22.682 16629 16766 I photon  : photon_messenger: LAN: Received discovery from 192.168.115.29:39893 (handle_proof: 646b83df..., port: 4383)
12-16 04:38:22.682 16629 16766 I photon  : photon_messenger: LAN: Discovered peer via multicast: 192.168.115.29:39893
12-16 04:38:22.682 16629 16766 I photon  : photon_messenger: LAN: Multicast RX 117 bytes from 192.168.115.29:58236
12-16 04:38:22.682 16629 16766 I photon  : photon_messenger: LAN: Received discovery from 192.168.115.29:58236 (handle_proof: 646b83df..., port: 4383)
12-16 04:38:22.682 16629 16766 I photon  : photon_messenger: LAN: Discovered peer via multicast: 192.168.115.29:58236
12-16 04:38:22.687 16629 16629 I photon  : photon_messenger: LAN: No contact matches handle_proof 646b83df847ee0aa (have: fractal decoder=7583b495579fc20c)
12-16 04:38:22.687 16629 16629 I photon  : photon_messenger: LAN: No contact matches handle_proof 646b83df847ee0aa (have: fractal decoder=7583b495579fc20c)
12-16 04:38:26.773 16629 16629 I photon  : photon_messenger: Status: Pinged 1 contact(s)
12-16 04:38:26.814 16629 16766 I photon  : photon_messenger: LAN: Multicast 117 bytes to 239.104.199.144:4384
12-16 04:38:26.814 16629 16766 I photon  : photon_messenger: LAN: Multicast 117 bytes to [ff02::68c7:9014]:4384
12-16 04:38:26.816 16629 16766 I photon  : photon_messenger: LAN: Broadcast 117 bytes to 192.168.115.255:4384 (from 192.168.115.50)
12-16 04:38:26.817 16629 16766 I photon  : photon_messenger: LAN: Multicast RX 117 bytes from 192.168.115.50:36611
12-16 04:38:26.817 16629 16766 I photon  : photon_messenger: LAN: Received discovery from 192.168.115.50:36611 (handle_proof: b73d993e..., port: 4383)
12-16 04:38:26.817 16629 16766 I photon  : photon_messenger: LAN: Discovered peer via multicast: 192.168.115.50:36611
12-16 04:38:26.817 16629 16766 I photon  : photon_messenger: LAN: Multicast RX 117 bytes from 192.168.115.50:37965
12-16 04:38:26.817 16629 16766 I photon  : photon_messenger: LAN: Received discovery from 192.168.115.50:37965 (handle_proof: b73d993e..., port: 4383)
12-16 04:38:26.817 16629 16766 I photon  : photon_messenger: LAN: Discovered peer via multicast: 192.168.115.50:37965
12-16 04:38:26.817 16629 16766 I photon  : photon_messenger: LAN: IPv6 Multicast RX 117 bytes from [fe80::1c56:a9ff:fe87:f234%3]:51088
12-16 04:38:26.823 16629 16629 I photon  : photon_messenger: LAN: No contact matches handle_proof b73d993e5836132c (have: fractal decoder=7583b495579fc20c)
12-16 04:38:26.823 16629 16629 I photon  : photon_messenger: LAN: No contact matches handle_proof b73d993e5836132c (have: fractal decoder=7583b495579fc20c)
12-16 04:38:32.776 16629 16629 I photon  : photon_messenger: Status: Pinged 1 contact(s)
12-16 04:38:32.820 16629 16766 I photon  : photon_messenger: LAN: Multicast 117 bytes to 239.104.199.144:4384
12-16 04:38:32.820 16629 16766 I photon  : photon_messenger: LAN: Multicast 117 bytes to [ff02::68c7:9014]:4384
12-16 04:38:32.822 16629 16766 I photon  : photon_messenger: LAN: Broadcast 117 bytes to 192.168.115.255:4384 (from 192.168.115.50)
12-16 04:38:32.822 16629 16766 I photon  : photon_messenger: LAN: Multicast RX 117 bytes from 192.168.115.50:42720
12-16 04:38:32.822 16629 16766 I photon  : photon_messenger: LAN: Received discovery from 192.168.115.50:42720 (handle_proof: b73d993e..., port: 4383)
12-16 04:38:32.822 16629 16766 I photon  : photon_messenger: LAN: Discovered peer via multicast: 192.168.115.50:42720
12-16 04:38:32.823 16629 16766 I photon  : photon_messenger: LAN: Multicast RX 117 bytes from 192.168.115.50:35513
12-16 04:38:32.823 16629 16766 I photon  : photon_messenger: LAN: Received discovery from 192.168.115.50:35513 (handle_proof: b73d993e..., port: 4383)
12-16 04:38:32.823 16629 16766 I photon  : photon_messenger: LAN: Discovered peer via multicast: 192.168.115.50:35513
12-16 04:38:32.823 16629 16766 I photon  : photon_messenger: LAN: IPv6 Multicast RX 117 bytes from [fe80::1c56:a9ff:fe87:f234%3]:47874
12-16 04:38:32.826 16629 16629 I photon  : photon_messenger: LAN: No contact matches handle_proof b73d993e5836132c (have: fractal decoder=7583b495579fc20c)
12-16 04:38:32.826 16629 16629 I photon  : photon_messenger: LAN: No contact matches handle_proof b73d993e5836132c (have: fractal decoder=7583b495579fc20c)
12-16 04:38:33.729 16629 16766 I photon  : photon_messenger: LAN: Multicast RX 117 bytes from 192.168.115.29:56299
12-16 04:38:33.730 16629 16766 I photon  : photon_messenger: LAN: Received discovery from 192.168.115.29:56299 (handle_proof: 646b83df..., port: 4383)
12-16 04:38:33.730 16629 16766 I photon  : photon_messenger: LAN: Discovered peer via multicast: 192.168.115.29:56299
12-16 04:38:33.735 16629 16629 I photon  : photon_messenger: LAN: No contact matches handle_proof 646b83df847ee0aa (have: fractal decoder=7583b495579fc20c)
12-16 04:38:33.943 16629 16766 I photon  : photon_messenger: LAN: Multicast RX 117 bytes from 192.168.115.29:55007
12-16 04:38:33.943 16629 16766 I photon  : photon_messenger: LAN: Received discovery from 192.168.115.29:55007 (handle_proof: 646b83df..., port: 4383)
12-16 04:38:33.944 16629 16766 I photon  : photon_messenger: LAN: Discovered peer via multicast: 192.168.115.29:55007
12-16 04:38:33.952 16629 16629 I photon  : photon_messenger: LAN: No contact matches handle_proof 646b83df847ee0aa (have: fractal decoder=7583b495579fc20c)
12-16 04:38:38.448 16629 16766 I photon  : photon_messenger: LAN: Multicast RX 117 bytes from 192.168.115.242:40842
12-16 04:38:38.448 16629 16766 I photon  : photon_messenger: LAN: Received discovery from 192.168.115.242:40842 (handle_proof: 7583b495..., port: 4383)
12-16 04:38:38.448 16629 16766 I photon  : photon_messenger: LAN: Discovered peer via multicast: 192.168.115.242:40842
12-16 04:38:38.452 16629 16766 I photon  : photon_messenger: LAN: Multicast RX 117 bytes from 192.168.115.242:51280
12-16 04:38:38.452 16629 16766 I photon  : photon_messenger: LAN: Received discovery from 192.168.115.242:51280 (handle_proof: 7583b495..., port: 4383)
12-16 04:38:38.452 16629 16766 I photon  : photon_messenger: LAN: Discovered peer via multicast: 192.168.115.242:51280
12-16 04:38:42.782 16629 16629 I photon  : photon_messenger: Status: Pinged 1 contact(s)
12-16 04:38:42.786 16629 16766 I photon  : photon_messenger: LAN: Multicast 117 bytes to 239.104.199.144:4384
12-16 04:38:42.786 16629 16766 I photon  : photon_messenger: LAN: Multicast 117 bytes to [ff02::68c7:9014]:4384
12-16 04:38:42.789 16629 16766 I photon  : photon_messenger: LAN: Broadcast 117 bytes to 192.168.115.255:4384 (from 192.168.115.50)
12-16 04:38:42.790 16629 16766 I photon  : photon_messenger: LAN: Multicast RX 117 bytes from 192.168.115.50:48978
12-16 04:38:42.790 16629 16766 I photon  : photon_messenger: LAN: Received discovery from 192.168.115.50:48978 (handle_proof: b73d993e..., port: 4383)
12-16 04:38:42.790 16629 16766 I photon  : photon_messenger: LAN: Discovered peer via multicast: 192.168.115.50:48978
12-16 04:38:42.790 16629 16766 I photon  : photon_messenger: LAN: Multicast RX 117 bytes from 192.168.115.50:32856
12-16 04:38:42.790 16629 16766 I photon  : photon_messenger: LAN: Received discovery from 192.168.115.50:32856 (handle_proof: b73d993e..., port: 4383)
12-16 04:38:42.790 16629 16766 I photon  : photon_messenger: LAN: Discovered peer via multicast: 192.168.115.50:32856
12-16 04:38:42.790 16629 16766 I photon  : photon_messenger: LAN: IPv6 Multicast RX 117 bytes from [fe80::1c56:a9ff:fe87:f234%3]:39638
12-16 04:38:42.797 16629 16629 I photon  : photon_messenger: LAN: No contact matches handle_proof b73d993e5836132c (have: fractal decoder=7583b495579fc20c)
12-16 04:38:42.797 16629 16629 I photon  : photon_messenger: LAN: No contact matches handle_proof b73d993e5836132c (have: fractal decoder=7583b495579fc20c)
12-16 04:38:53.199 16629 16766 I photon  : photon_messenger: LAN: Multicast RX 117 bytes from 192.168.115.242:41101
12-16 04:38:53.199 16629 16766 I photon  : photon_messenger: LAN: Received discovery from 192.168.115.242:41101 (handle_proof: 7583b495..., port: 4383)
12-16 04:38:53.199 16629 16766 I photon  : photon_messenger: LAN: Discovered peer via multicast: 192.168.115.242:41101
12-16 04:38:53.199 16629 16766 I photon  : photon_messenger: LAN: Multicast RX 117 bytes from 192.168.115.242:46332
12-16 04:38:53.199 16629 16766 I photon  : photon_messenger: LAN: Received discovery from 192.168.115.242:46332 (handle_proof: 7583b495..., port: 4383)
12-16 04:38:53.199 16629 16766 I photon  : photon_messenger: LAN: Discovered peer via multicast: 192.168.115.242:46332
12-16 04:38:55.788 16629 16629 I photon  : photon_messenger: Status: Pinged 1 contact(s)
12-16 04:38:55.829 16629 16766 I photon  : photon_messenger: LAN: Multicast 117 bytes to 239.104.199.144:4384
12-16 04:38:55.829 16629 16766 I photon  : photon_messenger: LAN: Multicast 117 bytes to [ff02::68c7:9014]:4384
12-16 04:38:55.831 16629 16766 I photon  : photon_messenger: LAN: Broadcast 117 bytes to 192.168.115.255:4384 (from 192.168.115.50)
12-16 04:38:55.831 16629 16766 I photon  : photon_messenger: LAN: Multicast RX 117 bytes from 192.168.115.50:36497
12-16 04:38:55.831 16629 16766 I photon  : photon_messenger: LAN: Received discovery from 192.168.115.50:36497 (handle_proof: b73d993e..., port: 4383)
12-16 04:38:55.831 16629 16766 I photon  : photon_messenger: LAN: Discovered peer via multicast: 192.168.115.50:36497
12-16 04:38:55.831 16629 16766 I photon  : photon_messenger: LAN: Multicast RX 117 bytes from 192.168.115.50:51386
12-16 04:38:55.831 16629 16766 I photon  : photon_messenger: LAN: Received discovery from 192.168.115.50:51386 (handle_proof: b73d993e..., port: 4383)
12-16 04:38:55.831 16629 16766 I photon  : photon_messenger: LAN: Discovered peer via multicast: 192.168.115.50:51386
12-16 04:38:55.831 16629 16766 I photon  : photon_messenger: LAN: IPv6 Multicast RX 117 bytes from [fe80::1c56:a9ff:fe87:f234%3]:47050
12-16 04:38:55.837 16629 16629 I photon  : photon_messenger: LAN: No contact matches handle_proof b73d993e5836132c (have: fractal decoder=7583b495579fc20c)
12-16 04:38:55.838 16629 16629 I photon  : photon_messenger: LAN: No contact matches handle_proof b73d993e5836132c (have: fractal decoder=7583b495579fc20c)
12-16 04:38:58.716 16629 16766 I photon  : photon_messenger: LAN: Multicast RX 117 bytes from 192.168.115.29:46121
12-16 04:38:58.717 16629 16766 I photon  : photon_messenger: LAN: Received discovery from 192.168.115.29:46121 (handle_proof: 646b83df..., port: 4383)
12-16 04:38:58.717 16629 16766 I photon  : photon_messenger: LAN: Discovered peer via multicast: 192.168.115.29:46121
12-16 04:38:58.723 16629 16629 I photon  : photon_messenger: LAN: No contact matches handle_proof 646b83df847ee0aa (have: fractal decoder=7583b495579fc20c)
12-16 04:38:58.919 16629 16766 I photon  : photon_messenger: LAN: Multicast RX 117 bytes from 192.168.115.29:37275
12-16 04:38:58.919 16629 16766 I photon  : photon_messenger: LAN: Received discovery from 192.168.115.29:37275 (handle_proof: 646b83df..., port: 4383)
12-16 04:38:58.919 16629 16766 I photon  : photon_messenger: LAN: Discovered peer via multicast: 192.168.115.29:37275
12-16 04:38:58.923 16629 16629 I photon  : photon_messenger: LAN: No contact matches handle_proof 646b83df847ee0aa (have: fractal decoder=7583b495579fc20c)
12-16 04:39:00.941 16629 16629 I photon  : photon_messenger: Status: Updated fractal decoder IP from ping/pong: Some([::ffff:192.168.115.242]:4383) -> [2607:fb91:15ac:4661:9eb:8436:7625:8c3]:4383
12-16 04:39:00.967 16629 16766 I photon  : photon_messenger: LAN: Multicast RX 117 bytes from 192.168.115.242:54900
12-16 04:39:00.967 16629 16766 I photon  : photon_messenger: LAN: Received discovery from 192.168.115.242:54900 (handle_proof: 7583b495..., port: 4383)
12-16 04:39:00.967 16629 16766 I photon  : photon_messenger: LAN: Discovered peer via multicast: 192.168.115.242:54900
12-16 04:39:00.969 16629 16766 I photon  : photon_messenger: LAN: Multicast RX 117 bytes from 192.168.115.242:47927
12-16 04:39:00.969 16629 16766 I photon  : photon_messenger: LAN: Received discovery from 192.168.115.242:47927 (handle_proof: 7583b495..., port: 4383)
12-16 04:39:00.969 16629 16766 I photon  : photon_messenger: LAN: Discovered peer via multicast: 192.168.115.242:47927
12-16 04:39:07.794 16629 16629 I photon  : photon_messenger: Status: Pinged 1 contact(s)
12-16 04:39:07.803 16629 16766 I photon  : photon_messenger: LAN: Multicast 117 bytes to 239.104.199.144:4384
12-16 04:39:07.804 16629 16766 I photon  : photon_messenger: LAN: Multicast 117 bytes to [ff02::68c7:9014]:4384
12-16 04:39:07.807 16629 16766 I photon  : photon_messenger: LAN: Broadcast 117 bytes to 192.168.115.255:4384 (from 192.168.115.50)
12-16 04:39:07.808 16629 16766 I photon  : photon_messenger: LAN: Multicast RX 117 bytes from 192.168.115.50:58682
12-16 04:39:07.808 16629 16766 I photon  : photon_messenger: LAN: Received discovery from 192.168.115.50:58682 (handle_proof: b73d993e..., port: 4383)
12-16 04:39:07.808 16629 16766 I photon  : photon_messenger: LAN: Discovered peer via multicast: 192.168.115.50:58682
12-16 04:39:07.808 16629 16766 I photon  : photon_messenger: LAN: Multicast RX 117 bytes from 192.168.115.50:51988
12-16 04:39:07.808 16629 16766 I photon  : photon_messenger: LAN: Received discovery from 192.168.115.50:51988 (handle_proof: b73d993e..., port: 4383)
12-16 04:39:07.808 16629 16766 I photon  : photon_messenger: LAN: Discovered peer via multicast: 192.168.115.50:51988
12-16 04:39:07.808 16629 16766 I photon  : photon_messenger: LAN: IPv6 Multicast RX 117 bytes from [fe80::1c56:a9ff:fe87:f234%3]:32853
12-16 04:39:07.811 16629 16629 I photon  : photon_messenger: LAN: No contact matches handle_proof b73d993e5836132c (have: fractal decoder=7583b495579fc20c)
12-16 04:39:07.811 16629 16629 I photon  : photon_messenger: LAN: No contact matches handle_proof b73d993e5836132c (have: fractal decoder=7583b495579fc20c)
12-16 04:39:08.053 16629 16629 I photon  : photon_messenger: Status: Updated fractal decoder IP from ping/pong: Some([2607:fb91:15ac:4661:9eb:8436:7625:8c3]:4383) -> [::ffff:192.168.115.242]:4383
12-16 04:39:13.049 16629 16766 I photon  : photon_messenger: LAN: Multicast RX 117 bytes from 192.168.115.242:46242
12-16 04:39:13.049 16629 16766 I photon  : photon_messenger: LAN: Received discovery from 192.168.115.242:46242 (handle_proof: 7583b495..., port: 4383)
12-16 04:39:13.049 16629 16766 I photon  : photon_messenger: LAN: Discovered peer via multicast: 192.168.115.242:46242
12-16 04:39:13.052 16629 16766 I photon  : photon_messenger: LAN: Multicast RX 117 bytes from 192.168.115.242:50944
12-16 04:39:13.052 16629 16766 I photon  : photon_messenger: LAN: Received discovery from 192.168.115.242:50944 (handle_proof: 7583b495..., port: 4383)
12-16 04:39:13.052 16629 16766 I photon  : photon_messenger: LAN: Discovered peer via multicast: 192.168.115.242:50944
12-16 04:39:18.799 16629 16629 I photon  : photon_messenger: Status: Pinged 1 contact(s)
12-16 04:39:18.836 16629 16766 I photon  : photon_messenger: LAN: Multicast 117 bytes to 239.104.199.144:4384
12-16 04:39:18.836 16629 16766 I photon  : photon_messenger: LAN: Multicast 117 bytes to [ff02::68c7:9014]:4384
12-16 04:39:18.838 16629 16766 I photon  : photon_messenger: LAN: Broadcast 117 bytes to 192.168.115.255:4384 (from 192.168.115.50)
12-16 04:39:18.838 16629 16766 I photon  : photon_messenger: LAN: Multicast RX 117 bytes from 192.168.115.50:48157
12-16 04:39:18.838 16629 16766 I photon  : photon_messenger: LAN: Received discovery from 192.168.115.50:48157 (handle_proof: b73d993e..., port: 4383)
