12-16 04:49:29.077  1283  4742 D InsetsSourceProvider: updateVisibility: serverVisible=true, clientVisible=true, source=InsetsSource: {mType=ITYPE_IME, mFrame=[0,1374][1080,2400], mVisibleFrame=[0,1374][1080,2400], mVisible=true, mInsetsRoundedCornerFrame=false}, controlTarget=Window{c581119 u0 com.photon.messenger/com.photon.messenger.PhotonActivity}, from=com.android.server.wm.ImeInsetsSourceProvider.updateVisibility:98 com.android.server.wm.InsetsSourceProvider.setClientVisible:536 com.android.server.wm.InsetsSourceProvider.updateClientVisibility:518 com.android.server.wm.ImeInsetsSourceProvider.updateClientVisibility:114 com.android.server.wm.InsetsStateController.onInsetsModified:250 com.android.server.wm.InsetsPolicy.onInsetsModified:556 com.android.server.wm.Session.updateRequestedVisibilities:752 android.view.IWindowSession$Stub.onTransact:1184 com.android.server.wm.Session.onTransact:188 android.os.Binder.execTransactInternal:1321 
12-16 04:49:29.078  1283  4742 D WindowManager: updateSystemBarAttributes: displayId=0, win=Window{c581119 u0 com.photon.messenger/com.photon.messenger.PhotonActivity}, navColorWin=Window{86f6438 u0 InputMethod}, focusedCanBeNavColorWin=false, behavior=1, appearance=0, statusBarAppearanceRegions=[AppearanceRegion{ bounds=[0,0][1080,2400]}], requestedVisibilities=ITYPE_IME: visible, from=com.android.server.wm.InsetsStateController.onInsetsModified:256 com.android.server.wm.InsetsPolicy.onInsetsModified:556 com.android.server.wm.Session.updateRequestedVisibilities:752 
12-16 04:49:29.080 17798 17873 I ViewRootImpl@7369d29[PhotonActivity]: Resizing android.view.ViewRootImpl@baa91ba: frame = [0,0][1080,2400] reportDraw = false forceLayout = false syncSeqId = 0
12-16 04:49:29.086 17798 17798 I SurfaceView@e7f0e9e: applyTransactionOnVriDraw: vri = ViewRootImpl@7369d29[PhotonActivity] fRS = false t = 0xb40000720bc3ea00 android.view.SurfaceView.performSurfaceTransaction:959 android.view.SurfaceView.updateSurface:1105 android.view.SurfaceView.setFrame:525 
12-16 04:49:29.086 17798 17798 I ViewRootImpl@7369d29[PhotonActivity]: applyTransactionOnDraw: mRemoved = false isHardwareEnabled = true t = 0xb40000720bc3ea00android.view.SurfaceView.applyTransactionOnVriDraw:2048 android.view.SurfaceView.performSurfaceTransaction:959 android.view.SurfaceView.updateSurface:1105 android.view.SurfaceView.setFrame:525 android.view.View.layout:24966 
12-16 04:49:29.086 17798 17798 I SurfaceView@e7f0e9e: surfaceChanged (1080,1286) 1 #5 com.photon.messenger.PhotonSurfaceView{e7f0e9e VFE...... .F....ID 0,0-1080,1286 aid=1073741824}
12-16 04:49:29.086 17798 17798 I photon  : photon_messenger::platform::jni_android: Resizing Photon: 1080x1286
12-16 04:49:29.087 17798 17798 D InsetsController: onStateChanged: InsetsState: {mDisplayFrame=Rect(0, 0 - 1080, 2400), mDisplayCutout=DisplayCutout{insets=Rect(0, 88 - 0, 0) waterfall=Insets{left=0, top=0, right=0, bottom=0} boundingRect={Bounds=[Rect(0, 0 - 0, 0), Rect(512, 0 - 568, 88), Rect(0, 0 - 0, 0), Rect(0, 0 - 0, 0)]} cutoutPathParserInfo={CutoutPathParserInfo{displayWidth=1080 displayHeight=2400 physicalDisplayWidth=1080 physicalDisplayHeight=2400 density={3.0} cutoutSpec={M 0,0 M 0,10.71963616907435 a 9.280363830925644,9.280363830925644 0 1,0 0,18.56072766185129 a 9.280363830925644,9.280363830925644 0 1,0 0,-18.56072766185129 Z @dp} rotation={0} scale={1.0} physicalPixelDisplaySizeRatio={1.0}}}}, mRoundedCorners=RoundedCorners{[RoundedCorner{position=TopLeft, radius=96, center=Point(96, 96)}, RoundedCorner{position=TopRight, radius=96, center=Point(984, 96)}, RoundedCorner{position=BottomRight, radius=96, center=Point(984, 2304)}, RoundedCorner{position=BottomLeft, radius=96, center=Point(96, 2304)}]}  mRoundedCornerFrame=Rect(0, 0 - 1080, 2400), mPrivacyIndicatorBounds=PrivacyIndicatorBounds {static bounds=Rect(948, 0 - 1080, 88) rotation=0}, mSources= { InsetsSource: {mType=ITYPE_STATUS_BAR, mFrame=[0,0][1080,88], mVisible=true, mInsetsRoundedCornerFrame=false}, InsetsSource: {mType=ITYPE_NAVIGATION_BAR, mFrame=[0,2256][1080,2400], mVisible=true, mInsetsRoundedCornerFrame=false}, InsetsSource: {mType=ITYPE_LEFT_GESTURES, mFrame=[0,0][0,2400], mVisible=true, mInsetsRoundedCornerFrame=false}, InsetsSource: {mType=ITYPE_RIGHT_GESTURES, mFrame=[1080,0][1080,2400], mVisible=true, mInsetsRoundedCornerFrame=false}, InsetsSource: {mType=ITYPE_TOP_MANDATORY_GESTURES, mFrame=[0,0][1080,124], mVisible=true, mInsetsRoundedCornerFrame=false}, InsetsSource: {mType=ITYPE_BOTTOM_MANDATORY_GESTURES, mFrame=[0,2256][1080,2400], mVisible=true, mInsetsRoundedCornerFrame=false}, InsetsSource: {mType=ITYPE_LEFT_DISPLAY_CUTOUT, mFrame=[0,0][-100000,2400], mVisible=true, mInsetsRoundedCornerFrame=false}, InsetsSource: {mType=ITYPE_TOP_DISPLAY_CUTOUT, mFrame=[0,0][1080,88], mVisible=true, mInsetsRoundedCornerFrame=false}, InsetsSource: {mType=ITYPE_RIGHT_DISPLAY_CUTOUT, mFrame=[100000,0][1080,2400], mVisible=true, mInsetsRoundedCornerFrame=false}, InsetsSource: {mType=ITYPE_BOTTOM_DISPLAY_CUTOUT, mFrame=[0,100000][1080,2400], mVisible=true, mInsetsRoundedCornerFrame=false}, InsetsSource: {mType=ITYPE_TOP_TAPPABLE_ELEMENT, mFrame=[0,0][1080,88], mVisible=true, mInsetsRoundedCornerFrame=false}, InsetsSource: {mType=ITYPE_BOTTOM_TAPPABLE_ELEMENT, mFrame=[0,2256][1080,2400], mVisible=true, mInsetsRoundedCornerFrame=false}, InsetsSource: {mType=ITYPE_IME, mFrame=[0,1374][1080,2400], mVisibleFrame=[0,1374][1080,2400], mVisible=true, mInsetsRoundedCornerFrame=false} } host=com.photon.messenger/com.photon.messenger.PhotonActivity from=android.view.ViewRootImpl$ViewRootHandler.handleMessageImpl:6740
12-16 04:49:29.087 17798 17798 I ViewRootImpl@7369d29[PhotonActivity]: handleResized, msg = 4 frames=ClientWindowFrames{frame=[0,0][1080,2400] display=[0,0][1080,2400] parentFrame=[0,0][0,0] parentClippedByDisplayCutout=false} forceNextWindowRelayout=false displayId=0 resizeMode=-1 frameChanged=false displayFrameChanged=false configChanged=false displayChanged=false
12-16 04:49:29.088 17798 17852 I SurfaceView@e7f0e9e: aOrMT: ViewRootImpl@7369d29[PhotonActivity] t = android.view.SurfaceControl$Transaction@7488a3b fN = 4 android.view.SurfaceView.-$$Nest$mapplyOrMergeTransaction:0 android.view.SurfaceView$SurfaceViewPositionUpdateListener.positionChanged:1537 android.graphics.RenderNode$CompositePositionUpdateListener.positionChanged:373 
12-16 04:49:29.088 17798 17852 I ViewRootImpl@7369d29[PhotonActivity]: mWNT: t=0xb40000720bd74f00 mBlastBufferQueue=0xb40000728fb22a00 fn= 4 caller= android.view.SurfaceView.applyOrMergeTransaction:1455 android.view.SurfaceView.-$$Nest$mapplyOrMergeTransaction:0 android.view.SurfaceView$SurfaceViewPositionUpdateListener.positionChanged:1537 
12-16 04:49:29.088 17798 17852 I ViewRootImpl@7369d29[PhotonActivity]: mWNT: t=0xb40000720bc3ea00 mBlastBufferQueue=0xb40000728fb22a00 fn= 4 caller= android.view.ViewRootImpl.lambda$applyTransactionOnDraw$11$android-view-ViewRootImpl:12865 android.view.ViewRootImpl$$ExternalSyntheticLambda1.onFrameDraw:4 android.graphics.HardwareRenderer$FrameDrawingCallback.onFrameDraw:924 
12-16 04:49:29.104  1091  1091 D SurfaceFlinger:      DEVICE | 0xb40000706fad63e0 | 0100 | RGBA_8888    |    0.0    0.0 1080.0 2168.0 |    0   88 1080 1374 | SurfaceView[com.photon.messenger/com[...]senger.PhotonActivity]@0(BLAST)#6094
12-16 04:49:29.104  1091  1091 D SurfaceFlinger:      DEVICE | 0xb40000706fad5570 | 0100 | RGBA_8888    |    0.0    0.0 1080.0 2400.0 |    0    0 1080 2400 | com.photon.messenger/com.photon.messenger.PhotonActivity$_17798#6089
12-16 04:49:29.282 17798 17798 D InsetsController: cancelAnimation of types: 8, animType: 0, host: com.photon.messenger/com.photon.messenger.PhotonActivity, from:android.view.InsetsController.notifyFinished:1375 android.view.InsetsAnimationThreadControlRunner$1.lambda$notifyFinished$0$android-view-InsetsAnimationThreadControlRunner$1:84 android.view.InsetsAnimationThreadControlRunner$1$$ExternalSyntheticLambda1.run:4 
12-16 04:49:29.282 17798 17798 D InsetsSourceConsumer: ensureControlPosition: Point(0, 88) for ITYPE_IME on com.photon.messenger/com.photon.messenger.PhotonActivity from android.view.InsetsSourceConsumer.notifyAnimationFinished:419
12-16 04:49:29.291 17798 17851 I ViewRootImpl@7369d29[PhotonActivity]: mWNT: t=0xb40000720bd74d00 mBlastBufferQueue=0xb40000728fb22a00 fn= 6 caller= android.view.SyncRtSurfaceTransactionApplier.applyTransaction:96 android.view.SyncRtSurfaceTransactionApplier.lambda$scheduleApply$0$android-view-SyncRtSurfaceTransactionApplier:69 android.view.SyncRtSurfaceTransactionApplier$$ExternalSyntheticLambda0.onFrameDraw:4 
12-16 04:49:30.649  1283  7192 D SGM:GameManager: identifyGamePackage. com.photon.messenger, mCurrentUserId: 0, callerUserId: 0, callingMethodInfo: com.android.server.ssrm.SortingMachine.isGame(SortingMachine.java:162)
12-16 04:49:30.649  1283  7192 D SGM:PkgDataHelper: getGamePkgData(). com.photon.messenger
12-16 04:49:31.456 17798 17798 I ViewRootImpl@7369d29[PhotonActivity]: ViewPostIme pointer 0
12-16 04:49:31.692 17798 17798 I ViewRootImpl@7369d29[PhotonActivity]: ViewPostIme pointer 1
12-16 04:49:31.692 17798 17856 I photon  : photon_messenger: Network: Querying handle 's'...
12-16 04:49:32.387  1283  2399 I Pageboost: db create : CREATE TABLE IF NOT EXISTS comphotonmessenger (FILENAME TEXT, OFFSET INTEGER, SIZE INTEGER, FORVRAMDISK INTEGER, BITMAP BLOB, unique (FILENAME, OFFSET) );
12-16 04:49:32.389  1283  2399 I Pageboost: db create : CREATE TABLE IF NOT EXISTS comphotonmessenger (FILENAME TEXT, OFFSET INTEGER, SIZE INTEGER, FORVRAMDISK INTEGER, BITMAP BLOB, unique (FILENAME, OFFSET) );
12-16 04:49:32.394  1283  2399 I Pageboost: db update :com.photon.messenger ret 1
12-16 04:49:32.412  1283  2399 I Pageboost: memUsage collected : 103215 20552 384 for com.photon.messenger 17798
12-16 04:49:33.415  1283  7192 D SGM:GameManager: identifyGamePackage. com.photon.messenger, mCurrentUserId: 0, callerUserId: 0, callingMethodInfo: com.android.server.ssrm.SortingMachine.isGame(SortingMachine.java:162)
12-16 04:49:33.415  1283  7192 D SGM:PkgDataHelper: getGamePkgData(). com.photon.messenger
12-16 04:49:35.552 17798 17856 I photon  : photon_messenger: FGTW: Received 4 peer(s)
12-16 04:49:35.553 17798 17856 I photon  : photon_messenger: Network: Added 3 peer(s) to store
12-16 04:49:35.553 17798 17856 I photon  : photon_messenger: Network: Handle 's' registered to this device
12-16 04:49:35.568 17798 17798 I photon  : photon_messenger: UI: Attestation SUCCESS - transitioning to Ready state
12-16 04:49:37.462  1283  1654 D ApplicationPolicy: isStatusBarNotificationAllowedAsUser: packageName = com.photon.messenger,userId = 0
12-16 04:49:37.462  1283  1654 D ApplicationPolicy: isStatusBarNotificationAllowedAsUser: packageName = com.photon.messenger,userId = 0
12-16 04:49:37.667  1283  1283 D NotificationService: 0|com.photon.messenger|1001|null|10370: granting content://settings/system/notification_sound
12-16 04:49:37.668  1283  1283 D NotificationService: 0|com.photon.messenger|1001|null|10370: granting content://settings/system/notification_sound
12-16 04:49:37.668  1283  1283 D NotificationService: 0|com.photon.messenger|1001|null|10370: granting content://settings/system/notification_sound
12-16 04:49:37.669  1283  1283 D NotificationService: 0|com.photon.messenger|1001|null|10370: granting content://settings/system/notification_sound
12-16 04:49:37.669  1283  1283 D NotificationService: 0|com.photon.messenger|1001|null|10370: granting content://settings/system/notification_sound
12-16 04:49:37.669  1283  1283 D NotificationService: 0|com.photon.messenger|1001|null|10370: granting content://settings/system/notification_sound
12-16 04:49:37.670  1283  1283 D NotificationService: 0|com.photon.messenger|1001|null|10370: granting content://settings/system/notification_sound
12-16 04:49:37.672  1283  1283 D NotificationReminder: addNotificationRecord record com.photon.messenger
12-16 04:49:37.674  2879  2879 I Launcher.NotificationListener: onNotificationPosted : com.photon.messenger number : 0
12-16 04:49:37.676  2425  2425 D InterruptionStateProvider:  no Heads up : edgelighting enabled app. 0|com.photon.messenger|1001|null|10370
12-16 04:49:38.667 17798 17798 I photon  : photon_messenger: Network: Handle proof stored for periodic refresh
12-16 04:49:38.667 17798 17798 I photon  : photon_messenger: UI: Stored handle_proof and identity_seed for refresh/CLUTCH/storage
12-16 04:49:39.347 17798 17798 I photon  : photon_messenger: UI: Loading friendship chains from disk...
12-16 04:49:39.347 17798 17798 I photon  : photon_messenger: UI: No friendship chains found on disk
12-16 04:49:39.347 17798 17798 I photon  : photon_messenger: UI: Loaded 1 contacts from storage
12-16 04:49:39.350 17798 17798 I photon  : photon_messenger: CLUTCH: Loaded persisted slots for fractal decoder (2 slots, 1 provenances)
12-16 04:49:39.352 17798 17798 I photon  : photon_messenger: CLUTCH: Loaded persisted keypairs for fractal decoder
12-16 04:49:39.352 17798 17798 I photon  : photon_messenger: Avatar: Proactively fetching avatars for 1 contact(s)
12-16 04:49:39.352 17798 17798 I photon  : photon_messenger: Avatar: Loading s from local cache
12-16 04:49:39.353 17798 17916 I photon  : photon_messenger: Avatar: Loading fractal decoder from local cache
12-16 04:49:39.368 17798 17798 I photon  : photon_messenger: UI: Loaded avatar from local cache
12-16 04:49:39.368 17798 17798 I photon  : photon_messenger: UI: Starting bidirectional avatar sync with FGTW
12-16 04:49:39.368 17798 17798 I photon  : photon_messenger: UI: Checking cloud contacts sync
12-16 04:49:39.855 17798 17931 I photon  : photon_messenger: Avatar sync: Local newer (1780036776 > 1780036776), uploading
12-16 04:49:39.856 17798 17798 I photon  : photon_messenger: FGTW: Downloaded blob (179 bytes)
12-16 04:49:39.856 17798 17798 I photon  : photon_messenger: Cloud: Downloaded contacts blob (179 bytes)
12-16 04:49:39.856 17798 17798 I photon  : photon_messenger: Cloud: Decoded 1 contacts
12-16 04:49:39.856 17798 17798 I photon  : photon_messenger: Cloud: 1 contacts (local: 1)
12-16 04:49:39.856 17798 17798 I photon  : photon_messenger: Status: Using socket on port 4383
12-16 04:49:39.857 17798 17798 I photon  : photon_messenger: UI: Status checker initialized after attestation
12-16 04:49:39.857 17798 17798 I photon  : photon_messenger: Network: Initial broadcast ping to 3 peer(s)
12-16 04:49:39.857 17798 17798 I photon  : photon_messenger: UI: Attestation complete, window marked dirty for redraw
12-16 04:49:39.858 17798 17947 I photon  : photon_messenger: Status: Background thread started (high priority)
12-16 04:49:39.859 17798 17947 I photon  : photon_messenger: LAN: Multicast listener on 239.104.199.144:4384
12-16 04:49:39.859 17798 17947 I photon  : photon_messenger: LAN: IPv6 multicast listener on [ff02::68c7:9014]:4384
12-16 04:49:39.859 17798 17947 I photon  : photon_messenger: Status: Receiver task started, waiting for UDP packets...
12-16 04:49:39.868 17798 17798 I photon  : photon_messenger: Avatar: fractal decoder loaded (196608 bytes)
12-16 04:49:39.887 17798 17798 I photon  : photon_messenger: Status: Updated fractal decoder IP from ping/pong: None -> [2607:fb91:15ac:4661:9eb:8436:7625:8c3]:4383
12-16 04:49:39.887 17798 17798 I photon  : photon_messenger: Status: fractal decoder is now ONLINE
12-16 04:49:39.887 17798 17798 I photon  : photon_messenger: CONV_TOKEN: input_len=92, input_hash=41ba05177a401f93, sorted_seeds=4c1f3d3398b972b1,4f7f5a5c8f58d10f
12-16 04:49:39.888 17798 17798 I photon  : photon_messenger: CONV_TOKEN: spaghettify_result=020dbcd1fdf9219c
12-16 04:49:39.888 17798 17798 I photon  : photon_messenger: CLUTCH: Sending offer - our_hh=4c1f3d3398b972b1..., their_hh=4f7f5a5c8f58d10f..., tok=020dbcd1fdf9219c..., to=fractal decoder
12-16 04:49:39.898 17798 17798 I photon  : photon_messenger: CLUTCH: Sending full offer to fractal decoder (prov=bbe79618...)
12-16 04:49:39.911 17798 17947 I photon  : photon_messenger: LAN: Multicast 117 bytes to 239.104.199.144:4384
12-16 04:49:39.911 17798 17947 I photon  : photon_messenger: LAN: Multicast 117 bytes to [ff02::68c7:9014]:4384
12-16 04:49:39.912 17798 17947 I photon  : photon_messenger: LAN: Broadcast 117 bytes to 192.168.115.255:4384 (from 192.168.115.50)
12-16 04:49:39.912 17798 17947 I photon  : photon_messenger: LAN: Multicast RX 117 bytes from 192.168.115.50:45616
12-16 04:49:39.912 17798 17947 I photon  : photon_messenger: LAN: Received discovery from 192.168.115.50:45616 (handle_proof: b73d993e..., port: 4383)
12-16 04:49:39.912 17798 17947 I photon  : photon_messenger: LAN: Discovered peer via multicast: 192.168.115.50:45616
12-16 04:49:39.912 17798 17947 I photon  : photon_messenger: LAN: Multicast RX 117 bytes from 192.168.115.50:44512
12-16 04:49:39.912 17798 17947 I photon  : photon_messenger: LAN: Received discovery from 192.168.115.50:44512 (handle_proof: b73d993e..., port: 4383)
12-16 04:49:39.912 17798 17947 I photon  : photon_messenger: LAN: Discovered peer via multicast: 192.168.115.50:44512
12-16 04:49:39.912 17798 17947 I photon  : photon_messenger: LAN: IPv6 Multicast RX 117 bytes from [fe80::1c56:a9ff:fe87:f234%3]:42413
12-16 04:49:39.913 17798 17798 I photon  : photon_messenger: LAN: No contact matches handle_proof b73d993e5836132c (have: fractal decoder=7583b495579fc20c)
12-16 04:49:39.913 17798 17798 I photon  : photon_messenger: LAN: No contact matches handle_proof b73d993e5836132c (have: fractal decoder=7583b495579fc20c)
12-16 04:49:39.916 17798 17947 I photon  : photon_messenger: PT: SPEC accepted from [2607:fb91:15ac:4661:9eb:8436:7625:8c3]:4383 - 536 packets, 548728 bytes
12-16 04:49:39.916 17798 17947 I photon  : photon_messenger: PT: Received SPEC from [2607:fb91:15ac:4661:9eb:8436:7625:8c3]:4383 - stream 'a', 536 packets, 548728 bytes, hash af417a68
12-16 04:49:39.964 17798 17947 I photon  : photon_messenger: Status: Sending ClutchOffer to [2607:fb91:15ac:4661:9eb:8436:7625:8c3]:4383 (548728 bytes VSF) via PT/UDP
12-16 04:49:39.966 17798 17947 I photon  : photon_messenger: PT: Starting outbound transfer #0 to [2607:fb91:15ac:4661:9eb:8436:7625:8c3]:4383 (548728 bytes, stream 'a')
12-16 04:49:40.010 17798 17947 I photon  : photon_messenger: PT: Received 50/536 from [2607:fb91:15ac:4661:9eb:8436:7625:8c3]:4383 stream 'a'
12-16 04:49:40.036 17798 17947 I photon  : photon_messenger: PT: Received 100/536 from [2607:fb91:15ac:4661:9eb:8436:7625:8c3]:4383 stream 'a'
12-16 04:49:40.068 17798 17947 I photon  : photon_messenger: PT: Received 150/536 from [2607:fb91:15ac:4661:9eb:8436:7625:8c3]:4383 stream 'a'
12-16 04:49:40.108 17798 17947 I photon  : photon_messenger: PT: Received 200/536 from [2607:fb91:15ac:4661:9eb:8436:7625:8c3]:4383 stream 'a'
12-16 04:49:40.134  1283  4742 D SGM:GameManager: identifyForegroundApp. com.photon.messenger, mCurrentUserId: 0, callerUserId: 0
12-16 04:49:40.134  1283  4742 D SGM:PkgDataHelper: getGamePkgData(). com.photon.messenger
12-16 04:49:40.136 17798 17947 I photon  : photon_messenger: PT: Received 250/536 from [2607:fb91:15ac:4661:9eb:8436:7625:8c3]:4383 stream 'a'
12-16 04:49:40.266 17798 17947 I photon  : photon_messenger: PT: Received 300/536 from [2607:fb91:15ac:4661:9eb:8436:7625:8c3]:4383 stream 'a'
12-16 04:49:40.270 17798 17947 I photon  : photon_messenger: PT: SPEC ACK received from [2607:fb91:15ac:4661:9eb:8436:7625:8c3]:4383 for stream 'a', starting DATA transfer
12-16 04:49:40.430 17798 17947 I photon  : photon_messenger: PT: Received 350/536 from [2607:fb91:15ac:4661:9eb:8436:7625:8c3]:4383 stream 'a'
12-16 04:49:40.437 17798 17947 I photon  : photon_messenger: PT: Received 400/536 from [2607:fb91:15ac:4661:9eb:8436:7625:8c3]:4383 stream 'a'
12-16 04:49:40.442 17798 17947 I photon  : photon_messenger: PT: Received 450/536 from [2607:fb91:15ac:4661:9eb:8436:7625:8c3]:4383 stream 'a'
12-16 04:49:40.445 17798 17947 I photon  : photon_messenger: PT: Received 500/536 from [2607:fb91:15ac:4661:9eb:8436:7625:8c3]:4383 stream 'a'
12-16 04:49:40.475 17798 17947 I photon  : photon_messenger: PT: Received 536/536 from [2607:fb91:15ac:4661:9eb:8436:7625:8c3]:4383 stream 'a'
12-16 04:49:40.477 17798 17947 I photon  : photon_messenger: PT: Transfer verified successfully
12-16 04:49:40.478 17798 17947 I photon  : photon_messenger: PT:  [2607:fb91:15ac:4661:9eb:8436:7625:8c3]:4383 OK | 7.8 Mbps | 0.6s | 536 pkts | 100% util (0 dups)
12-16 04:49:40.480 17798 17947 I photon  : photon_messenger: PT: Received VSF (548728 bytes):
12-16 04:49:40.480 17798 17947 I photon  : Versatile Storage Format
12-16 04:49:40.480 17798 17947 I photon  : 535.9 KB (548 728 Bytes)
12-16 04:49:40.480 17798 17947 I photon  : 
12-16 04:49:40.480 17798 17947 I photon  : <
12-16 04:49:40.480 17798 17947 I photon  :  z3{6} Version
12-16 04:49:40.480 17798 17947 I photon  :  y3{5} Backward compat
12-16 04:49:40.480 17798 17947 I photon  :  ef6{2025-DEC-16 4:49:39.633 AM}
12-16 04:49:40.480 17798 17947 I photon  :  b3{206} Header size Bytes 
12-16 04:49:40.480 17798 17947 I photon  :  L3{548728} File length Bytes 
12-16 04:49:40.480 17798 17947 I photon  :  hp3{31} BLAKE3 provenance hash (32 Bytes)
12-16 04:49:40.480 17798 17947 I photon  :     7696549E622042A49A952C1A7582F116
12-16 04:49:40.480 17798 17947 I photon  :     047B1B397A099EBA276962593756114D
12-16 04:49:40.480 17798 17947 I photon  :  ke3{31} Ed25519 signer pubkey (32 Bytes)
12-16 04:49:40.480 17798 17947 I photon  :     90E571BF906ABC29B271ECD8E11B1589
12-16 04:49:40.480 17798 17947 I photon  :     DE39636E0D7E89E427A0D9D785CD28C8
12-16 04:49:40.480 17798 17947 I photon  :  ge3{63} Ed25519 signature (64 Bytes)
12-16 04:49:40.480 17798 17947 I photon  :     2A52014DECA488EFF457E911D95762B8
12-16 04:49:40.480 17798 17947 I photon  :     0BBD563AD178823E5E5D0381FBC250EA
12-16 04:49:40.480 17798 17947 I photon  :     9CC5D55F0879A6491ECF202434785E13
12-16 04:49:40.480 17798 17947 I photon  :     C5331E2BC918A512B78C9D922C7CB204
12-16 04:49:40.480 17798 17947 I photon  :  n3{1} labels
12-16 04:49:40.480 17798 17947 I photon  :  (d3{12}clutch_offer o3{206} b3{548522} n3{2})
12-16 04:49:40.480 17798 17947 I photon  : >
12-16 04:49:40.480 17798 17947 I photon  :  [
12-16 04:49:40.480 17798 17947 I photon  :     (d3{3}tok : hg3{31}0x
12-16 04:49:40.480 17798 17947 I photon  :          C3BA62F6DD6564DD0CEACD2342FBB13B
12-16 04:49:40.480 17798 17947 I photon  :          3E87B87E84D20797EB73966FBF69AB10)
12-16 04:49:40.480 17798 17947 I photon  :     (d3{7}pubkeys:
12-16 04:49:40.480 17798 17947 I photon  :         kx3{31}0x
12-16 04:49:40.480 17798 17947 I photon  :           FDBA8EB8A4ACC80835BC55F7EE360F36
12-16 04:49:40.480 17798 17947 I photon  :           773E86689A859FF9217F80B2FD0B7D0C,
12-16 04:49:40.480 17798 17947 I photon  :         kp3{96}0x
12-16 04:49:40.480 17798 17947 I photon  :           0432102D4C9AFC9782943A80380C8E35
12-16 04:49:40.480 17798 17947 I photon  :           93AA5EE8D06D4A4D79F0EE022EB29BB7
12-16 04:49:40.480 17798 17947 I photon  :           310FEA5A16C822B51247586812A55C7C
12-16 04:49:40.480 17798 17947 I photon  :           4EABA7BAFFD861E28843B4E5229D4DCD...,
12-16 04:49:40.480 17798 17947 I photon  :         kk3{32}0x
12-16 04:49:40.480 17798 17947 I photon  :           02177C7E070837AF2A86FF941B357197
12-16 04:49:40.480 17798 17947 I photon  :           1560CDABECC402F36563449F7AA40102
12-16 04:49:40.480 17798 17947 I photon  :           0E,
12-16 04:49:40.480 17798 17947 I photon  :         kp3{64}0x
12-16 04:49:40.480 17798 17947 I photon  :           04CEFA34A32B705ED7B3650E60FD00AF
12-16 04:49:40.480 17798 17947 I photon  :           7D33DD1E26045EA9E9F28FD7FB8FAA7B
12-16 04:49:40.480 17798 17947 I photon  :           495256A9184264407F1BC32923F8501F
12-16 04:49:40.480 17798 17947 I photon  :           4C0E438C035581A0EB361617B3A70B0C...,
12-16 04:49:40.480 17798 17947 I photon  :         kf3{15631}0x
12-16 04:49:40.480 17798 17947 I photon  :           A24CBEA4F77203A0336563178F9F978D
12-16 04:49:40.480 17798 17947 I photon  :           650FE098293C0B524E28C440E1A43C6E
12-16 04:49:40.480 17798 17947 I photon  :           B26F1A02CD01A433DA6A3271FA09C31A
12-16 04:49:40.480 17798 17947 I photon  :           6FB0262F136C692866E8E319446E1A96...,
12-16 04:49:40.480 17798 17947 I photon  :         kn3{1137}0x
12-16 04:49:40.480 17798 17947 I photon  :           40E006668F0F3BD99F845F634B26BB66
12-16 04:49:40.480 17798 17947 I photon  :           246DEF66262AB4B85F377813599971B6
12-16 04:49:40.480 17798 17947 I photon  :           6DFC74ACD8B19036F5D91874795BD411
12-16 04:49:40.480 17798 17947 I photon  :           1C8AF08E23EBA92615EE618E5CF8C02D...,
12-16 04:49:40.480 17798 17947 I photon  :         kl3{524159}0x
12-16 04:49:40.480 17798 17947 I photon  :           DA7C3B11475242912AC5142E724FFFCF
12-16 04:49:40.480 17798 17947 I photon  :           8C88D480AB03753246DCAD9A50CA7F3D
12-16 04:49:40.480 17798 17947 I photon  :           88A9784033E018697C6A566D847724A8
12-16 04:49:40.480 17798 17947 I photon  :           4FA0B43077F906F232ACEC047382BB44...,
12-16 04:49:40.480 17798 17947 I photon  :         kh3{7244}0x
12-16 04:49:40.480 17798 17947 I photon  :           6B94A0A1667B28B0A2805E9CCBEF8818
12-16 04:49:40.480 17798 17947 I photon  :           DEF77EF6830F99139ACF51C72464076F
12-16 04:49:40.480 17798 17947 I photon  :           B4CBD1280CCBA1F644C112BBFED2733B
12-16 04:49:40.480 17798 17947 I photon  :           578256664E246A6B76B147421671E34B...)
12-16 04:49:40.480 17798 17947 I photon  :    ]
12-16 04:49:40.484 17798 17947 I photon  : photon_messenger: PT: Parsed as ClutchOffer (VSF verified)
12-16 04:49:40.488 17798 17798 I photon  : photon_messenger: CONV_TOKEN: input_len=92, input_hash=41ba05177a401f93, sorted_seeds=4c1f3d3398b972b1,4f7f5a5c8f58d10f
12-16 04:49:40.489 17798 17798 I photon  : photon_messenger: CONV_TOKEN: spaghettify_result=020dbcd1fdf9219c
12-16 04:49:40.489 17798 17798 E photon  : photon_messenger: CLUTCH: Token mismatch debug - our_handle_hash=4c1f3d3398b972b1..., user_handle=Some("s")
12-16 04:49:40.489 17798 17798 I photon  : photon_messenger: CONV_TOKEN: input_len=92, input_hash=41ba05177a401f93, sorted_seeds=4c1f3d3398b972b1,4f7f5a5c8f58d10f
12-16 04:49:40.489 17798 17798 I photon  : photon_messenger: CONV_TOKEN: spaghettify_result=020dbcd1fdf9219c
12-16 04:49:40.489 17798 17798 E photon  : photon_messenger: CLUTCH: Received offer with unknown conversation_token c3ba62f6dd6564dd (have 1 contacts: fractal decoder(hh=4f7f5a5c8f58d10f...)=020dbcd1fdf9219c)
12-16 04:49:40.739 17798 17947 I photon  : photon_messenger: PT: Progress 100/536 to [2607:fb91:15ac:4661:9eb:8436:7625:8c3]:4383 stream 'a'
12-16 04:49:40.836 17798 17947 I photon  : photon_messenger: PT: Progress 200/536 to [2607:fb91:15ac:4661:9eb:8436:7625:8c3]:4383 stream 'a'
12-16 04:49:40.990 17798 17947 I photon  : photon_messenger: PT: Progress 300/536 to [2607:fb91:15ac:4661:9eb:8436:7625:8c3]:4383 stream 'a'
12-16 04:49:41.031 17798 17947 I photon  : photon_messenger: PT: Progress 400/536 to [2607:fb91:15ac:4661:9eb:8436:7625:8c3]:4383 stream 'a'
12-16 04:49:41.074 17798 17947 I photon  : photon_messenger: PT: Progress 500/536 to [2607:fb91:15ac:4661:9eb:8436:7625:8c3]:4383 stream 'a'
12-16 04:49:41.089 17798 17947 I photon  : photon_messenger: PT: All 536/536 ACK'd to [2607:fb91:15ac:4661:9eb:8436:7625:8c3]:4383 stream 'a'
12-16 04:49:41.090 17798 17947 I photon  : photon_messenger: PT:  [2607:fb91:15ac:4661:9eb:8436:7625:8c3]:4383 OK | 3.9 Mbps | 1.1s | 1024B pkt | win 341 | RTT 313ms | 100% util (0 retx)
12-16 04:49:41.097 17798 17947 I photon  : photon_messenger: PT: Transfer #0 to [2607:fb91:15ac:4661:9eb:8436:7625:8c3]:4383 completed, removed from pending
12-16 04:49:42.110 17798 17931 I photon  : photon_messenger: Avatar: Uploaded to FGTW (key: 97N-MnDd...)
12-16 04:49:42.112 17798 17931 I photon  : photon_messenger: Avatar sync: Uploaded local avatar to FGTW
12-16 04:49:44.892 17798 17947 I photon  : photon_messenger: Status: TIMEOUT (1/3) - 4bd30e9042bc02be (waiting for more failures before offline)
12-16 04:49:44.892 17798 17947 I photon  : photon_messenger: Status: TIMEOUT (1/3) - 0e89c7b2825f5149 (waiting for more failures before offline)
12-16 04:49:44.933 17798 17798 I photon  : photon_messenger: Status: Updated fractal decoder IP from ping/pong: Some([2607:fb91:15ac:4661:9eb:8436:7625:8c3]:4383) -> [::ffff:192.168.115.242]:4383
12-16 04:49:46.101 17798 17947 I photon  : photon_messenger: LAN: Multicast RX 117 bytes from 192.168.115.242:58853
12-16 04:49:46.101 17798 17947 I photon  : photon_messenger: LAN: Received discovery from 192.168.115.242:58853 (handle_proof: 7583b495..., port: 4383)
12-16 04:49:46.101 17798 17947 I photon  : photon_messenger: LAN: Discovered peer via multicast: 192.168.115.242:58853
12-16 04:49:46.101 17798 17947 I photon  : photon_messenger: LAN: Multicast RX 117 bytes from 192.168.115.242:57836
12-16 04:49:46.101 17798 17947 I photon  : photon_messenger: LAN: Received discovery from 192.168.115.242:57836 (handle_proof: 7583b495..., port: 4383)
12-16 04:49:46.101 17798 17947 I photon  : photon_messenger: LAN: Discovered peer via multicast: 192.168.115.242:57836
12-16 04:49:46.101 17798 17798 I photon  : photon_messenger: LAN: Discovered fractal decoder at local 192.168.115.242:4383
12-16 04:49:50.871 17798 17798 I photon  : photon_messenger: Status: Pinged 1 contact(s)
12-16 04:49:50.886 17798 17947 I photon  : photon_messenger: LAN: Multicast 117 bytes to 239.104.199.144:4384
12-16 04:49:50.886 17798 17947 I photon  : photon_messenger: LAN: Multicast 117 bytes to [ff02::68c7:9014]:4384
12-16 04:49:50.888 17798 17947 I photon  : photon_messenger: LAN: Broadcast 117 bytes to 192.168.115.255:4384 (from 192.168.115.50)
12-16 04:49:50.888 17798 17947 I photon  : photon_messenger: LAN: Multicast RX 117 bytes from 192.168.115.50:45962
12-16 04:49:50.888 17798 17947 I photon  : photon_messenger: LAN: Received discovery from 192.168.115.50:45962 (handle_proof: b73d993e..., port: 4383)
12-16 04:49:50.888 17798 17947 I photon  : photon_messenger: LAN: Discovered peer via multicast: 192.168.115.50:45962
12-16 04:49:50.889 17798 17947 I photon  : photon_messenger: LAN: Multicast RX 117 bytes from 192.168.115.50:48319
12-16 04:49:50.889 17798 17947 I photon  : photon_messenger: LAN: Received discovery from 192.168.115.50:48319 (handle_proof: b73d993e..., port: 4383)
12-16 04:49:50.889 17798 17947 I photon  : photon_messenger: LAN: Discovered peer via multicast: 192.168.115.50:48319
12-16 04:49:50.889 17798 17947 I photon  : photon_messenger: LAN: IPv6 Multicast RX 117 bytes from [fe80::1c56:a9ff:fe87:f234%3]:49699
12-16 04:49:50.897 17798 17798 I photon  : photon_messenger: LAN: No contact matches handle_proof b73d993e5836132c (have: fractal decoder=7583b495579fc20c)
12-16 04:49:50.897 17798 17798 I photon  : photon_messenger: LAN: No contact matches handle_proof b73d993e5836132c (have: fractal decoder=7583b495579fc20c)
12-16 04:50:01.245 17798 17947 I photon  : photon_messenger: LAN: Multicast RX 117 bytes from 192.168.115.242:59310
12-16 04:50:01.245 17798 17947 I photon  : photon_messenger: LAN: Received discovery from 192.168.115.242:59310 (handle_proof: 7583b495..., port: 4383)
12-16 04:50:01.245 17798 17947 I photon  : photon_messenger: LAN: Discovered peer via multicast: 192.168.115.242:59310
12-16 04:50:01.879 17798 17798 I photon  : photon_messenger: Status: Pinged 1 contact(s)
12-16 04:50:01.914 17798 17947 I photon  : photon_messenger: LAN: Multicast 117 bytes to 239.104.199.144:4384
12-16 04:50:01.914 17798 17947 I photon  : photon_messenger: LAN: Multicast 117 bytes to [ff02::68c7:9014]:4384
12-16 04:50:01.917 17798 17947 I photon  : photon_messenger: LAN: Broadcast 117 bytes to 192.168.115.255:4384 (from 192.168.115.50)
12-16 04:50:01.917 17798 17947 I photon  : photon_messenger: LAN: Multicast RX 117 bytes from 192.168.115.50:46523
12-16 04:50:01.917 17798 17947 I photon  : photon_messenger: LAN: Received discovery from 192.168.115.50:46523 (handle_proof: b73d993e..., port: 4383)
12-16 04:50:01.917 17798 17947 I photon  : photon_messenger: LAN: Discovered peer via multicast: 192.168.115.50:46523
12-16 04:50:01.917 17798 17947 I photon  : photon_messenger: LAN: Multicast RX 117 bytes from 192.168.115.50:45074
12-16 04:50:01.917 17798 17947 I photon  : photon_messenger: LAN: Received discovery from 192.168.115.50:45074 (handle_proof: b73d993e..., port: 4383)
12-16 04:50:01.917 17798 17947 I photon  : photon_messenger: LAN: Discovered peer via multicast: 192.168.115.50:45074
12-16 04:50:01.917 17798 17947 I photon  : photon_messenger: LAN: IPv6 Multicast RX 117 bytes from [fe80::1c56:a9ff:fe87:f234%3]:43563
12-16 04:50:01.920 17798 17798 I photon  : photon_messenger: LAN: No contact matches handle_proof b73d993e5836132c (have: fractal decoder=7583b495579fc20c)
12-16 04:50:01.920 17798 17798 I photon  : photon_messenger: LAN: No contact matches handle_proof b73d993e5836132c (have: fractal decoder=7583b495579fc20c)
12-16 04:50:13.884 17798 17798 I photon  : photon_messenger: Status: Pinged 1 contact(s)
12-16 04:50:13.921 17798 17947 I photon  : photon_messenger: LAN: Multicast 117 bytes to 239.104.199.144:4384
12-16 04:50:13.921 17798 17947 I photon  : photon_messenger: LAN: Multicast 117 bytes to [ff02::68c7:9014]:4384
12-16 04:50:13.923 17798 17947 I photon  : photon_messenger: LAN: Broadcast 117 bytes to 192.168.115.255:4384 (from 192.168.115.50)
12-16 04:50:13.924 17798 17947 I photon  : photon_messenger: LAN: Multicast RX 117 bytes from 192.168.115.50:51016
12-16 04:50:13.924 17798 17947 I photon  : photon_messenger: LAN: Received discovery from 192.168.115.50:51016 (handle_proof: b73d993e..., port: 4383)
12-16 04:50:13.924 17798 17947 I photon  : photon_messenger: LAN: Discovered peer via multicast: 192.168.115.50:51016
12-16 04:50:13.924 17798 17947 I photon  : photon_messenger: LAN: Multicast RX 117 bytes from 192.168.115.50:39265
12-16 04:50:13.924 17798 17947 I photon  : photon_messenger: LAN: Received discovery from 192.168.115.50:39265 (handle_proof: b73d993e..., port: 4383)
12-16 04:50:13.924 17798 17947 I photon  : photon_messenger: LAN: Discovered peer via multicast: 192.168.115.50:39265
12-16 04:50:13.924 17798 17947 I photon  : photon_messenger: LAN: IPv6 Multicast RX 117 bytes from [fe80::1c56:a9ff:fe87:f234%3]:42239
12-16 04:50:13.925 17798 17798 I photon  : photon_messenger: LAN: No contact matches handle_proof b73d993e5836132c (have: fractal decoder=7583b495579fc20c)
12-16 04:50:13.925 17798 17798 I photon  : photon_messenger: LAN: No contact matches handle_proof b73d993e5836132c (have: fractal decoder=7583b495579fc20c)
12-16 04:50:22.895 17798 17798 I photon  : photon_messenger: Status: Pinged 1 contact(s)
12-16 04:50:22.903 17798 17947 I photon  : photon_messenger: LAN: Multicast 117 bytes to 239.104.199.144:4384
12-16 04:50:22.903 17798 17947 I photon  : photon_messenger: LAN: Multicast 117 bytes to [ff02::68c7:9014]:4384
12-16 04:50:22.905 17798 17947 I photon  : photon_messenger: LAN: Broadcast 117 bytes to 192.168.115.255:4384 (from 192.168.115.50)
12-16 04:50:22.906 17798 17947 I photon  : photon_messenger: LAN: Multicast RX 117 bytes from 192.168.115.50:55280
12-16 04:50:22.906 17798 17947 I photon  : photon_messenger: LAN: Received discovery from 192.168.115.50:55280 (handle_proof: b73d993e..., port: 4383)
12-16 04:50:22.906 17798 17947 I photon  : photon_messenger: LAN: Discovered peer via multicast: 192.168.115.50:55280
12-16 04:50:22.906 17798 17947 I photon  : photon_messenger: LAN: Multicast RX 117 bytes from 192.168.115.50:46297
12-16 04:50:22.906 17798 17947 I photon  : photon_messenger: LAN: Received discovery from 192.168.115.50:46297 (handle_proof: b73d993e..., port: 4383)
12-16 04:50:22.906 17798 17947 I photon  : photon_messenger: LAN: Discovered peer via multicast: 192.168.115.50:46297
12-16 04:50:22.906 17798 17947 I photon  : photon_messenger: LAN: IPv6 Multicast RX 117 bytes from [fe80::1c56:a9ff:fe87:f234%3]:50528
12-16 04:50:22.911 17798 17798 I photon  : photon_messenger: LAN: No contact matches handle_proof b73d993e5836132c (have: fractal decoder=7583b495579fc20c)
12-16 04:50:22.911 17798 17798 I photon  : photon_messenger: LAN: No contact matches handle_proof b73d993e5836132c (have: fractal decoder=7583b495579fc20c)
12-16 04:50:26.444 17798 17947 I photon  : photon_messenger: LAN: Multicast RX 117 bytes from 192.168.115.242:47946
12-16 04:50:26.444 17798 17947 I photon  : photon_messenger: LAN: Received discovery from 192.168.115.242:47946 (handle_proof: 7583b495..., port: 4383)
12-16 04:50:26.444 17798 17947 I photon  : photon_messenger: LAN: Discovered peer via multicast: 192.168.115.242:47946
12-16 04:50:26.649 17798 17947 I photon  : photon_messenger: LAN: Multicast RX 117 bytes from 192.168.115.242:59648
12-16 04:50:26.649 17798 17947 I photon  : photon_messenger: LAN: Received discovery from 192.168.115.242:59648 (handle_proof: 7583b495..., port: 4383)
12-16 04:50:26.649 17798 17947 I photon  : photon_messenger: LAN: Discovered peer via multicast: 192.168.115.242:59648
12-16 04:50:31.557 17798 17947 I photon  : photon_messenger: LAN: Multicast RX 117 bytes from 192.168.115.242:37778
12-16 04:50:31.557 17798 17947 I photon  : photon_messenger: LAN: Received discovery from 192.168.115.242:37778 (handle_proof: 7583b495..., port: 4383)
12-16 04:50:31.557 17798 17947 I photon  : photon_messenger: LAN: Discovered peer via multicast: 192.168.115.242:37778
12-16 04:50:31.761 17798 17947 I photon  : photon_messenger: LAN: Multicast RX 117 bytes from 192.168.115.242:46094
12-16 04:50:31.761 17798 17947 I photon  : photon_messenger: LAN: Received discovery from 192.168.115.242:46094 (handle_proof: 7583b495..., port: 4383)
12-16 04:50:31.761 17798 17947 I photon  : photon_messenger: LAN: Discovered peer via multicast: 192.168.115.242:46094
12-16 04:50:37.900 17798 17798 I photon  : photon_messenger: Status: Pinged 1 contact(s)
12-16 04:50:37.948 17798 17947 I photon  : photon_messenger: LAN: Multicast 117 bytes to 239.104.199.144:4384
12-16 04:50:37.949 17798 17947 I photon  : photon_messenger: LAN: Multicast 117 bytes to [ff02::68c7:9014]:4384
12-16 04:50:37.951 17798 17947 I photon  : photon_messenger: LAN: Broadcast 117 bytes to 192.168.115.255:4384 (from 192.168.115.50)
12-16 04:50:37.951 17798 17947 I photon  : photon_messenger: LAN: Multicast RX 117 bytes from 192.168.115.50:45050
12-16 04:50:37.951 17798 17947 I photon  : photon_messenger: LAN: Received discovery from 192.168.115.50:45050 (handle_proof: b73d993e..., port: 4383)
12-16 04:50:37.951 17798 17947 I photon  : photon_messenger: LAN: Discovered peer via multicast: 192.168.115.50:45050
12-16 04:50:37.951 17798 17947 I photon  : photon_messenger: LAN: Multicast RX 117 bytes from 192.168.115.50:50647
12-16 04:50:37.951 17798 17947 I photon  : photon_messenger: LAN: Received discovery from 192.168.115.50:50647 (handle_proof: b73d993e..., port: 4383)
12-16 04:50:37.951 17798 17947 I photon  : photon_messenger: LAN: Discovered peer via multicast: 192.168.115.50:50647
12-16 04:50:37.951 17798 17947 I photon  : photon_messenger: LAN: IPv6 Multicast RX 117 bytes from [fe80::1c56:a9ff:fe87:f234%3]:45151
12-16 04:50:37.958 17798 17798 I photon  : photon_messenger: LAN: No contact matches handle_proof b73d993e5836132c (have: fractal decoder=7583b495579fc20c)
12-16 04:50:37.958 17798 17798 I photon  : photon_messenger: LAN: No contact matches handle_proof b73d993e5836132c (have: fractal decoder=7583b495579fc20c)
12-16 04:50:42.902 17798 17798 I photon  : photon_messenger: Status: Pinged 1 contact(s)
12-16 04:50:42.928 17798 17947 I photon  : photon_messenger: LAN: Multicast 117 bytes to 239.104.199.144:4384
12-16 04:50:42.928 17798 17947 I photon  : photon_messenger: LAN: Multicast 117 bytes to [ff02::68c7:9014]:4384
12-16 04:50:42.930 17798 17947 I photon  : photon_messenger: LAN: Broadcast 117 bytes to 192.168.115.255:4384 (from 192.168.115.50)
12-16 04:50:42.931 17798 17947 I photon  : photon_messenger: LAN: Multicast RX 117 bytes from 192.168.115.50:60864
12-16 04:50:42.931 17798 17947 I photon  : photon_messenger: LAN: Received discovery from 192.168.115.50:60864 (handle_proof: b73d993e..., port: 4383)
12-16 04:50:42.931 17798 17947 I photon  : photon_messenger: LAN: Discovered peer via multicast: 192.168.115.50:60864
12-16 04:50:42.931 17798 17947 I photon  : photon_messenger: LAN: Multicast RX 117 bytes from 192.168.115.50:53097
12-16 04:50:42.931 17798 17947 I photon  : photon_messenger: LAN: Received discovery from 192.168.115.50:53097 (handle_proof: b73d993e..., port: 4383)
12-16 04:50:42.931 17798 17947 I photon  : photon_messenger: LAN: Discovered peer via multicast: 192.168.115.50:53097
12-16 04:50:42.931 17798 17947 I photon  : photon_messenger: LAN: IPv6 Multicast RX 117 bytes from [fe80::1c56:a9ff:fe87:f234%3]:56980
12-16 04:50:42.936 17798 17798 I photon  : photon_messenger: LAN: No contact matches handle_proof b73d993e5836132c (have: fractal decoder=7583b495579fc20c)
12-16 04:50:42.936 17798 17798 I photon  : photon_messenger: LAN: No contact matches handle_proof b73d993e5836132c (have: fractal decoder=7583b495579fc20c)
12-16 04:50:48.903 17798 17798 I photon  : photon_messenger: Status: Pinged 1 contact(s)
12-16 04:50:48.939 17798 17947 I photon  : photon_messenger: LAN: Multicast 117 bytes to 239.104.199.144:4384
12-16 04:50:48.939 17798 17947 I photon  : photon_messenger: LAN: Multicast 117 bytes to [ff02::68c7:9014]:4384
12-16 04:50:48.941 17798 17947 I photon  : photon_messenger: LAN: Broadcast 117 bytes to 192.168.115.255:4384 (from 192.168.115.50)
12-16 04:50:48.941 17798 17947 I photon  : photon_messenger: LAN: Multicast RX 117 bytes from 192.168.115.50:53344
12-16 04:50:48.942 17798 17947 I photon  : photon_messenger: LAN: Received discovery from 192.168.115.50:53344 (handle_proof: b73d993e..., port: 4383)
12-16 04:50:48.942 17798 17947 I photon  : photon_messenger: LAN: Discovered peer via multicast: 192.168.115.50:53344
12-16 04:50:48.942 17798 17947 I photon  : photon_messenger: LAN: Multicast RX 117 bytes from 192.168.115.50:40622
12-16 04:50:48.942 17798 17947 I photon  : photon_messenger: LAN: Received discovery from 192.168.115.50:40622 (handle_proof: b73d993e..., port: 4383)
12-16 04:50:48.942 17798 17947 I photon  : photon_messenger: LAN: Discovered peer via multicast: 192.168.115.50:40622
12-16 04:50:48.942 17798 17947 I photon  : photon_messenger: LAN: IPv6 Multicast RX 117 bytes from [fe80::1c56:a9ff:fe87:f234%3]:50193
12-16 04:50:48.945 17798 17798 I photon  : photon_messenger: LAN: No contact matches handle_proof b73d993e5836132c (have: fractal decoder=7583b495579fc20c)
12-16 04:50:48.945 17798 17798 I photon  : photon_messenger: LAN: No contact matches handle_proof b73d993e5836132c (have: fractal decoder=7583b495579fc20c)
12-16 04:50:51.863 17798 17798 I photon  : photon_messenger: Network: Triggering FGTW refresh
12-16 04:50:51.863 17798 17858 I photon  : photon_messenger: Network: Refreshing FGTW announcement...
12-16 04:50:52.456 17798 17858 I photon  : photon_messenger: FGTW: Received 4 peer(s)
12-16 04:50:52.457 17798 17858 I photon  : photon_messenger: Network: Refresh updated 4 peer(s)
12-16 04:50:52.462 17798 17798 I photon  : photon_messenger: Network: Refresh got 4 peer(s)
12-16 04:50:52.462 17798 17798 I photon  : photon_messenger: Network: Broadcast ping to 4 peer(s)
12-16 04:50:52.462 17798 17798 I photon  : photon_messenger: Network: Updated fractal decoder IP: Some([::ffff:192.168.115.242]:4383) -> [2607:fb91:15ac:4661:9eb:8436:7625:8c3]:4383
12-16 04:50:52.462 17798 17798 I photon  : photon_messenger: Network: Updated 1 contact IP(s)
12-16 04:50:56.906 17798 17798 I photon  : photon_messenger: Status: Pinged 1 contact(s)
12-16 04:50:56.944 17798 17947 I photon  : photon_messenger: LAN: Multicast 117 bytes to 239.104.199.144:4384
12-16 04:50:56.945 17798 17947 I photon  : photon_messenger: LAN: Multicast 117 bytes to [ff02::68c7:9014]:4384
12-16 04:50:56.947 17798 17947 I photon  : photon_messenger: LAN: Broadcast 117 bytes to 192.168.115.255:4384 (from 192.168.115.50)
12-16 04:50:56.947 17798 17947 I photon  : photon_messenger: LAN: Multicast RX 117 bytes from 192.168.115.50:58090
12-16 04:50:56.947 17798 17947 I photon  : photon_messenger: LAN: Received discovery from 192.168.115.50:58090 (handle_proof: b73d993e..., port: 4383)
12-16 04:50:56.947 17798 17947 I photon  : photon_messenger: LAN: Discovered peer via multicast: 192.168.115.50:58090
12-16 04:50:56.947 17798 17947 I photon  : photon_messenger: LAN: Multicast RX 117 bytes from 192.168.115.50:55106
12-16 04:50:56.947 17798 17947 I photon  : photon_messenger: LAN: Received discovery from 192.168.115.50:55106 (handle_proof: b73d993e..., port: 4383)
12-16 04:50:56.947 17798 17947 I photon  : photon_messenger: LAN: Discovered peer via multicast: 192.168.115.50:55106
12-16 04:50:56.947 17798 17947 I photon  : photon_messenger: LAN: IPv6 Multicast RX 117 bytes from [fe80::1c56:a9ff:fe87:f234%3]:59222
12-16 04:50:56.948 17798 17798 I photon  : photon_messenger: LAN: No contact matches handle_proof b73d993e5836132c (have: fractal decoder=7583b495579fc20c)
12-16 04:50:56.948 17798 17798 I photon  : photon_messenger: LAN: No contact matches handle_proof b73d993e5836132c (have: fractal decoder=7583b495579fc20c)
12-16 04:50:56.989 17798 17798 I photon  : photon_messenger: Status: Updated fractal decoder IP from ping/pong: Some([2607:fb91:15ac:4661:9eb:8436:7625:8c3]:4383) -> [::ffff:192.168.115.242]:4383
12-16 04:50:57.510 17798 17947 I photon  : photon_messenger: Status: TIMEOUT (2/3) - 4bd30e9042bc02be (waiting for more failures before offline)
12-16 04:50:57.510 17798 17947 I photon  : photon_messenger: Status: TIMEOUT (2/3) - 0e89c7b2825f5149 (waiting for more failures before offline)
12-16 04:50:57.510 17798 17947 I photon  : photon_messenger: Status: TIMEOUT (1/3) - 4f0a6b0501a551a4 (waiting for more failures before offline)
12-16 04:50:57.771 17798 17947 I photon  : photon_messenger: LAN: Multicast RX 117 bytes from 192.168.115.242:54405
12-16 04:50:57.771 17798 17947 I photon  : photon_messenger: LAN: Received discovery from 192.168.115.242:54405 (handle_proof: 7583b495..., port: 4383)
12-16 04:50:57.771 17798 17947 I photon  : photon_messenger: LAN: Discovered peer via multicast: 192.168.115.242:54405
12-16 04:50:57.984 17798 17947 I photon  : photon_messenger: LAN: Multicast RX 117 bytes from 192.168.115.242:46354
12-16 04:50:57.984 17798 17947 I photon  : photon_messenger: LAN: Received discovery from 192.168.115.242:46354 (handle_proof: 7583b495..., port: 4383)
12-16 04:50:57.984 17798 17947 I photon  : photon_messenger: LAN: Discovered peer via multicast: 192.168.115.242:46354
12-16 04:51:10.907 17798 17798 I photon  : photon_messenger: Status: Pinged 1 contact(s)
12-16 04:51:10.908 17798 17947 I photon  : photon_messenger: LAN: Multicast 117 bytes to 239.104.199.144:4384
12-16 04:51:10.908 17798 17947 I photon  : photon_messenger: LAN: Multicast 117 bytes to [ff02::68c7:9014]:4384
12-16 04:51:10.910 17798 17947 I photon  : photon_messenger: LAN: Broadcast 117 bytes to 192.168.115.255:4384 (from 192.168.115.50)
12-16 04:51:10.910 17798 17947 I photon  : photon_messenger: LAN: Multicast RX 117 bytes from 192.168.115.50:38274
12-16 04:51:10.910 17798 17947 I photon  : photon_messenger: LAN: Received discovery from 192.168.115.50:38274 (handle_proof: b73d993e..., port: 4383)
12-16 04:51:10.910 17798 17947 I photon  : photon_messenger: LAN: Discovered peer via multicast: 192.168.115.50:38274
12-16 04:51:10.910 17798 17947 I photon  : photon_messenger: LAN: Multicast RX 117 bytes from 192.168.115.50:38397
12-16 04:51:10.910 17798 17947 I photon  : photon_messenger: LAN: Received discovery from 192.168.115.50:38397 (handle_proof: b73d993e..., port: 4383)
12-16 04:51:10.910 17798 17947 I photon  : photon_messenger: LAN: Discovered peer via multicast: 192.168.115.50:38397
12-16 04:51:10.910 17798 17947 I photon  : photon_messenger: LAN: IPv6 Multicast RX 117 bytes from [fe80::1c56:a9ff:fe87:f234%3]:37583
12-16 04:51:10.914 17798 17798 I photon  : photon_messenger: LAN: No contact matches handle_proof b73d993e5836132c (have: fractal decoder=7583b495579fc20c)
12-16 04:51:10.914 17798 17798 I photon  : photon_messenger: LAN: No contact matches handle_proof b73d993e5836132c (have: fractal decoder=7583b495579fc20c)
12-16 04:51:18.913 17798 17798 I photon  : photon_messenger: Status: Pinged 1 contact(s)
12-16 04:51:18.920 17798 17947 I photon  : photon_messenger: LAN: Multicast 117 bytes to 239.104.199.144:4384
12-16 04:51:18.921 17798 17947 I photon  : photon_messenger: LAN: Multicast 117 bytes to [ff02::68c7:9014]:4384
12-16 04:51:18.922 17798 17947 I photon  : photon_messenger: LAN: Broadcast 117 bytes to 192.168.115.255:4384 (from 192.168.115.50)
12-16 04:51:18.923 17798 17947 I photon  : photon_messenger: LAN: Multicast RX 117 bytes from 192.168.115.50:34175
12-16 04:51:18.923 17798 17947 I photon  : photon_messenger: LAN: Received discovery from 192.168.115.50:34175 (handle_proof: b73d993e..., port: 4383)
12-16 04:51:18.923 17798 17947 I photon  : photon_messenger: LAN: Discovered peer via multicast: 192.168.115.50:34175
12-16 04:51:18.923 17798 17947 I photon  : photon_messenger: LAN: Multicast RX 117 bytes from 192.168.115.50:49636
12-16 04:51:18.923 17798 17947 I photon  : photon_messenger: LAN: Received discovery from 192.168.115.50:49636 (handle_proof: b73d993e..., port: 4383)
12-16 04:51:18.923 17798 17947 I photon  : photon_messenger: LAN: Discovered peer via multicast: 192.168.115.50:49636
12-16 04:51:18.923 17798 17947 I photon  : photon_messenger: LAN: IPv6 Multicast RX 117 bytes from [fe80::1c56:a9ff:fe87:f234%3]:46034
12-16 04:51:18.929 17798 17798 I photon  : photon_messenger: LAN: No contact matches handle_proof b73d993e5836132c (have: fractal decoder=7583b495579fc20c)
